Archive member included to satisfy reference by file (symbol)

c:/program files (x86)/atmel/studio/7.0/toolchain/avr8/avr8-gnu-toolchain/bin/../lib/gcc/avr/5.4.0/avr5\libgcc.a(_divmodsi4.o)
                              HAL/LCD.o (__divmodsi4)
c:/program files (x86)/atmel/studio/7.0/toolchain/avr8/avr8-gnu-toolchain/bin/../lib/gcc/avr/5.4.0/avr5\libgcc.a(_negsi2.o)
                              c:/program files (x86)/atmel/studio/7.0/toolchain/avr8/avr8-gnu-toolchain/bin/../lib/gcc/avr/5.4.0/avr5\libgcc.a(_divmodsi4.o) (__negsi2)
c:/program files (x86)/atmel/studio/7.0/toolchain/avr8/avr8-gnu-toolchain/bin/../lib/gcc/avr/5.4.0/avr5\libgcc.a(_exit.o)
                              C:/Program Files (x86)/Atmel/Studio/7.0/Packs/atmel/ATmega_DFP/1.7.374/gcc/dev/atmega32/avr5/crtatmega32.o (exit)
c:/program files (x86)/atmel/studio/7.0/toolchain/avr8/avr8-gnu-toolchain/bin/../lib/gcc/avr/5.4.0/avr5\libgcc.a(_tablejump2.o)
                              HAL/LCD.o (__tablejump2__)
c:/program files (x86)/atmel/studio/7.0/toolchain/avr8/avr8-gnu-toolchain/bin/../lib/gcc/avr/5.4.0/avr5\libgcc.a(_copy_data.o)
                              FreeRTOS/Sources/tasks.o (__do_copy_data)
c:/program files (x86)/atmel/studio/7.0/toolchain/avr8/avr8-gnu-toolchain/bin/../lib/gcc/avr/5.4.0/avr5\libgcc.a(_clear_bss.o)
                              FreeRTOS/Sources/croutine.o (__do_clear_bss)
c:/program files (x86)/atmel/studio/7.0/toolchain/avr8/avr8-gnu-toolchain/bin/../lib/gcc/avr/5.4.0/avr5\libgcc.a(_umulhisi3.o)
                              HAL/LCD.o (__umulhisi3)
c:/program files (x86)/atmel/studio/7.0/toolchain/avr8/avr8-gnu-toolchain/bin/../lib/gcc/avr/5.4.0/avr5\libgcc.a(_udivmodsi4.o)
                              c:/program files (x86)/atmel/studio/7.0/toolchain/avr8/avr8-gnu-toolchain/bin/../lib/gcc/avr/5.4.0/avr5\libgcc.a(_divmodsi4.o) (__udivmodsi4)
c:/program files (x86)/atmel/studio/7.0/toolchain/avr8/avr8-gnu-toolchain/bin/../lib/gcc/avr/5.4.0/../../../../avr/lib/avr5\libc.a(memcpy.o)
                              FreeRTOS/Sources/queue.o (memcpy)
c:/program files (x86)/atmel/studio/7.0/toolchain/avr8/avr8-gnu-toolchain/bin/../lib/gcc/avr/5.4.0/../../../../avr/lib/avr5\libc.a(memset.o)
                              FreeRTOS/Sources/tasks.o (memset)
c:/program files (x86)/atmel/studio/7.0/toolchain/avr8/avr8-gnu-toolchain/bin/../lib/gcc/avr/5.4.0/../../../../avr/lib/avr5\libc.a(strncpy.o)
                              FreeRTOS/Sources/tasks.o (strncpy)

Discarded input sections

 .data          0x00000000        0x0 C:/Program Files (x86)/Atmel/Studio/7.0/Packs/atmel/ATmega_DFP/1.7.374/gcc/dev/atmega32/avr5/crtatmega32.o
 .bss           0x00000000        0x0 C:/Program Files (x86)/Atmel/Studio/7.0/Packs/atmel/ATmega_DFP/1.7.374/gcc/dev/atmega32/avr5/crtatmega32.o
 .text          0x00000000        0x0 FreeRTOS/Sources/croutine.o
 .data          0x00000000        0x0 FreeRTOS/Sources/croutine.o
 .bss           0x00000000        0x0 FreeRTOS/Sources/croutine.o
 .text.prvInitialiseCoRoutineLists
                0x00000000       0x5e FreeRTOS/Sources/croutine.o
 .text.prvCheckPendingReadyList
                0x00000000       0x6c FreeRTOS/Sources/croutine.o
 .text.prvCheckDelayedList
                0x00000000      0x106 FreeRTOS/Sources/croutine.o
 .text.xCoRoutineCreate
                0x00000000       0xba FreeRTOS/Sources/croutine.o
 .text.vCoRoutineAddToDelayedList
                0x00000000       0x86 FreeRTOS/Sources/croutine.o
 .text.vCoRoutineSchedule
                0x00000000       0xb0 FreeRTOS/Sources/croutine.o
 .text.xCoRoutineRemoveFromEventList
                0x00000000       0x4c FreeRTOS/Sources/croutine.o
 .bss.xPassedTicks
                0x00000000        0x2 FreeRTOS/Sources/croutine.o
 .bss.xLastTickCount
                0x00000000        0x2 FreeRTOS/Sources/croutine.o
 .bss.xCoRoutineTickCount
                0x00000000        0x2 FreeRTOS/Sources/croutine.o
 .bss.uxTopCoRoutineReadyPriority
                0x00000000        0x1 FreeRTOS/Sources/croutine.o
 .bss.pxCurrentCoRoutine
                0x00000000        0x2 FreeRTOS/Sources/croutine.o
 .bss.xPendingReadyCoRoutineList
                0x00000000        0x9 FreeRTOS/Sources/croutine.o
 .bss.pxOverflowDelayedCoRoutineList
                0x00000000        0x2 FreeRTOS/Sources/croutine.o
 .bss.pxDelayedCoRoutineList
                0x00000000        0x2 FreeRTOS/Sources/croutine.o
 .bss.xDelayedCoRoutineList2
                0x00000000        0x9 FreeRTOS/Sources/croutine.o
 .bss.xDelayedCoRoutineList1
                0x00000000        0x9 FreeRTOS/Sources/croutine.o
 .bss.pxReadyCoRoutineLists
                0x00000000       0x12 FreeRTOS/Sources/croutine.o
 .debug_info    0x00000000      0x71c FreeRTOS/Sources/croutine.o
 .debug_abbrev  0x00000000      0x205 FreeRTOS/Sources/croutine.o
 .debug_loc     0x00000000      0x3f0 FreeRTOS/Sources/croutine.o
 .debug_aranges
                0x00000000       0x50 FreeRTOS/Sources/croutine.o
 .debug_ranges  0x00000000       0x40 FreeRTOS/Sources/croutine.o
 .debug_line    0x00000000      0x366 FreeRTOS/Sources/croutine.o
 .debug_str     0x00000000      0x567 FreeRTOS/Sources/croutine.o
 .comment       0x00000000       0x31 FreeRTOS/Sources/croutine.o
 .debug_frame   0x00000000      0x100 FreeRTOS/Sources/croutine.o
 .text          0x00000000        0x0 FreeRTOS/Sources/heap_1.o
 .data          0x00000000        0x0 FreeRTOS/Sources/heap_1.o
 .bss           0x00000000        0x0 FreeRTOS/Sources/heap_1.o
 .text.vPortInitialiseBlocks
                0x00000000        0xa FreeRTOS/Sources/heap_1.o
 .text.xPortGetFreeHeapSize
                0x00000000       0x12 FreeRTOS/Sources/heap_1.o
 .text          0x00000000        0x0 FreeRTOS/Sources/list.o
 .data          0x00000000        0x0 FreeRTOS/Sources/list.o
 .bss           0x00000000        0x0 FreeRTOS/Sources/list.o
 .text          0x00000000        0x0 FreeRTOS/Sources/port.o
 .data          0x00000000        0x0 FreeRTOS/Sources/port.o
 .bss           0x00000000        0x0 FreeRTOS/Sources/port.o
 .text.vPortEndScheduler
                0x00000000        0x2 FreeRTOS/Sources/port.o
 .text          0x00000000        0x0 FreeRTOS/Sources/queue.o
 .data          0x00000000        0x0 FreeRTOS/Sources/queue.o
 .bss           0x00000000        0x0 FreeRTOS/Sources/queue.o
 .text.xQueueCreateCountingSemaphore
                0x00000000       0x16 FreeRTOS/Sources/queue.o
 .text.xQueueGenericSendFromISR
                0x00000000       0x58 FreeRTOS/Sources/queue.o
 .text.xQueueReceiveFromISR
                0x00000000       0x5a FreeRTOS/Sources/queue.o
 .text.uxQueueMessagesWaiting
                0x00000000       0x10 FreeRTOS/Sources/queue.o
 .text.uxQueueMessagesWaitingFromISR
                0x00000000        0x6 FreeRTOS/Sources/queue.o
 .text.vQueueDelete
                0x00000000       0x1a FreeRTOS/Sources/queue.o
 .text.xQueueIsQueueEmptyFromISR
                0x00000000        0xc FreeRTOS/Sources/queue.o
 .text.xQueueIsQueueFullFromISR
                0x00000000        0xe FreeRTOS/Sources/queue.o
 .text          0x00000000        0x0 FreeRTOS/Sources/tasks.o
 .data          0x00000000        0x0 FreeRTOS/Sources/tasks.o
 .bss           0x00000000        0x0 FreeRTOS/Sources/tasks.o
 .text.vTaskDelete
                0x00000000       0x96 FreeRTOS/Sources/tasks.o
 .text.vTaskEndScheduler
                0x00000000        0xc FreeRTOS/Sources/tasks.o
 .text.xTaskGetTickCount
                0x00000000       0x14 FreeRTOS/Sources/tasks.o
 .text.xTaskGetTickCountFromISR
                0x00000000        0xa FreeRTOS/Sources/tasks.o
 .text.uxTaskGetNumberOfTasks
                0x00000000        0x6 FreeRTOS/Sources/tasks.o
 .text.vTaskDelayUntil
                0x00000000       0x9a FreeRTOS/Sources/tasks.o
 .text          0x00000000        0x0 FreeRTOS/Sources/timers.o
 .data          0x00000000        0x0 FreeRTOS/Sources/timers.o
 .bss           0x00000000        0x0 FreeRTOS/Sources/timers.o
 .debug_info    0x00000000       0x6b FreeRTOS/Sources/timers.o
 .debug_abbrev  0x00000000       0x26 FreeRTOS/Sources/timers.o
 .debug_aranges
                0x00000000       0x18 FreeRTOS/Sources/timers.o
 .debug_line    0x00000000       0x1a FreeRTOS/Sources/timers.o
 .debug_str     0x00000000      0x1bd FreeRTOS/Sources/timers.o
 .comment       0x00000000       0x31 FreeRTOS/Sources/timers.o
 .text          0x00000000        0x0 HAL/LCD.o
 .data          0x00000000        0x0 HAL/LCD.o
 .bss           0x00000000        0x0 HAL/LCD.o
 .text.LCD_Clear
                0x00000000       0x14 HAL/LCD.o
 .text.LCD_Clear_With_Began
                0x00000000       0x34 HAL/LCD.o
 .text.string_length
                0x00000000       0x16 HAL/LCD.o
 .rodata        0x00000000        0x8 HAL/LCD.o
 .text.set_CGRam
                0x00000000       0x50 HAL/LCD.o
 .text.LCD_SetCursor_1
                0x00000000      0x138 HAL/LCD.o
 .progmem.gcc_sw_table.LCD_SetCursor_1
                0x00000000       0x40 HAL/LCD.o
 .text.LCD_WriteBinary_1
                0x00000000       0x7c HAL/LCD.o
 .text.LCD_WriteNumberBinary_2
                0x00000000       0x30 HAL/LCD.o
 .text.LCD_WriteNumberBinary_3
                0x00000000       0x40 HAL/LCD.o
 .text.LCD_WriteHex
                0x00000000       0x8c HAL/LCD.o
 .text.LCD_WriteNumber_4D
                0x00000000      0x142 HAL/LCD.o
 .text.LCD_CreateCharacter
                0x00000000       0x36 HAL/LCD.o
 .text.LCD_WriteNumber_SetCursor
                0x00000000       0x26 HAL/LCD.o
 .bss.LCD_Count
                0x00000000        0x1 HAL/LCD.o
 .text          0x00000000        0x0 main.o
 .data          0x00000000        0x0 main.o
 .bss           0x00000000        0x0 main.o
 .text          0x00000000        0x0 MCAL/DIO.o
 .data          0x00000000        0x0 MCAL/DIO.o
 .bss           0x00000000        0x0 MCAL/DIO.o
 .text.DIO_WritePort
                0x00000000       0x20 MCAL/DIO.o
 .text          0x00000000        0x0 MCAL/DIO_Lcfg.o
 .data          0x00000000        0x0 MCAL/DIO_Lcfg.o
 .bss           0x00000000        0x0 MCAL/DIO_Lcfg.o
 .text          0x00000000        0x0 MyTasks.o
 .data          0x00000000        0x0 MyTasks.o
 .bss           0x00000000        0x0 MyTasks.o
 .text          0x00000000        0x0 c:/program files (x86)/atmel/studio/7.0/toolchain/avr8/avr8-gnu-toolchain/bin/../lib/gcc/avr/5.4.0/avr5\libgcc.a(_divmodsi4.o)
 .data          0x00000000        0x0 c:/program files (x86)/atmel/studio/7.0/toolchain/avr8/avr8-gnu-toolchain/bin/../lib/gcc/avr/5.4.0/avr5\libgcc.a(_divmodsi4.o)
 .bss           0x00000000        0x0 c:/program files (x86)/atmel/studio/7.0/toolchain/avr8/avr8-gnu-toolchain/bin/../lib/gcc/avr/5.4.0/avr5\libgcc.a(_divmodsi4.o)
 .text.libgcc.mul
                0x00000000        0x0 c:/program files (x86)/atmel/studio/7.0/toolchain/avr8/avr8-gnu-toolchain/bin/../lib/gcc/avr/5.4.0/avr5\libgcc.a(_divmodsi4.o)
 .text.libgcc   0x00000000        0x0 c:/program files (x86)/atmel/studio/7.0/toolchain/avr8/avr8-gnu-toolchain/bin/../lib/gcc/avr/5.4.0/avr5\libgcc.a(_divmodsi4.o)
 .text.libgcc.prologue
                0x00000000        0x0 c:/program files (x86)/atmel/studio/7.0/toolchain/avr8/avr8-gnu-toolchain/bin/../lib/gcc/avr/5.4.0/avr5\libgcc.a(_divmodsi4.o)
 .text.libgcc.builtins
                0x00000000        0x0 c:/program files (x86)/atmel/studio/7.0/toolchain/avr8/avr8-gnu-toolchain/bin/../lib/gcc/avr/5.4.0/avr5\libgcc.a(_divmodsi4.o)
 .text.libgcc.fmul
                0x00000000        0x0 c:/program files (x86)/atmel/studio/7.0/toolchain/avr8/avr8-gnu-toolchain/bin/../lib/gcc/avr/5.4.0/avr5\libgcc.a(_divmodsi4.o)
 .text.libgcc.fixed
                0x00000000        0x0 c:/program files (x86)/atmel/studio/7.0/toolchain/avr8/avr8-gnu-toolchain/bin/../lib/gcc/avr/5.4.0/avr5\libgcc.a(_divmodsi4.o)
 .text          0x00000000        0x0 c:/program files (x86)/atmel/studio/7.0/toolchain/avr8/avr8-gnu-toolchain/bin/../lib/gcc/avr/5.4.0/avr5\libgcc.a(_negsi2.o)
 .data          0x00000000        0x0 c:/program files (x86)/atmel/studio/7.0/toolchain/avr8/avr8-gnu-toolchain/bin/../lib/gcc/avr/5.4.0/avr5\libgcc.a(_negsi2.o)
 .bss           0x00000000        0x0 c:/program files (x86)/atmel/studio/7.0/toolchain/avr8/avr8-gnu-toolchain/bin/../lib/gcc/avr/5.4.0/avr5\libgcc.a(_negsi2.o)
 .text.libgcc.mul
                0x00000000        0x0 c:/program files (x86)/atmel/studio/7.0/toolchain/avr8/avr8-gnu-toolchain/bin/../lib/gcc/avr/5.4.0/avr5\libgcc.a(_negsi2.o)
 .text.libgcc   0x00000000        0x0 c:/program files (x86)/atmel/studio/7.0/toolchain/avr8/avr8-gnu-toolchain/bin/../lib/gcc/avr/5.4.0/avr5\libgcc.a(_negsi2.o)
 .text.libgcc.prologue
                0x00000000        0x0 c:/program files (x86)/atmel/studio/7.0/toolchain/avr8/avr8-gnu-toolchain/bin/../lib/gcc/avr/5.4.0/avr5\libgcc.a(_negsi2.o)
 .text.libgcc.builtins
                0x00000000        0x0 c:/program files (x86)/atmel/studio/7.0/toolchain/avr8/avr8-gnu-toolchain/bin/../lib/gcc/avr/5.4.0/avr5\libgcc.a(_negsi2.o)
 .text.libgcc.fmul
                0x00000000        0x0 c:/program files (x86)/atmel/studio/7.0/toolchain/avr8/avr8-gnu-toolchain/bin/../lib/gcc/avr/5.4.0/avr5\libgcc.a(_negsi2.o)
 .text.libgcc.fixed
                0x00000000        0x0 c:/program files (x86)/atmel/studio/7.0/toolchain/avr8/avr8-gnu-toolchain/bin/../lib/gcc/avr/5.4.0/avr5\libgcc.a(_negsi2.o)
 .text          0x00000000        0x0 c:/program files (x86)/atmel/studio/7.0/toolchain/avr8/avr8-gnu-toolchain/bin/../lib/gcc/avr/5.4.0/avr5\libgcc.a(_exit.o)
 .data          0x00000000        0x0 c:/program files (x86)/atmel/studio/7.0/toolchain/avr8/avr8-gnu-toolchain/bin/../lib/gcc/avr/5.4.0/avr5\libgcc.a(_exit.o)
 .bss           0x00000000        0x0 c:/program files (x86)/atmel/studio/7.0/toolchain/avr8/avr8-gnu-toolchain/bin/../lib/gcc/avr/5.4.0/avr5\libgcc.a(_exit.o)
 .text.libgcc.mul
                0x00000000        0x0 c:/program files (x86)/atmel/studio/7.0/toolchain/avr8/avr8-gnu-toolchain/bin/../lib/gcc/avr/5.4.0/avr5\libgcc.a(_exit.o)
 .text.libgcc.div
                0x00000000        0x0 c:/program files (x86)/atmel/studio/7.0/toolchain/avr8/avr8-gnu-toolchain/bin/../lib/gcc/avr/5.4.0/avr5\libgcc.a(_exit.o)
 .text.libgcc   0x00000000        0x0 c:/program files (x86)/atmel/studio/7.0/toolchain/avr8/avr8-gnu-toolchain/bin/../lib/gcc/avr/5.4.0/avr5\libgcc.a(_exit.o)
 .text.libgcc.prologue
                0x00000000        0x0 c:/program files (x86)/atmel/studio/7.0/toolchain/avr8/avr8-gnu-toolchain/bin/../lib/gcc/avr/5.4.0/avr5\libgcc.a(_exit.o)
 .text.libgcc.builtins
                0x00000000        0x0 c:/program files (x86)/atmel/studio/7.0/toolchain/avr8/avr8-gnu-toolchain/bin/../lib/gcc/avr/5.4.0/avr5\libgcc.a(_exit.o)
 .text.libgcc.fmul
                0x00000000        0x0 c:/program files (x86)/atmel/studio/7.0/toolchain/avr8/avr8-gnu-toolchain/bin/../lib/gcc/avr/5.4.0/avr5\libgcc.a(_exit.o)
 .text.libgcc.fixed
                0x00000000        0x0 c:/program files (x86)/atmel/studio/7.0/toolchain/avr8/avr8-gnu-toolchain/bin/../lib/gcc/avr/5.4.0/avr5\libgcc.a(_exit.o)
 .text          0x00000000        0x0 c:/program files (x86)/atmel/studio/7.0/toolchain/avr8/avr8-gnu-toolchain/bin/../lib/gcc/avr/5.4.0/avr5\libgcc.a(_tablejump2.o)
 .data          0x00000000        0x0 c:/program files (x86)/atmel/studio/7.0/toolchain/avr8/avr8-gnu-toolchain/bin/../lib/gcc/avr/5.4.0/avr5\libgcc.a(_tablejump2.o)
 .bss           0x00000000        0x0 c:/program files (x86)/atmel/studio/7.0/toolchain/avr8/avr8-gnu-toolchain/bin/../lib/gcc/avr/5.4.0/avr5\libgcc.a(_tablejump2.o)
 .text.libgcc.mul
                0x00000000        0x0 c:/program files (x86)/atmel/studio/7.0/toolchain/avr8/avr8-gnu-toolchain/bin/../lib/gcc/avr/5.4.0/avr5\libgcc.a(_tablejump2.o)
 .text.libgcc.div
                0x00000000        0x0 c:/program files (x86)/atmel/studio/7.0/toolchain/avr8/avr8-gnu-toolchain/bin/../lib/gcc/avr/5.4.0/avr5\libgcc.a(_tablejump2.o)
 .text.libgcc   0x00000000        0xc c:/program files (x86)/atmel/studio/7.0/toolchain/avr8/avr8-gnu-toolchain/bin/../lib/gcc/avr/5.4.0/avr5\libgcc.a(_tablejump2.o)
 .text.libgcc.prologue
                0x00000000        0x0 c:/program files (x86)/atmel/studio/7.0/toolchain/avr8/avr8-gnu-toolchain/bin/../lib/gcc/avr/5.4.0/avr5\libgcc.a(_tablejump2.o)
 .text.libgcc.builtins
                0x00000000        0x0 c:/program files (x86)/atmel/studio/7.0/toolchain/avr8/avr8-gnu-toolchain/bin/../lib/gcc/avr/5.4.0/avr5\libgcc.a(_tablejump2.o)
 .text.libgcc.fmul
                0x00000000        0x0 c:/program files (x86)/atmel/studio/7.0/toolchain/avr8/avr8-gnu-toolchain/bin/../lib/gcc/avr/5.4.0/avr5\libgcc.a(_tablejump2.o)
 .text.libgcc.fixed
                0x00000000        0x0 c:/program files (x86)/atmel/studio/7.0/toolchain/avr8/avr8-gnu-toolchain/bin/../lib/gcc/avr/5.4.0/avr5\libgcc.a(_tablejump2.o)
 .text          0x00000000        0x0 c:/program files (x86)/atmel/studio/7.0/toolchain/avr8/avr8-gnu-toolchain/bin/../lib/gcc/avr/5.4.0/avr5\libgcc.a(_copy_data.o)
 .data          0x00000000        0x0 c:/program files (x86)/atmel/studio/7.0/toolchain/avr8/avr8-gnu-toolchain/bin/../lib/gcc/avr/5.4.0/avr5\libgcc.a(_copy_data.o)
 .bss           0x00000000        0x0 c:/program files (x86)/atmel/studio/7.0/toolchain/avr8/avr8-gnu-toolchain/bin/../lib/gcc/avr/5.4.0/avr5\libgcc.a(_copy_data.o)
 .text.libgcc.mul
                0x00000000        0x0 c:/program files (x86)/atmel/studio/7.0/toolchain/avr8/avr8-gnu-toolchain/bin/../lib/gcc/avr/5.4.0/avr5\libgcc.a(_copy_data.o)
 .text.libgcc.div
                0x00000000        0x0 c:/program files (x86)/atmel/studio/7.0/toolchain/avr8/avr8-gnu-toolchain/bin/../lib/gcc/avr/5.4.0/avr5\libgcc.a(_copy_data.o)
 .text.libgcc   0x00000000        0x0 c:/program files (x86)/atmel/studio/7.0/toolchain/avr8/avr8-gnu-toolchain/bin/../lib/gcc/avr/5.4.0/avr5\libgcc.a(_copy_data.o)
 .text.libgcc.prologue
                0x00000000        0x0 c:/program files (x86)/atmel/studio/7.0/toolchain/avr8/avr8-gnu-toolchain/bin/../lib/gcc/avr/5.4.0/avr5\libgcc.a(_copy_data.o)
 .text.libgcc.builtins
                0x00000000        0x0 c:/program files (x86)/atmel/studio/7.0/toolchain/avr8/avr8-gnu-toolchain/bin/../lib/gcc/avr/5.4.0/avr5\libgcc.a(_copy_data.o)
 .text.libgcc.fmul
                0x00000000        0x0 c:/program files (x86)/atmel/studio/7.0/toolchain/avr8/avr8-gnu-toolchain/bin/../lib/gcc/avr/5.4.0/avr5\libgcc.a(_copy_data.o)
 .text.libgcc.fixed
                0x00000000        0x0 c:/program files (x86)/atmel/studio/7.0/toolchain/avr8/avr8-gnu-toolchain/bin/../lib/gcc/avr/5.4.0/avr5\libgcc.a(_copy_data.o)
 .text          0x00000000        0x0 c:/program files (x86)/atmel/studio/7.0/toolchain/avr8/avr8-gnu-toolchain/bin/../lib/gcc/avr/5.4.0/avr5\libgcc.a(_clear_bss.o)
 .data          0x00000000        0x0 c:/program files (x86)/atmel/studio/7.0/toolchain/avr8/avr8-gnu-toolchain/bin/../lib/gcc/avr/5.4.0/avr5\libgcc.a(_clear_bss.o)
 .bss           0x00000000        0x0 c:/program files (x86)/atmel/studio/7.0/toolchain/avr8/avr8-gnu-toolchain/bin/../lib/gcc/avr/5.4.0/avr5\libgcc.a(_clear_bss.o)
 .text.libgcc.mul
                0x00000000        0x0 c:/program files (x86)/atmel/studio/7.0/toolchain/avr8/avr8-gnu-toolchain/bin/../lib/gcc/avr/5.4.0/avr5\libgcc.a(_clear_bss.o)
 .text.libgcc.div
                0x00000000        0x0 c:/program files (x86)/atmel/studio/7.0/toolchain/avr8/avr8-gnu-toolchain/bin/../lib/gcc/avr/5.4.0/avr5\libgcc.a(_clear_bss.o)
 .text.libgcc   0x00000000        0x0 c:/program files (x86)/atmel/studio/7.0/toolchain/avr8/avr8-gnu-toolchain/bin/../lib/gcc/avr/5.4.0/avr5\libgcc.a(_clear_bss.o)
 .text.libgcc.prologue
                0x00000000        0x0 c:/program files (x86)/atmel/studio/7.0/toolchain/avr8/avr8-gnu-toolchain/bin/../lib/gcc/avr/5.4.0/avr5\libgcc.a(_clear_bss.o)
 .text.libgcc.builtins
                0x00000000        0x0 c:/program files (x86)/atmel/studio/7.0/toolchain/avr8/avr8-gnu-toolchain/bin/../lib/gcc/avr/5.4.0/avr5\libgcc.a(_clear_bss.o)
 .text.libgcc.fmul
                0x00000000        0x0 c:/program files (x86)/atmel/studio/7.0/toolchain/avr8/avr8-gnu-toolchain/bin/../lib/gcc/avr/5.4.0/avr5\libgcc.a(_clear_bss.o)
 .text.libgcc.fixed
                0x00000000        0x0 c:/program files (x86)/atmel/studio/7.0/toolchain/avr8/avr8-gnu-toolchain/bin/../lib/gcc/avr/5.4.0/avr5\libgcc.a(_clear_bss.o)
 .text          0x00000000        0x0 c:/program files (x86)/atmel/studio/7.0/toolchain/avr8/avr8-gnu-toolchain/bin/../lib/gcc/avr/5.4.0/avr5\libgcc.a(_umulhisi3.o)
 .data          0x00000000        0x0 c:/program files (x86)/atmel/studio/7.0/toolchain/avr8/avr8-gnu-toolchain/bin/../lib/gcc/avr/5.4.0/avr5\libgcc.a(_umulhisi3.o)
 .bss           0x00000000        0x0 c:/program files (x86)/atmel/studio/7.0/toolchain/avr8/avr8-gnu-toolchain/bin/../lib/gcc/avr/5.4.0/avr5\libgcc.a(_umulhisi3.o)
 .text.libgcc.mul
                0x00000000       0x1e c:/program files (x86)/atmel/studio/7.0/toolchain/avr8/avr8-gnu-toolchain/bin/../lib/gcc/avr/5.4.0/avr5\libgcc.a(_umulhisi3.o)
 .text.libgcc.div
                0x00000000        0x0 c:/program files (x86)/atmel/studio/7.0/toolchain/avr8/avr8-gnu-toolchain/bin/../lib/gcc/avr/5.4.0/avr5\libgcc.a(_umulhisi3.o)
 .text.libgcc   0x00000000        0x0 c:/program files (x86)/atmel/studio/7.0/toolchain/avr8/avr8-gnu-toolchain/bin/../lib/gcc/avr/5.4.0/avr5\libgcc.a(_umulhisi3.o)
 .text.libgcc.prologue
                0x00000000        0x0 c:/program files (x86)/atmel/studio/7.0/toolchain/avr8/avr8-gnu-toolchain/bin/../lib/gcc/avr/5.4.0/avr5\libgcc.a(_umulhisi3.o)
 .text.libgcc.builtins
                0x00000000        0x0 c:/program files (x86)/atmel/studio/7.0/toolchain/avr8/avr8-gnu-toolchain/bin/../lib/gcc/avr/5.4.0/avr5\libgcc.a(_umulhisi3.o)
 .text.libgcc.fmul
                0x00000000        0x0 c:/program files (x86)/atmel/studio/7.0/toolchain/avr8/avr8-gnu-toolchain/bin/../lib/gcc/avr/5.4.0/avr5\libgcc.a(_umulhisi3.o)
 .text.libgcc.fixed
                0x00000000        0x0 c:/program files (x86)/atmel/studio/7.0/toolchain/avr8/avr8-gnu-toolchain/bin/../lib/gcc/avr/5.4.0/avr5\libgcc.a(_umulhisi3.o)
 .text          0x00000000        0x0 c:/program files (x86)/atmel/studio/7.0/toolchain/avr8/avr8-gnu-toolchain/bin/../lib/gcc/avr/5.4.0/avr5\libgcc.a(_udivmodsi4.o)
 .data          0x00000000        0x0 c:/program files (x86)/atmel/studio/7.0/toolchain/avr8/avr8-gnu-toolchain/bin/../lib/gcc/avr/5.4.0/avr5\libgcc.a(_udivmodsi4.o)
 .bss           0x00000000        0x0 c:/program files (x86)/atmel/studio/7.0/toolchain/avr8/avr8-gnu-toolchain/bin/../lib/gcc/avr/5.4.0/avr5\libgcc.a(_udivmodsi4.o)
 .text.libgcc.mul
                0x00000000        0x0 c:/program files (x86)/atmel/studio/7.0/toolchain/avr8/avr8-gnu-toolchain/bin/../lib/gcc/avr/5.4.0/avr5\libgcc.a(_udivmodsi4.o)
 .text.libgcc   0x00000000        0x0 c:/program files (x86)/atmel/studio/7.0/toolchain/avr8/avr8-gnu-toolchain/bin/../lib/gcc/avr/5.4.0/avr5\libgcc.a(_udivmodsi4.o)
 .text.libgcc.prologue
                0x00000000        0x0 c:/program files (x86)/atmel/studio/7.0/toolchain/avr8/avr8-gnu-toolchain/bin/../lib/gcc/avr/5.4.0/avr5\libgcc.a(_udivmodsi4.o)
 .text.libgcc.builtins
                0x00000000        0x0 c:/program files (x86)/atmel/studio/7.0/toolchain/avr8/avr8-gnu-toolchain/bin/../lib/gcc/avr/5.4.0/avr5\libgcc.a(_udivmodsi4.o)
 .text.libgcc.fmul
                0x00000000        0x0 c:/program files (x86)/atmel/studio/7.0/toolchain/avr8/avr8-gnu-toolchain/bin/../lib/gcc/avr/5.4.0/avr5\libgcc.a(_udivmodsi4.o)
 .text.libgcc.fixed
                0x00000000        0x0 c:/program files (x86)/atmel/studio/7.0/toolchain/avr8/avr8-gnu-toolchain/bin/../lib/gcc/avr/5.4.0/avr5\libgcc.a(_udivmodsi4.o)
 .text          0x00000000        0x0 c:/program files (x86)/atmel/studio/7.0/toolchain/avr8/avr8-gnu-toolchain/bin/../lib/gcc/avr/5.4.0/../../../../avr/lib/avr5\libc.a(memcpy.o)
 .data          0x00000000        0x0 c:/program files (x86)/atmel/studio/7.0/toolchain/avr8/avr8-gnu-toolchain/bin/../lib/gcc/avr/5.4.0/../../../../avr/lib/avr5\libc.a(memcpy.o)
 .bss           0x00000000        0x0 c:/program files (x86)/atmel/studio/7.0/toolchain/avr8/avr8-gnu-toolchain/bin/../lib/gcc/avr/5.4.0/../../../../avr/lib/avr5\libc.a(memcpy.o)
 .text          0x00000000        0x0 c:/program files (x86)/atmel/studio/7.0/toolchain/avr8/avr8-gnu-toolchain/bin/../lib/gcc/avr/5.4.0/../../../../avr/lib/avr5\libc.a(memset.o)
 .data          0x00000000        0x0 c:/program files (x86)/atmel/studio/7.0/toolchain/avr8/avr8-gnu-toolchain/bin/../lib/gcc/avr/5.4.0/../../../../avr/lib/avr5\libc.a(memset.o)
 .bss           0x00000000        0x0 c:/program files (x86)/atmel/studio/7.0/toolchain/avr8/avr8-gnu-toolchain/bin/../lib/gcc/avr/5.4.0/../../../../avr/lib/avr5\libc.a(memset.o)
 .text          0x00000000        0x0 c:/program files (x86)/atmel/studio/7.0/toolchain/avr8/avr8-gnu-toolchain/bin/../lib/gcc/avr/5.4.0/../../../../avr/lib/avr5\libc.a(strncpy.o)
 .data          0x00000000        0x0 c:/program files (x86)/atmel/studio/7.0/toolchain/avr8/avr8-gnu-toolchain/bin/../lib/gcc/avr/5.4.0/../../../../avr/lib/avr5\libc.a(strncpy.o)
 .bss           0x00000000        0x0 c:/program files (x86)/atmel/studio/7.0/toolchain/avr8/avr8-gnu-toolchain/bin/../lib/gcc/avr/5.4.0/../../../../avr/lib/avr5\libc.a(strncpy.o)

Memory Configuration

Name             Origin             Length             Attributes
text             0x00000000         0x00008000         xr
data             0x00800060         0x00000800         rw !x
eeprom           0x00810000         0x00000400         rw !x
fuse             0x00820000         0x00000002         rw !x
lock             0x00830000         0x00000400         rw !x
signature        0x00840000         0x00000400         rw !x
user_signatures  0x00850000         0x00000400         rw !x
*default*        0x00000000         0xffffffff

Linker script and memory map

LOAD C:/Program Files (x86)/Atmel/Studio/7.0/Packs/atmel/ATmega_DFP/1.7.374/gcc/dev/atmega32/avr5/crtatmega32.o
LOAD FreeRTOS/Sources/croutine.o
LOAD FreeRTOS/Sources/heap_1.o
LOAD FreeRTOS/Sources/list.o
LOAD FreeRTOS/Sources/port.o
LOAD FreeRTOS/Sources/queue.o
LOAD FreeRTOS/Sources/tasks.o
LOAD FreeRTOS/Sources/timers.o
LOAD HAL/LCD.o
LOAD main.o
LOAD MCAL/DIO.o
LOAD MCAL/DIO_Lcfg.o
LOAD MyTasks.o
START GROUP
LOAD c:/program files (x86)/atmel/studio/7.0/toolchain/avr8/avr8-gnu-toolchain/bin/../lib/gcc/avr/5.4.0/../../../../avr/lib/avr5\libm.a
END GROUP
START GROUP
LOAD c:/program files (x86)/atmel/studio/7.0/toolchain/avr8/avr8-gnu-toolchain/bin/../lib/gcc/avr/5.4.0/avr5\libgcc.a
LOAD c:/program files (x86)/atmel/studio/7.0/toolchain/avr8/avr8-gnu-toolchain/bin/../lib/gcc/avr/5.4.0/../../../../avr/lib/avr5\libm.a
LOAD c:/program files (x86)/atmel/studio/7.0/toolchain/avr8/avr8-gnu-toolchain/bin/../lib/gcc/avr/5.4.0/../../../../avr/lib/avr5\libc.a
LOAD C:/Program Files (x86)/Atmel/Studio/7.0/Packs/atmel/ATmega_DFP/1.7.374/gcc/dev/atmega32/avr5\libatmega32.a
END GROUP
                0x00000000                __TEXT_REGION_ORIGIN__ = DEFINED (__TEXT_REGION_ORIGIN__)?__TEXT_REGION_ORIGIN__:0x0
                [0x00800060]                __DATA_REGION_ORIGIN__ = DEFINED (__DATA_REGION_ORIGIN__)?__DATA_REGION_ORIGIN__:0x800060
                [0x00008000]                __TEXT_REGION_LENGTH__ = DEFINED (__TEXT_REGION_LENGTH__)?__TEXT_REGION_LENGTH__:0x20000
                [0x00000800]                __DATA_REGION_LENGTH__ = DEFINED (__DATA_REGION_LENGTH__)?__DATA_REGION_LENGTH__:0xffa0
                [0x00000400]                __EEPROM_REGION_LENGTH__ = DEFINED (__EEPROM_REGION_LENGTH__)?__EEPROM_REGION_LENGTH__:0x10000
                [0x00000002]                __FUSE_REGION_LENGTH__ = DEFINED (__FUSE_REGION_LENGTH__)?__FUSE_REGION_LENGTH__:0x400
                0x00000400                __LOCK_REGION_LENGTH__ = DEFINED (__LOCK_REGION_LENGTH__)?__LOCK_REGION_LENGTH__:0x400
                0x00000400                __SIGNATURE_REGION_LENGTH__ = DEFINED (__SIGNATURE_REGION_LENGTH__)?__SIGNATURE_REGION_LENGTH__:0x400
                0x00000400                __USER_SIGNATURE_REGION_LENGTH__ = DEFINED (__USER_SIGNATURE_REGION_LENGTH__)?__USER_SIGNATURE_REGION_LENGTH__:0x400

.hash
 *(.hash)

.dynsym
 *(.dynsym)

.dynstr
 *(.dynstr)

.gnu.version
 *(.gnu.version)

.gnu.version_d
 *(.gnu.version_d)

.gnu.version_r
 *(.gnu.version_r)

.rel.init
 *(.rel.init)

.rela.init
 *(.rela.init)

.rel.text
 *(.rel.text)
 *(.rel.text.*)
 *(.rel.gnu.linkonce.t*)

.rela.text
 *(.rela.text)
 *(.rela.text.*)
 *(.rela.gnu.linkonce.t*)

.rel.fini
 *(.rel.fini)

.rela.fini
 *(.rela.fini)

.rel.rodata
 *(.rel.rodata)
 *(.rel.rodata.*)
 *(.rel.gnu.linkonce.r*)

.rela.rodata
 *(.rela.rodata)
 *(.rela.rodata.*)
 *(.rela.gnu.linkonce.r*)

.rel.data
 *(.rel.data)
 *(.rel.data.*)
 *(.rel.gnu.linkonce.d*)

.rela.data
 *(.rela.data)
 *(.rela.data.*)
 *(.rela.gnu.linkonce.d*)

.rel.ctors
 *(.rel.ctors)

.rela.ctors
 *(.rela.ctors)

.rel.dtors
 *(.rel.dtors)

.rela.dtors
 *(.rela.dtors)

.rel.got
 *(.rel.got)

.rela.got
 *(.rela.got)

.rel.bss
 *(.rel.bss)

.rela.bss
 *(.rela.bss)

.rel.plt
 *(.rel.plt)

.rela.plt
 *(.rela.plt)

.text           0x00000000     0x1a36
 *(.vectors)
 .vectors       0x00000000       0x54 C:/Program Files (x86)/Atmel/Studio/7.0/Packs/atmel/ATmega_DFP/1.7.374/gcc/dev/atmega32/avr5/crtatmega32.o
                0x00000000                __vector_default
                0x00000000                __vectors
 *(.vectors)
 *(.progmem.gcc*)
                0x00000054                . = ALIGN (0x2)
                0x00000054                __trampolines_start = .
 *(.trampolines)
 .trampolines   0x00000054        0x0 linker stubs
 *(.trampolines*)
                0x00000054                __trampolines_end = .
 *libprintf_flt.a:*(.progmem.data)
 *libc.a:*(.progmem.data)
 *(.progmem*)
                0x00000054                . = ALIGN (0x2)
 *(.jumptables)
 *(.jumptables*)
 *(.lowtext)
 *(.lowtext*)
                0x00000054                __ctors_start = .
 *(.ctors)
                0x00000054                __ctors_end = .
                0x00000054                __dtors_start = .
 *(.dtors)
                0x00000054                __dtors_end = .
 SORT(*)(.ctors)
 SORT(*)(.dtors)
 *(.init0)
 .init0         0x00000054        0x0 C:/Program Files (x86)/Atmel/Studio/7.0/Packs/atmel/ATmega_DFP/1.7.374/gcc/dev/atmega32/avr5/crtatmega32.o
                0x00000054                __init
 *(.init0)
 *(.init1)
 *(.init1)
 *(.init2)
 .init2         0x00000054        0xc C:/Program Files (x86)/Atmel/Studio/7.0/Packs/atmel/ATmega_DFP/1.7.374/gcc/dev/atmega32/avr5/crtatmega32.o
 *(.init2)
 *(.init3)
 *(.init3)
 *(.init4)
 .init4         0x00000060       0x16 c:/program files (x86)/atmel/studio/7.0/toolchain/avr8/avr8-gnu-toolchain/bin/../lib/gcc/avr/5.4.0/avr5\libgcc.a(_copy_data.o)
                0x00000060                __do_copy_data
 .init4         0x00000076       0x10 c:/program files (x86)/atmel/studio/7.0/toolchain/avr8/avr8-gnu-toolchain/bin/../lib/gcc/avr/5.4.0/avr5\libgcc.a(_clear_bss.o)
                0x00000076                __do_clear_bss
 *(.init4)
 *(.init5)
 *(.init5)
 *(.init6)
 *(.init6)
 *(.init7)
 *(.init7)
 *(.init8)
 *(.init8)
 *(.init9)
 .init9         0x00000086        0x8 C:/Program Files (x86)/Atmel/Studio/7.0/Packs/atmel/ATmega_DFP/1.7.374/gcc/dev/atmega32/avr5/crtatmega32.o
 *(.init9)
 *(.text)
 .text          0x0000008e        0x4 C:/Program Files (x86)/Atmel/Studio/7.0/Packs/atmel/ATmega_DFP/1.7.374/gcc/dev/atmega32/avr5/crtatmega32.o
                0x0000008e                __vector_1
                0x0000008e                __vector_12
                0x0000008e                __bad_interrupt
                0x0000008e                __vector_6
                0x0000008e                __vector_3
                0x0000008e                __vector_11
                0x0000008e                __vector_13
                0x0000008e                __vector_17
                0x0000008e                __vector_19
                0x0000008e                __vector_5
                0x0000008e                __vector_4
                0x0000008e                __vector_9
                0x0000008e                __vector_2
                0x0000008e                __vector_15
                0x0000008e                __vector_8
                0x0000008e                __vector_14
                0x0000008e                __vector_10
                0x0000008e                __vector_16
                0x0000008e                __vector_18
                0x0000008e                __vector_20
                0x00000092                . = ALIGN (0x2)
 *(.text.*)
 .text.pvPortMalloc
                0x00000092       0x4c FreeRTOS/Sources/heap_1.o
                0x00000092                pvPortMalloc
 .text.vPortFree
                0x000000de        0x2 FreeRTOS/Sources/heap_1.o
                0x000000de                vPortFree
 .text.vListInitialise
                0x000000e0       0x1c FreeRTOS/Sources/list.o
                0x000000e0                vListInitialise
 .text.vListInitialiseItem
                0x000000fc        0x8 FreeRTOS/Sources/list.o
                0x000000fc                vListInitialiseItem
 .text.vListInsertEnd
                0x00000104       0x4e FreeRTOS/Sources/list.o
                0x00000104                vListInsertEnd
 .text.vListInsert
                0x00000152       0x62 FreeRTOS/Sources/list.o
                0x00000152                vListInsert
 .text.vListRemove
                0x000001b4       0x4c FreeRTOS/Sources/list.o
                0x000001b4                vListRemove
 .text.prvSetupTimerInterrupt
                0x00000200       0x12 FreeRTOS/Sources/port.o
 .text.pxPortInitialiseStack
                0x00000212       0xd8 FreeRTOS/Sources/port.o
                0x00000212                pxPortInitialiseStack
 .text.xPortStartScheduler
                0x000002ea       0x5e FreeRTOS/Sources/port.o
                0x000002ea                xPortStartScheduler
 .text.vPortYield
                0x00000348       0xb2 FreeRTOS/Sources/port.o
                0x00000348                vPortYield
 .text.vPortYieldFromTick
                0x000003fa       0xb6 FreeRTOS/Sources/port.o
                0x000003fa                vPortYieldFromTick
 .text.__vector_7
                0x000004b0        0x6 FreeRTOS/Sources/port.o
                0x000004b0                __vector_7
 .text.prvIsQueueEmpty
                0x000004b6       0x16 FreeRTOS/Sources/queue.o
 .text.prvIsQueueFull
                0x000004cc       0x18 FreeRTOS/Sources/queue.o
 .text.prvCopyDataToQueue
                0x000004e4       0x82 FreeRTOS/Sources/queue.o
 .text.prvCopyDataFromQueue
                0x00000566       0x34 FreeRTOS/Sources/queue.o
 .text.prvUnlockQueue
                0x0000059a       0x6c FreeRTOS/Sources/queue.o
 .text.xQueueCreate
                0x00000606       0xc0 FreeRTOS/Sources/queue.o
                0x00000606                xQueueCreate
 .text.xQueueGenericSend
                0x000006c6      0x116 FreeRTOS/Sources/queue.o
                0x000006c6                xQueueGenericSend
 .text.xQueueGenericReceive
                0x000007dc      0x144 FreeRTOS/Sources/queue.o
                0x000007dc                xQueueGenericReceive
 .text.prvDeleteTCB
                0x00000920       0x1a FreeRTOS/Sources/tasks.o
 .text.prvAllocateTCBAndStack
                0x0000093a       0x5c FreeRTOS/Sources/tasks.o
 .text.prvInitialiseTCBVariables
                0x00000996       0x4a FreeRTOS/Sources/tasks.o
 .text.prvInitialiseTaskLists
                0x000009e0       0x66 FreeRTOS/Sources/tasks.o
 .text.prvAddCurrentTaskToDelayedList
                0x00000a46       0x6e FreeRTOS/Sources/tasks.o
 .text.xTaskGenericCreate
                0x00000ab4      0x17c FreeRTOS/Sources/tasks.o
                0x00000ab4                xTaskGenericCreate
 .text.vTaskStartScheduler
                0x00000c30       0x56 FreeRTOS/Sources/tasks.o
                0x00000c30                vTaskStartScheduler
 .text.vTaskSuspendAll
                0x00000c86        0xc FreeRTOS/Sources/tasks.o
                0x00000c86                vTaskSuspendAll
 .text.vTaskIncrementTick
                0x00000c92      0x154 FreeRTOS/Sources/tasks.o
                0x00000c92                vTaskIncrementTick
 .text.xTaskResumeAll
                0x00000de6       0xec FreeRTOS/Sources/tasks.o
                0x00000de6                xTaskResumeAll
 .text.vTaskDelay
                0x00000ed2       0x44 FreeRTOS/Sources/tasks.o
                0x00000ed2                vTaskDelay
 .text.prvCheckTasksWaitingTermination
                0x00000f16       0x5a FreeRTOS/Sources/tasks.o
 .text.prvIdleTask
                0x00000f70        0x6 FreeRTOS/Sources/tasks.o
 .text.vTaskSwitchContext
                0x00000f76       0xb2 FreeRTOS/Sources/tasks.o
                0x00000f76                vTaskSwitchContext
 .text.vTaskPlaceOnEventList
                0x00001028       0x3a FreeRTOS/Sources/tasks.o
                0x00001028                vTaskPlaceOnEventList
 .text.xTaskRemoveFromEventList
                0x00001062       0x8c FreeRTOS/Sources/tasks.o
                0x00001062                xTaskRemoveFromEventList
 .text.vTaskSetTimeOutState
                0x000010ee       0x16 FreeRTOS/Sources/tasks.o
                0x000010ee                vTaskSetTimeOutState
 .text.xTaskCheckForTimeOut
                0x00001104       0x6e FreeRTOS/Sources/tasks.o
                0x00001104                xTaskCheckForTimeOut
 .text.vTaskMissedYield
                0x00001172        0x8 FreeRTOS/Sources/tasks.o
                0x00001172                vTaskMissedYield
 .text.WriteIns
                0x0000117a       0xc0 HAL/LCD.o
 .text.WriteData
                0x0000123a       0xc0 HAL/LCD.o
 .text.LCD_Init
                0x000012fa       0x3e HAL/LCD.o
                0x000012fa                LCD_Init
 .text.LCD_WriteChar
                0x00001338        0x6 HAL/LCD.o
                0x00001338                LCD_WriteChar
 .text.LCD_WriteNumber
                0x0000133e       0xc6 HAL/LCD.o
                0x0000133e                LCD_WriteNumber
 .text.LCD_WriteString
                0x00001404       0x26 HAL/LCD.o
                0x00001404                LCD_WriteString
 .text.LCD_SetCursor_2
                0x0000142a       0x1c HAL/LCD.o
                0x0000142a                LCD_SetCursor_2
 .text.vInitEcu
                0x00001446       0x2c main.o
                0x00001446                vInitEcu
 .text.main     0x00001472       0x64 main.o
                0x00001472                main
 .text.DIO_InitPin
                0x000014d6      0x1d0 MCAL/DIO.o
                0x000014d6                DIO_InitPin
 .text.DIO_Init
                0x000016a6       0x20 MCAL/DIO.o
                0x000016a6                DIO_Init
 .text.DIO_WritePin
                0x000016c6      0x104 MCAL/DIO.o
                0x000016c6                DIO_WritePin
 .text.DIO_ReadPin
                0x000017ca       0x66 MCAL/DIO.o
                0x000017ca                DIO_ReadPin
 .text.DIO_TogglePin
                0x00001830       0x82 MCAL/DIO.o
                0x00001830                DIO_TogglePin
 .text.Task1_LcdUpdate
                0x000018b2       0x88 MyTasks.o
                0x000018b2                Task1_LcdUpdate
 .text.Task2_ButtonCheck
                0x0000193a       0x38 MyTasks.o
                0x0000193a                Task2_ButtonCheck
 .text.libgcc.div
                0x00001972       0x2e c:/program files (x86)/atmel/studio/7.0/toolchain/avr8/avr8-gnu-toolchain/bin/../lib/gcc/avr/5.4.0/avr5\libgcc.a(_divmodsi4.o)
                0x00001972                __divmodsi4
 .text.libgcc.div
                0x000019a0       0x10 c:/program files (x86)/atmel/studio/7.0/toolchain/avr8/avr8-gnu-toolchain/bin/../lib/gcc/avr/5.4.0/avr5\libgcc.a(_negsi2.o)
                0x000019a0                __negsi2
 .text.libgcc.div
                0x000019b0       0x44 c:/program files (x86)/atmel/studio/7.0/toolchain/avr8/avr8-gnu-toolchain/bin/../lib/gcc/avr/5.4.0/avr5\libgcc.a(_udivmodsi4.o)
                0x000019b0                __udivmodsi4
 .text.avr-libc
                0x000019f4       0x12 c:/program files (x86)/atmel/studio/7.0/toolchain/avr8/avr8-gnu-toolchain/bin/../lib/gcc/avr/5.4.0/../../../../avr/lib/avr5\libc.a(memcpy.o)
                0x000019f4                memcpy
 .text.avr-libc
                0x00001a06        0xe c:/program files (x86)/atmel/studio/7.0/toolchain/avr8/avr8-gnu-toolchain/bin/../lib/gcc/avr/5.4.0/../../../../avr/lib/avr5\libc.a(memset.o)
                0x00001a06                memset
 .text.avr-libc
                0x00001a14       0x1e c:/program files (x86)/atmel/studio/7.0/toolchain/avr8/avr8-gnu-toolchain/bin/../lib/gcc/avr/5.4.0/../../../../avr/lib/avr5\libc.a(strncpy.o)
                0x00001a14                strncpy
                0x00001a32                . = ALIGN (0x2)
 *(.fini9)
 .fini9         0x00001a32        0x0 c:/program files (x86)/atmel/studio/7.0/toolchain/avr8/avr8-gnu-toolchain/bin/../lib/gcc/avr/5.4.0/avr5\libgcc.a(_exit.o)
                0x00001a32                _exit
                0x00001a32                exit
 *(.fini9)
 *(.fini8)
 *(.fini8)
 *(.fini7)
 *(.fini7)
 *(.fini6)
 *(.fini6)
 *(.fini5)
 *(.fini5)
 *(.fini4)
 *(.fini4)
 *(.fini3)
 *(.fini3)
 *(.fini2)
 *(.fini2)
 *(.fini1)
 *(.fini1)
 *(.fini0)
 .fini0         0x00001a32        0x4 c:/program files (x86)/atmel/studio/7.0/toolchain/avr8/avr8-gnu-toolchain/bin/../lib/gcc/avr/5.4.0/avr5\libgcc.a(_exit.o)
 *(.fini0)
                0x00001a36                _etext = .

.data           0x00800060       0x2c load address 0x00001a36
                0x00800060                PROVIDE (__data_start, .)
 *(.data)
 *(.data*)
 .data.xNextTaskUnblockTime
                0x00800060        0x2 FreeRTOS/Sources/tasks.o
 *(.gnu.linkonce.d*)
 *(.rodata)
 *(.rodata*)
 .rodata.str1.1
                0x00800062        0x5 FreeRTOS/Sources/tasks.o
 .rodata.PinsStatusArray
                0x00800067       0x20 MCAL/DIO_Lcfg.o
                0x00800067                PinsStatusArray
 .rodata.str1.1
                0x00800087        0x5 MyTasks.o
 *(.gnu.linkonce.r*)
                0x0080008c                . = ALIGN (0x2)
                0x0080008c                _edata = .
                0x0080008c                PROVIDE (__data_end, .)

.bss            0x0080008c      0x3eb
                0x0080008c                PROVIDE (__bss_start, .)
 *(.bss)
 *(.bss*)
 .bss.xNextFreeByte
                0x0080008c        0x2 FreeRTOS/Sources/heap_1.o
 .bss.xHeap     0x0080008e      0x384 FreeRTOS/Sources/heap_1.o
 .bss.uxTaskNumber
                0x00800412        0x1 FreeRTOS/Sources/tasks.o
 .bss.xNumOfOverflows
                0x00800413        0x1 FreeRTOS/Sources/tasks.o
 .bss.xMissedYield
                0x00800414        0x1 FreeRTOS/Sources/tasks.o
 .bss.uxMissedTicks
                0x00800415        0x1 FreeRTOS/Sources/tasks.o
 .bss.uxSchedulerSuspended
                0x00800416        0x1 FreeRTOS/Sources/tasks.o
 .bss.xSchedulerRunning
                0x00800417        0x1 FreeRTOS/Sources/tasks.o
 .bss.uxTopReadyPriority
                0x00800418        0x1 FreeRTOS/Sources/tasks.o
 .bss.uxTopUsedPriority
                0x00800419        0x1 FreeRTOS/Sources/tasks.o
 .bss.xTickCount
                0x0080041a        0x2 FreeRTOS/Sources/tasks.o
 .bss.uxCurrentNumberOfTasks
                0x0080041c        0x1 FreeRTOS/Sources/tasks.o
 .bss.uxTasksDeleted
                0x0080041d        0x1 FreeRTOS/Sources/tasks.o
 .bss.xTasksWaitingTermination
                0x0080041e        0x9 FreeRTOS/Sources/tasks.o
 .bss.xPendingReadyList
                0x00800427        0x9 FreeRTOS/Sources/tasks.o
 .bss.pxOverflowDelayedTaskList
                0x00800430        0x2 FreeRTOS/Sources/tasks.o
 .bss.pxDelayedTaskList
                0x00800432        0x2 FreeRTOS/Sources/tasks.o
 .bss.xDelayedTaskList2
                0x00800434        0x9 FreeRTOS/Sources/tasks.o
 .bss.xDelayedTaskList1
                0x0080043d        0x9 FreeRTOS/Sources/tasks.o
 .bss.pxReadyTasksLists
                0x00800446       0x2d FreeRTOS/Sources/tasks.o
 .bss.pxCurrentTCB
                0x00800473        0x2 FreeRTOS/Sources/tasks.o
                0x00800473                pxCurrentTCB
 .bss.semSynch  0x00800475        0x2 MyTasks.o
                0x00800475                semSynch
 *(COMMON)
                0x00800477                PROVIDE (__bss_end, .)
                0x00001a36                __data_load_start = LOADADDR (.data)
                0x00001a62                __data_load_end = (__data_load_start + SIZEOF (.data))

.noinit         0x00800477        0x0
                [!provide]                PROVIDE (__noinit_start, .)
 *(.noinit*)
                [!provide]                PROVIDE (__noinit_end, .)
                0x00800477                _end = .
                [!provide]                PROVIDE (__heap_start, .)

.eeprom         0x00810000        0x0
 *(.eeprom*)
                0x00810000                __eeprom_end = .

.fuse
 *(.fuse)
 *(.lfuse)
 *(.hfuse)
 *(.efuse)

.lock
 *(.lock*)

.signature
 *(.signature*)

.user_signatures
 *(.user_signatures*)

.stab
 *(.stab)

.stabstr
 *(.stabstr)

.stab.excl
 *(.stab.excl)

.stab.exclstr
 *(.stab.exclstr)

.stab.index
 *(.stab.index)

.stab.indexstr
 *(.stab.indexstr)

.comment        0x00000000       0x30
 *(.comment)
 .comment       0x00000000       0x30 FreeRTOS/Sources/heap_1.o
                                 0x31 (size before relaxing)
 .comment       0x00000030       0x31 FreeRTOS/Sources/list.o
 .comment       0x00000030       0x31 FreeRTOS/Sources/port.o
 .comment       0x00000030       0x31 FreeRTOS/Sources/queue.o
 .comment       0x00000030       0x31 FreeRTOS/Sources/tasks.o
 .comment       0x00000030       0x31 HAL/LCD.o
 .comment       0x00000030       0x31 main.o
 .comment       0x00000030       0x31 MCAL/DIO.o
 .comment       0x00000030       0x31 MCAL/DIO_Lcfg.o
 .comment       0x00000030       0x31 MyTasks.o

.note.gnu.avr.deviceinfo
                0x00000000       0x3c
 .note.gnu.avr.deviceinfo
                0x00000000       0x3c C:/Program Files (x86)/Atmel/Studio/7.0/Packs/atmel/ATmega_DFP/1.7.374/gcc/dev/atmega32/avr5/crtatmega32.o

.note.gnu.build-id
 *(.note.gnu.build-id)

.debug
 *(.debug)

.line
 *(.line)

.debug_srcinfo
 *(.debug_srcinfo)

.debug_sfnames
 *(.debug_sfnames)

.debug_aranges  0x00000000      0x3a0
 *(.debug_aranges)
 .debug_aranges
                0x00000000       0x38 FreeRTOS/Sources/heap_1.o
 .debug_aranges
                0x00000038       0x40 FreeRTOS/Sources/list.o
 .debug_aranges
                0x00000078       0x50 FreeRTOS/Sources/port.o
 .debug_aranges
                0x000000c8       0x98 FreeRTOS/Sources/queue.o
 .debug_aranges
                0x00000160       0xe0 FreeRTOS/Sources/tasks.o
 .debug_aranges
                0x00000240       0xb0 HAL/LCD.o
 .debug_aranges
                0x000002f0       0x28 main.o
 .debug_aranges
                0x00000318       0x48 MCAL/DIO.o
 .debug_aranges
                0x00000360       0x18 MCAL/DIO_Lcfg.o
 .debug_aranges
                0x00000378       0x28 MyTasks.o

.debug_pubnames
 *(.debug_pubnames)

.debug_info     0x00000000     0x4728
 *(.debug_info .gnu.linkonce.wi.*)
 .debug_info    0x00000000      0x4e6 C:/Program Files (x86)/Atmel/Studio/7.0/Packs/atmel/ATmega_DFP/1.7.374/gcc/dev/atmega32/avr5/crtatmega32.o
 .debug_info    0x000004e6      0x1a7 FreeRTOS/Sources/heap_1.o
 .debug_info    0x0000068d      0x2c1 FreeRTOS/Sources/list.o
 .debug_info    0x0000094e      0x229 FreeRTOS/Sources/port.o
 .debug_info    0x00000b77      0xc72 FreeRTOS/Sources/queue.o
 .debug_info    0x000017e9     0x10fe FreeRTOS/Sources/tasks.o
 .debug_info    0x000028e7     0x1161 HAL/LCD.o
 .debug_info    0x00003a48      0x3d0 main.o
 .debug_info    0x00003e18      0x39f MCAL/DIO.o
 .debug_info    0x000041b7      0x186 MCAL/DIO_Lcfg.o
 .debug_info    0x0000433d      0x3eb MyTasks.o

.debug_abbrev   0x00000000     0x130c
 *(.debug_abbrev)
 .debug_abbrev  0x00000000      0x4a3 C:/Program Files (x86)/Atmel/Studio/7.0/Packs/atmel/ATmega_DFP/1.7.374/gcc/dev/atmega32/avr5/crtatmega32.o
 .debug_abbrev  0x000004a3      0x136 FreeRTOS/Sources/heap_1.o
 .debug_abbrev  0x000005d9       0xf6 FreeRTOS/Sources/list.o
 .debug_abbrev  0x000006cf      0x143 FreeRTOS/Sources/port.o
 .debug_abbrev  0x00000812      0x1ed FreeRTOS/Sources/queue.o
 .debug_abbrev  0x000009ff      0x25b FreeRTOS/Sources/tasks.o
 .debug_abbrev  0x00000c5a      0x2b4 HAL/LCD.o
 .debug_abbrev  0x00000f0e       0xf3 main.o
 .debug_abbrev  0x00001001      0x147 MCAL/DIO.o
 .debug_abbrev  0x00001148       0x6a MCAL/DIO_Lcfg.o
 .debug_abbrev  0x000011b2      0x15a MyTasks.o

.debug_line     0x00000000     0x23b0
 *(.debug_line .debug_line.* .debug_line_end)
 .debug_line    0x00000000      0x116 C:/Program Files (x86)/Atmel/Studio/7.0/Packs/atmel/ATmega_DFP/1.7.374/gcc/dev/atmega32/avr5/crtatmega32.o
 .debug_line    0x00000116      0x154 FreeRTOS/Sources/heap_1.o
 .debug_line    0x0000026a      0x195 FreeRTOS/Sources/list.o
 .debug_line    0x000003ff      0x2c0 FreeRTOS/Sources/port.o
 .debug_line    0x000006bf      0x656 FreeRTOS/Sources/queue.o
 .debug_line    0x00000d15      0x941 FreeRTOS/Sources/tasks.o
 .debug_line    0x00001656      0x7e0 HAL/LCD.o
 .debug_line    0x00001e36      0x11c main.o
 .debug_line    0x00001f52      0x2bf MCAL/DIO.o
 .debug_line    0x00002211       0x43 MCAL/DIO_Lcfg.o
 .debug_line    0x00002254      0x15c MyTasks.o

.debug_frame    0x00000000      0x9a8
 *(.debug_frame)
 .debug_frame   0x00000000       0x60 FreeRTOS/Sources/heap_1.o
 .debug_frame   0x00000060       0x7c FreeRTOS/Sources/list.o
 .debug_frame   0x000000dc       0x84 FreeRTOS/Sources/port.o
 .debug_frame   0x00000160      0x204 FreeRTOS/Sources/queue.o
 .debug_frame   0x00000364      0x310 FreeRTOS/Sources/tasks.o
 .debug_frame   0x00000674      0x240 HAL/LCD.o
 .debug_frame   0x000008b4       0x34 main.o
 .debug_frame   0x000008e8       0x7c MCAL/DIO.o
 .debug_frame   0x00000964       0x44 MyTasks.o

.debug_str      0x00000000     0x1322
 *(.debug_str)
 .debug_str     0x00000000      0x196 C:/Program Files (x86)/Atmel/Studio/7.0/Packs/atmel/ATmega_DFP/1.7.374/gcc/dev/atmega32/avr5/crtatmega32.o
 .debug_str     0x00000196      0x22f FreeRTOS/Sources/heap_1.o
                                0x268 (size before relaxing)
 .debug_str     0x000003c5      0x146 FreeRTOS/Sources/list.o
                                0x2d0 (size before relaxing)
 .debug_str     0x0000050b      0x120 FreeRTOS/Sources/port.o
                                0x2cd (size before relaxing)
 .debug_str     0x0000062b      0x3b5 FreeRTOS/Sources/queue.o
                                0x669 (size before relaxing)
 .debug_str     0x000009e0      0x4a3 FreeRTOS/Sources/tasks.o
                                0x8c8 (size before relaxing)
 .debug_str     0x00000e83      0x318 HAL/LCD.o
                                0x4bd (size before relaxing)
 .debug_str     0x0000119b       0x5e main.o
                                0x3aa (size before relaxing)
 .debug_str     0x000011f9       0xc1 MCAL/DIO.o
                                0x3c7 (size before relaxing)
 .debug_str     0x000012ba       0x13 MCAL/DIO_Lcfg.o
                                0x30a (size before relaxing)
 .debug_str     0x000012cd       0x55 MyTasks.o
                                0x3db (size before relaxing)

.debug_loc      0x00000000     0x36b6
 *(.debug_loc)
 .debug_loc     0x00000000       0xf1 FreeRTOS/Sources/heap_1.o
 .debug_loc     0x000000f1       0xfe FreeRTOS/Sources/list.o
 .debug_loc     0x000001ef      0x2a0 FreeRTOS/Sources/port.o
 .debug_loc     0x0000048f      0xc21 FreeRTOS/Sources/queue.o
 .debug_loc     0x000010b0      0xed8 FreeRTOS/Sources/tasks.o
 .debug_loc     0x00001f88      0xfca HAL/LCD.o
 .debug_loc     0x00002f52      0x6d8 MCAL/DIO.o
 .debug_loc     0x0000362a       0x8c MyTasks.o

.debug_macinfo
 *(.debug_macinfo)

.debug_weaknames
 *(.debug_weaknames)

.debug_funcnames
 *(.debug_funcnames)

.debug_typenames
 *(.debug_typenames)

.debug_varnames
 *(.debug_varnames)

.debug_pubtypes
 *(.debug_pubtypes)

.debug_ranges   0x00000000      0x310
 *(.debug_ranges)
 .debug_ranges  0x00000000       0x28 FreeRTOS/Sources/heap_1.o
 .debug_ranges  0x00000028       0x30 FreeRTOS/Sources/list.o
 .debug_ranges  0x00000058       0x40 FreeRTOS/Sources/port.o
 .debug_ranges  0x00000098       0x88 FreeRTOS/Sources/queue.o
 .debug_ranges  0x00000120       0xe8 FreeRTOS/Sources/tasks.o
 .debug_ranges  0x00000208       0xa0 HAL/LCD.o
 .debug_ranges  0x000002a8       0x18 main.o
 .debug_ranges  0x000002c0       0x38 MCAL/DIO.o
 .debug_ranges  0x000002f8       0x18 MyTasks.o

.debug_macro
 *(.debug_macro)
OUTPUT(RTOS_Code_Semaphore_Tasks.elf elf32-avr)
LOAD linker stubs
