Archive member included to satisfy reference by file (symbol)

c:/program files (x86)/atmel/studio/7.0/toolchain/avr8/avr8-gnu-toolchain/bin/../lib/gcc/avr/5.4.0/../../../../avr/lib/avr5\libm.a(addsf3.o)
                              HAL/Sensors.o (__subsf3)
c:/program files (x86)/atmel/studio/7.0/toolchain/avr8/avr8-gnu-toolchain/bin/../lib/gcc/avr/5.4.0/../../../../avr/lib/avr5\libm.a(addsf3x.o)
                              c:/program files (x86)/atmel/studio/7.0/toolchain/avr8/avr8-gnu-toolchain/bin/../lib/gcc/avr/5.4.0/../../../../avr/lib/avr5\libm.a(addsf3.o) (__addsf3x)
c:/program files (x86)/atmel/studio/7.0/toolchain/avr8/avr8-gnu-toolchain/bin/../lib/gcc/avr/5.4.0/../../../../avr/lib/avr5\libm.a(cmpsf2.o)
                              SERVICES/String_Service.o (__nesf2)
c:/program files (x86)/atmel/studio/7.0/toolchain/avr8/avr8-gnu-toolchain/bin/../lib/gcc/avr/5.4.0/../../../../avr/lib/avr5\libm.a(divsf3.o)
                              HAL/Sensors.o (__divsf3)
c:/program files (x86)/atmel/studio/7.0/toolchain/avr8/avr8-gnu-toolchain/bin/../lib/gcc/avr/5.4.0/../../../../avr/lib/avr5\libm.a(divsf3x.o)
                              c:/program files (x86)/atmel/studio/7.0/toolchain/avr8/avr8-gnu-toolchain/bin/../lib/gcc/avr/5.4.0/../../../../avr/lib/avr5\libm.a(divsf3.o) (__divsf3x)
c:/program files (x86)/atmel/studio/7.0/toolchain/avr8/avr8-gnu-toolchain/bin/../lib/gcc/avr/5.4.0/../../../../avr/lib/avr5\libm.a(fixsfsi.o)
                              HAL/Sensors.o (__fixsfsi)
c:/program files (x86)/atmel/studio/7.0/toolchain/avr8/avr8-gnu-toolchain/bin/../lib/gcc/avr/5.4.0/../../../../avr/lib/avr5\libm.a(fixunssfsi.o)
                              HAL/Sensors.o (__fixunssfsi)
c:/program files (x86)/atmel/studio/7.0/toolchain/avr8/avr8-gnu-toolchain/bin/../lib/gcc/avr/5.4.0/../../../../avr/lib/avr5\libm.a(floatsisf.o)
                              HAL/Sensors.o (__floatunsisf)
c:/program files (x86)/atmel/studio/7.0/toolchain/avr8/avr8-gnu-toolchain/bin/../lib/gcc/avr/5.4.0/../../../../avr/lib/avr5\libm.a(fp_cmp.o)
                              c:/program files (x86)/atmel/studio/7.0/toolchain/avr8/avr8-gnu-toolchain/bin/../lib/gcc/avr/5.4.0/../../../../avr/lib/avr5\libm.a(cmpsf2.o) (__fp_cmp)
c:/program files (x86)/atmel/studio/7.0/toolchain/avr8/avr8-gnu-toolchain/bin/../lib/gcc/avr/5.4.0/../../../../avr/lib/avr5\libm.a(fp_inf.o)
                              c:/program files (x86)/atmel/studio/7.0/toolchain/avr8/avr8-gnu-toolchain/bin/../lib/gcc/avr/5.4.0/../../../../avr/lib/avr5\libm.a(addsf3x.o) (__fp_inf)
c:/program files (x86)/atmel/studio/7.0/toolchain/avr8/avr8-gnu-toolchain/bin/../lib/gcc/avr/5.4.0/../../../../avr/lib/avr5\libm.a(fp_nan.o)
                              c:/program files (x86)/atmel/studio/7.0/toolchain/avr8/avr8-gnu-toolchain/bin/../lib/gcc/avr/5.4.0/../../../../avr/lib/avr5\libm.a(addsf3x.o) (__fp_nan)
c:/program files (x86)/atmel/studio/7.0/toolchain/avr8/avr8-gnu-toolchain/bin/../lib/gcc/avr/5.4.0/../../../../avr/lib/avr5\libm.a(fp_pscA.o)
                              c:/program files (x86)/atmel/studio/7.0/toolchain/avr8/avr8-gnu-toolchain/bin/../lib/gcc/avr/5.4.0/../../../../avr/lib/avr5\libm.a(addsf3x.o) (__fp_pscA)
c:/program files (x86)/atmel/studio/7.0/toolchain/avr8/avr8-gnu-toolchain/bin/../lib/gcc/avr/5.4.0/../../../../avr/lib/avr5\libm.a(fp_pscB.o)
                              c:/program files (x86)/atmel/studio/7.0/toolchain/avr8/avr8-gnu-toolchain/bin/../lib/gcc/avr/5.4.0/../../../../avr/lib/avr5\libm.a(addsf3x.o) (__fp_pscB)
c:/program files (x86)/atmel/studio/7.0/toolchain/avr8/avr8-gnu-toolchain/bin/../lib/gcc/avr/5.4.0/../../../../avr/lib/avr5\libm.a(fp_round.o)
                              c:/program files (x86)/atmel/studio/7.0/toolchain/avr8/avr8-gnu-toolchain/bin/../lib/gcc/avr/5.4.0/../../../../avr/lib/avr5\libm.a(addsf3.o) (__fp_round)
c:/program files (x86)/atmel/studio/7.0/toolchain/avr8/avr8-gnu-toolchain/bin/../lib/gcc/avr/5.4.0/../../../../avr/lib/avr5\libm.a(fp_split3.o)
                              c:/program files (x86)/atmel/studio/7.0/toolchain/avr8/avr8-gnu-toolchain/bin/../lib/gcc/avr/5.4.0/../../../../avr/lib/avr5\libm.a(addsf3x.o) (__fp_split3)
c:/program files (x86)/atmel/studio/7.0/toolchain/avr8/avr8-gnu-toolchain/bin/../lib/gcc/avr/5.4.0/../../../../avr/lib/avr5\libm.a(fp_zero.o)
                              c:/program files (x86)/atmel/studio/7.0/toolchain/avr8/avr8-gnu-toolchain/bin/../lib/gcc/avr/5.4.0/../../../../avr/lib/avr5\libm.a(addsf3x.o) (__fp_zero)
c:/program files (x86)/atmel/studio/7.0/toolchain/avr8/avr8-gnu-toolchain/bin/../lib/gcc/avr/5.4.0/../../../../avr/lib/avr5\libm.a(log.o)
                              HAL/Sensors.o (log)
c:/program files (x86)/atmel/studio/7.0/toolchain/avr8/avr8-gnu-toolchain/bin/../lib/gcc/avr/5.4.0/../../../../avr/lib/avr5\libm.a(mulsf3.o)
                              SERVICES/String_Service.o (__mulsf3)
[...]
Memory Configuration

Name             Origin             Length             Attributes
text             0x00000000         0x00008000         xr
data             0x00800060         0x00000800         rw !x
eeprom           0x00810000         0x00000400         rw !x
fuse             0x00820000         0x00000002         rw !x
lock             0x00830000         0x00000400         rw !x
signature        0x00840000         0x00000400         rw !x
user_signatures  0x00850000         0x00000400         rw !x
*default*        0x00000000         0xffffffff

Linker script and memory map

LOAD C:/Program Files (x86)/Atmel/Studio/7.0/Packs/atmel/ATmega_DFP/1.7.374/gcc/dev/atmega32/avr5/crtatmega32.o
LOAD APP/Temp_Filter.o
LOAD FreeRTOS/Sources/croutine.o
LOAD FreeRTOS/Sources/heap_1.o
LOAD FreeRTOS/Sources/list.o
LOAD FreeRTOS/Sources/port.o
LOAD FreeRTOS/Sources/queue.o
LOAD FreeRTOS/Sources/tasks.o
LOAD FreeRTOS/Sources/timers.o
LOAD HAL/Buzzer.o
LOAD HAL/Keypad.o
LOAD HAL/LCD.o
LOAD HAL/LED.o
LOAD HAL/Motor.o
LOAD HAL/Motor_cfg.o
LOAD HAL/RGB.o
LOAD HAL/Sensors.o
LOAD HAL/Servo_Motor.o
LOAD HAL/Stepper_Motor.o
LOAD HAL/ULTRASONIC.o
LOAD main.o
LOAD MCAL/ADC.o
LOAD MCAL/DIO.o
LOAD MCAL/DIO_cfg.o
LOAD MCAL/EEPROM.o
LOAD MCAL/Interrupt.o
LOAD MCAL/NVM.o
LOAD MCAL/SPI.o
LOAD MCAL/Timer.o
LOAD MCAL/URAT.o
LOAD MyTasks/MyTasks.o
LOAD SERVICES/Array_Service.o
LOAD SERVICES/Binary_Service.o
LOAD SERVICES/Math_Service.o
LOAD SERVICES/String_Service.o
LOAD SERVICES/Timer_Services.o
LOAD SERVICES/URAT_Services.o
START GROUP
LOAD c:/program files (x86)/atmel/studio/7.0/toolchain/avr8/avr8-gnu-toolchain/bin/../lib/gcc/avr/5.4.0/../../../../avr/lib/avr5\libm.a
END GROUP
START GROUP
LOAD c:/program files (x86)/atmel/studio/7.0/toolchain/avr8/avr8-gnu-toolchain/bin/../lib/gcc/avr/5.4.0/avr5\libgcc.a
LOAD c:/program files (x86)/atmel/studio/7.0/toolchain/avr8/avr8-gnu-toolchain/bin/../lib/gcc/avr/5.4.0/../../../../avr/lib/avr5\libm.a
LOAD c:/program files (x86)/atmel/studio/7.0/toolchain/avr8/avr8-gnu-toolchain/bin/../lib/gcc/avr/5.4.0/../../../../avr/lib/avr5\libc.a
LOAD C:/Program Files (x86)/Atmel/Studio/7.0/Packs/atmel/ATmega_DFP/1.7.374/gcc/dev/atmega32/avr5\libatmega32.a
END GROUP
                0x00000000                __TEXT_REGION_ORIGIN__ = DEFINED (__TEXT_REGION_ORIGIN__)?__TEXT_REGION_ORIGIN__:0x0
                [0x00800060]                __DATA_REGION_ORIGIN__ = DEFINED (__DATA_REGION_ORIGIN__)?__DATA_REGION_ORIGIN__:0x800060
                [0x00008000]                __TEXT_REGION_LENGTH__ = DEFINED (__TEXT_REGION_LENGTH__)?__TEXT_REGION_LENGTH__:0x20000
                [0x00000800]                __DATA_REGION_LENGTH__ = DEFINED (__DATA_REGION_LENGTH__)?__DATA_REGION_LENGTH__:0xffa0
                [0x00000400]                __EEPROM_REGION_LENGTH__ = DEFINED (__EEPROM_REGION_LENGTH__)?__EEPROM_REGION_LENGTH__:0x10000
                [0x00000002]                __FUSE_REGION_LENGTH__ = DEFINED (__FUSE_REGION_LENGTH__)?__FUSE_REGION_LENGTH__:0x400
                0x00000400                __LOCK_REGION_LENGTH__ = DEFINED (__LOCK_REGION_LENGTH__)?__LOCK_REGION_LENGTH__:0x400
                0x00000400                __SIGNATURE_REGION_LENGTH__ = DEFINED (__SIGNATURE_REGION_LENGTH__)?__SIGNATURE_REGION_LENGTH__:0x400
                0x00000400                __USER_SIGNATURE_REGION_LENGTH__ = DEFINED (__USER_SIGNATURE_REGION_LENGTH__)?__USER_SIGNATURE_REGION_LENGTH__:0x400

.hash
 *(.hash)

.dynsym
 *(.dynsym)

.dynstr
 *(.dynstr)

.gnu.version
 *(.gnu.version)

.gnu.version_d
 *(.gnu.version_d)

.gnu.version_r
 *(.gnu.version_r)

.rel.init
 *(.rel.init)

.rela.init
 *(.rela.init)

.rel.text
 *(.rel.text)
 *(.rel.text.*)
 *(.rel.gnu.linkonce.t*)

.rela.text
 *(.rela.text)
 *(.rela.text.*)
 *(.rela.gnu.linkonce.t*)

.rel.fini
 *(.rel.fini)

.rela.fini
 *(.rela.fini)

.rel.rodata
 *(.rel.rodata)
 *(.rel.rodata.*)
 *(.rel.gnu.linkonce.r*)

.rela.rodata
 *(.rela.rodata)
 *(.rela.rodata.*)
 *(.rela.gnu.linkonce.r*)

.rel.data
 *(.rel.data)
 *(.rel.data.*)
 *(.rel.gnu.linkonce.d*)

.rela.data
 *(.rela.data)
 *(.rela.data.*)
 *(.rela.gnu.linkonce.d*)

.rel.ctors
 *(.rel.ctors)

.rela.ctors
 *(.rela.ctors)

.rel.dtors
 *(.rel.dtors)

.rela.dtors
 *(.rela.dtors)

.rel.got
 *(.rel.got)

.rela.got
 *(.rela.got)

.rel.bss
 *(.rel.bss)

.rela.bss
 *(.rela.bss)

.rel.plt
 *(.rel.plt)

.rela.plt
 *(.rela.plt)

.text           0x00000000     0x1b58
 *(.vectors)
 .vectors       0x00000000       0x54 C:/Program Files (x86)/Atmel/Studio/7.0/Packs/atmel/ATmega_DFP/1.7.374/gcc/dev/atmega32/avr5/crtatmega32.o
                0x00000000                __vector_default
                0x00000000                __vectors
 *(.vectors)
 *(.progmem.gcc*)
                0x00000054                . = ALIGN (0x2)
                0x00000054                __trampolines_start = .
 *(.trampolines)
 .trampolines   0x00000054        0x0 linker stubs
 *(.trampolines*)
                0x00000054                __trampolines_end = .
 *libprintf_flt.a:*(.progmem.data)
 *libc.a:*(.progmem.data)
 *(.progmem*)
                0x00000054                . = ALIGN (0x2)
 *(.jumptables)
 *(.jumptables*)
 *(.lowtext)
 *(.lowtext*)
                0x00000054                __ctors_start = .
 *(.ctors)
                0x00000054                __ctors_end = .
                0x00000054                __dtors_start = .
 *(.dtors)
                0x00000054                __dtors_end = .
 SORT(*)(.ctors)
 SORT(*)(.dtors)
 *(.init0)
 .init0         0x00000054        0x0 C:/Program Files (x86)/Atmel/Studio/7.0/Packs/atmel/ATmega_DFP/1.7.374/gcc/dev/atmega32/avr5/crtatmega32.o
                0x00000054                __init
 *(.init0)
 *(.init1)
 *(.init1)
 *(.init2)
 .init2         0x00000054        0xc C:/Program Files (x86)/Atmel/Studio/7.0/Packs/atmel/ATmega_DFP/1.7.374/gcc/dev/atmega32/avr5/crtatmega32.o
 *(.init2)
 *(.init3)
 *(.init3)
 *(.init4)
 .init4         0x00000060       0x16 c:/program files (x86)/atmel/studio/7.0/toolchain/avr8/avr8-gnu-toolchain/bin/../lib/gcc/avr/5.4.0/avr5\libgcc.a(_copy_data.o)
                0x00000060                __do_copy_data
 .init4         0x00000076       0x10 c:/program files (x86)/atmel/studio/7.0/toolchain/avr8/avr8-gnu-toolchain/bin/../lib/gcc/avr/5.4.0/avr5\libgcc.a(_clear_bss.o)
                0x00000076                __do_clear_bss
 *(.init4)
 *(.init5)
 *(.init5)
 *(.init6)
 *(.init6)
 *(.init7)
 *(.init7)
 *(.init8)
 *(.init8)
 *(.init9)
 .init9         0x00000086        0x8 C:/Program Files (x86)/Atmel/Studio/7.0/Packs/atmel/ATmega_DFP/1.7.374/gcc/dev/atmega32/avr5/crtatmega32.o
 *(.init9)
 *(.text)
 .text          0x0000008e        0x4 C:/Program Files (x86)/Atmel/Studio/7.0/Packs/atmel/ATmega_DFP/1.7.374/gcc/dev/atmega32/avr5/crtatmega32.o
                0x0000008e                __vector_1
                0x0000008e                __vector_12
                0x0000008e                __bad_interrupt
                0x0000008e                __vector_6
                0x0000008e                __vector_3
                0x0000008e                __vector_11
                0x0000008e                __vector_13
                0x0000008e                __vector_17
                0x0000008e                __vector_19
                0x0000008e                __vector_5
                0x0000008e                __vector_4
                0x0000008e                __vector_9
                0x0000008e                __vector_2
                0x0000008e                __vector_15
                0x0000008e                __vector_8
                0x0000008e                __vector_14
                0x0000008e                __vector_10
                0x0000008e                __vector_16
                0x0000008e                __vector_18
                0x0000008e                __vector_20
                0x00000092                . = ALIGN (0x2)
 *(.text.*)
 .text.pvPortMalloc
                0x00000092       0x4c FreeRTOS/Sources/heap_1.o
                0x00000092                pvPortMalloc
 .text.vPortFree
                0x000000de        0x2 FreeRTOS/Sources/heap_1.o
                0x000000de                vPortFree
 .text.vListInitialise
                0x000000e0       0x1c FreeRTOS/Sources/list.o
                0x000000e0                vListInitialise
 .text.vListInitialiseItem
                0x000000fc        0x8 FreeRTOS/Sources/list.o
                0x000000fc                vListInitialiseItem
 .text.vListInsertEnd
                0x00000104       0x4e FreeRTOS/Sources/list.o
                0x00000104                vListInsertEnd
 .text.vListInsert
                0x00000152       0x62 FreeRTOS/Sources/list.o
                0x00000152                vListInsert
 .text.vListRemove
                0x000001b4       0x4c FreeRTOS/Sources/list.o
                0x000001b4                vListRemove
 .text.prvSetupTimerInterrupt
                0x00000200       0x12 FreeRTOS/Sources/port.o
 .text.pxPortInitialiseStack
                0x00000212       0xd8 FreeRTOS/Sources/port.o
                0x00000212                pxPortInitialiseStack
 .text.xPortStartScheduler
                0x000002ea       0x5e FreeRTOS/Sources/port.o
                0x000002ea                xPortStartScheduler
 .text.vPortYield
                0x00000348       0xb2 FreeRTOS/Sources/port.o
                0x00000348                vPortYield
 .text.vPortYieldFromTick
                0x000003fa       0xb6 FreeRTOS/Sources/port.o
                0x000003fa                vPortYieldFromTick
 .text.__vector_7
                0x000004b0        0x6 FreeRTOS/Sources/port.o
                0x000004b0                __vector_7
 .text.prvIsQueueEmpty
                0x000004b6       0x16 FreeRTOS/Sources/queue.o
 .text.prvIsQueueFull
                0x000004cc       0x18 FreeRTOS/Sources/queue.o
 .text.prvCopyDataToQueue
                0x000004e4       0x82 FreeRTOS/Sources/queue.o
 .text.prvCopyDataFromQueue
                0x00000566       0x34 FreeRTOS/Sources/queue.o
 .text.prvUnlockQueue
                0x0000059a       0x6c FreeRTOS/Sources/queue.o
 .text.xQueueCreate
                0x00000606       0xc0 FreeRTOS/Sources/queue.o
                0x00000606                xQueueCreate
 .text.xQueueGenericSend
                0x000006c6      0x116 FreeRTOS/Sources/queue.o
                0x000006c6                xQueueGenericSend
 .text.xQueueGenericReceive
                0x000007dc      0x144 FreeRTOS/Sources/queue.o
                0x000007dc                xQueueGenericReceive
 .text.prvDeleteTCB
                0x00000920       0x1a FreeRTOS/Sources/tasks.o
 .text.prvAllocateTCBAndStack
                0x0000093a       0x5c FreeRTOS/Sources/tasks.o
 .text.prvInitialiseTCBVariables
                0x00000996       0x4a FreeRTOS/Sources/tasks.o
 .text.prvInitialiseTaskLists
                0x000009e0       0x66 FreeRTOS/Sources/tasks.o
 .text.prvAddCurrentTaskToDelayedList
                0x00000a46       0x6e FreeRTOS/Sources/tasks.o
 .text.xTaskGenericCreate
                0x00000ab4      0x17c FreeRTOS/Sources/tasks.o
                0x00000ab4                xTaskGenericCreate
 .text.vTaskStartScheduler
                0x00000c30       0x56 FreeRTOS/Sources/tasks.o
                0x00000c30                vTaskStartScheduler
 .text.vTaskSuspendAll
                0x00000c86        0xc FreeRTOS/Sources/tasks.o
                0x00000c86                vTaskSuspendAll
 .text.vTaskIncrementTick
                0x00000c92      0x154 FreeRTOS/Sources/tasks.o
                0x00000c92                vTaskIncrementTick
 .text.xTaskResumeAll
                0x00000de6       0xec FreeRTOS/Sources/tasks.o
                0x00000de6                xTaskResumeAll
 .text.vTaskDelay
                0x00000ed2       0x44 FreeRTOS/Sources/tasks.o
                0x00000ed2                vTaskDelay
 .text.prvCheckTasksWaitingTermination
                0x00000f16       0x5a FreeRTOS/Sources/tasks.o
 .text.prvIdleTask
                0x00000f70        0x6 FreeRTOS/Sources/tasks.o
 .text.vTaskSwitchContext
                0x00000f76       0xb2 FreeRTOS/Sources/tasks.o
                0x00000f76                vTaskSwitchContext
 .text.vTaskPlaceOnEventList
                0x00001028       0x3a FreeRTOS/Sources/tasks.o
                0x00001028                vTaskPlaceOnEventList
 .text.xTaskRemoveFromEventList
                0x00001062       0x8c FreeRTOS/Sources/tasks.o
                0x00001062                xTaskRemoveFromEventList
 .text.vTaskSetTimeOutState
                0x000010ee       0x16 FreeRTOS/Sources/tasks.o
                0x000010ee                vTaskSetTimeOutState
 .text.xTaskCheckForTimeOut
                0x00001104       0x6e FreeRTOS/Sources/tasks.o
                0x00001104                xTaskCheckForTimeOut
 .text.vTaskMissedYield
                0x00001172        0x8 FreeRTOS/Sources/tasks.o
                0x00001172                vTaskMissedYield
 .text.WriteIns
                0x0000117a       0xc0 HAL/LCD.o
 .text.WriteData
                0x0000123a       0xc0 HAL/LCD.o
 .text.LCD_Init
                0x000012fa       0x3e HAL/LCD.o
                0x000012fa                LCD_Init
 .text.LCD_Clear
                0x00001338       0x14 HAL/LCD.o
                0x00001338                LCD_Clear
 .text.LCD_WriteChar
                0x0000134c        0x6 HAL/LCD.o
                0x0000134c                LCD_WriteChar
 .text.LCD_WriteNumber
                0x00001352       0xc6 HAL/LCD.o
                0x00001352                LCD_WriteNumber
 .text.LCD_WriteString
                0x00001418       0x26 HAL/LCD.o
                0x00001418                LCD_WriteString
 .text.LCD_SetCursor_2
                0x0000143e       0x1c HAL/LCD.o
                0x0000143e                LCD_SetCursor_2
 .text.vInitEcu
                0x0000145a       0x2c main.o
                0x0000145a                vInitEcu
 .text.main     0x00001486       0x7a main.o
                0x00001486                main
 .text.DIO_InitPin
                0x00001500      0x1d0 MCAL/DIO.o
                0x00001500                DIO_InitPin
 .text.DIO_Init
                0x000016d0       0x20 MCAL/DIO.o
                0x000016d0                DIO_Init
 .text.DIO_WritePin
                0x000016f0      0x104 MCAL/DIO.o
                0x000016f0                DIO_WritePin
 .text.DIO_ReadPin
                0x000017f4       0x66 MCAL/DIO.o
                0x000017f4                DIO_ReadPin
 .text.DIO_TogglePin
                0x0000185a       0x82 MCAL/DIO.o
                0x0000185a                DIO_TogglePin
 .text.Task1_High
                0x000018dc       0x64 MyTasks/MyTasks.o
                0x000018dc                Task1_High
 .text.Task2_Medium
                0x00001940       0x98 MyTasks/MyTasks.o
                0x00001940                Task2_Medium
 .text.Task3_Low
                0x000019d8       0xbc MyTasks/MyTasks.o
                0x000019d8                Task3_Low
 .text.libgcc.div
                0x00001a94       0x44 c:/program files (x86)/atmel/studio/7.0/toolchain/avr8/avr8-gnu-toolchain/bin/../lib/gcc/avr/5.4.0/avr5\libgcc.a(_udivmodsi4.o)
                0x00001a94                __udivmodsi4
 .text.libgcc.div
                0x00001ad8       0x2e c:/program files (x86)/atmel/studio/7.0/toolchain/avr8/avr8-gnu-toolchain/bin/../lib/gcc/avr/5.4.0/avr5\libgcc.a(_divmodsi4.o)
                0x00001ad8                __divmodsi4
 .text.libgcc.div
                0x00001b06       0x10 c:/program files (x86)/atmel/studio/7.0/toolchain/avr8/avr8-gnu-toolchain/bin/../lib/gcc/avr/5.4.0/avr5\libgcc.a(_negsi2.o)
                0x00001b06                __negsi2
 .text.avr-libc
                0x00001b16       0x12 c:/program files (x86)/atmel/studio/7.0/toolchain/avr8/avr8-gnu-toolchain/bin/../lib/gcc/avr/5.4.0/../../../../avr/lib/avr5\libc.a(memcpy.o)
                0x00001b16                memcpy
 .text.avr-libc
                0x00001b28        0xe c:/program files (x86)/atmel/studio/7.0/toolchain/avr8/avr8-gnu-toolchain/bin/../lib/gcc/avr/5.4.0/../../../../avr/lib/avr5\libc.a(memset.o)
                0x00001b28                memset
 .text.avr-libc
                0x00001b36       0x1e c:/program files (x86)/atmel/studio/7.0/toolchain/avr8/avr8-gnu-toolchain/bin/../lib/gcc/avr/5.4.0/../../../../avr/lib/avr5\libc.a(strncpy.o)
                0x00001b36                strncpy
                0x00001b54                . = ALIGN (0x2)
 *(.fini9)
 .fini9         0x00001b54        0x0 c:/program files (x86)/atmel/studio/7.0/toolchain/avr8/avr8-gnu-toolchain/bin/../lib/gcc/avr/5.4.0/avr5\libgcc.a(_exit.o)
                0x00001b54                _exit
                0x00001b54                exit
 *(.fini9)
 *(.fini8)
 *(.fini8)
 *(.fini7)
 *(.fini7)
 *(.fini6)
 *(.fini6)
 *(.fini5)
 *(.fini5)
 *(.fini4)
 *(.fini4)
 *(.fini3)
 *(.fini3)
 *(.fini2)
 *(.fini2)
 *(.fini1)
 *(.fini1)
 *(.fini0)
 .fini0         0x00001b54        0x4 c:/program files (x86)/atmel/studio/7.0/toolchain/avr8/avr8-gnu-toolchain/bin/../lib/gcc/avr/5.4.0/avr5\libgcc.a(_exit.o)
 *(.fini0)
                0x00001b58                _etext = .

.data           0x00800060       0x34 load address 0x00001b58
                0x00800060                PROVIDE (__data_start, .)
 *(.data)
 *(.data*)
 .data.xNextTaskUnblockTime
                0x00800060        0x2 FreeRTOS/Sources/tasks.o
 *(.gnu.linkonce.d*)
 *(.rodata)
 *(.rodata*)
 .rodata.str1.1
                0x00800062        0x5 FreeRTOS/Sources/tasks.o
 .rodata.PinsStatusArray
                0x00800067       0x20 MCAL/DIO_cfg.o
                0x00800067                PinsStatusArray
 .rodata.str1.1
                0x00800087        0xd MyTasks/MyTasks.o
 *(.gnu.linkonce.r*)
                0x00800094                . = ALIGN (0x2)
                0x00800094                _edata = .
                0x00800094                PROVIDE (__data_end, .)

.bss            0x00800094      0x4b8
                0x00800094                PROVIDE (__bss_start, .)
 *(.bss)
 *(.bss*)
 .bss.xNextFreeByte
                0x00800094        0x2 FreeRTOS/Sources/heap_1.o
 .bss.xHeap     0x00800096      0x44c FreeRTOS/Sources/heap_1.o
 .bss.uxTaskNumber
                0x008004e2        0x1 FreeRTOS/Sources/tasks.o
 .bss.xNumOfOverflows
                0x008004e3        0x1 FreeRTOS/Sources/tasks.o
 .bss.xMissedYield
                0x008004e4        0x1 FreeRTOS/Sources/tasks.o
 .bss.uxMissedTicks
                0x008004e5        0x1 FreeRTOS/Sources/tasks.o
 .bss.uxSchedulerSuspended
                0x008004e6        0x1 FreeRTOS/Sources/tasks.o
 .bss.xSchedulerRunning
                0x008004e7        0x1 FreeRTOS/Sources/tasks.o
 .bss.uxTopReadyPriority
                0x008004e8        0x1 FreeRTOS/Sources/tasks.o
 .bss.uxTopUsedPriority
                0x008004e9        0x1 FreeRTOS/Sources/tasks.o
 .bss.xTickCount
                0x008004ea        0x2 FreeRTOS/Sources/tasks.o
 .bss.uxCurrentNumberOfTasks
                0x008004ec        0x1 FreeRTOS/Sources/tasks.o
 .bss.uxTasksDeleted
                0x008004ed        0x1 FreeRTOS/Sources/tasks.o
 .bss.xTasksWaitingTermination
                0x008004ee        0x9 FreeRTOS/Sources/tasks.o
 .bss.xPendingReadyList
                0x008004f7        0x9 FreeRTOS/Sources/tasks.o
 .bss.pxOverflowDelayedTaskList
                0x00800500        0x2 FreeRTOS/Sources/tasks.o
 .bss.pxDelayedTaskList
                0x00800502        0x2 FreeRTOS/Sources/tasks.o
 .bss.xDelayedTaskList2
                0x00800504        0x9 FreeRTOS/Sources/tasks.o
 .bss.xDelayedTaskList1
                0x0080050d        0x9 FreeRTOS/Sources/tasks.o
 .bss.pxReadyTasksLists
                0x00800516       0x2d FreeRTOS/Sources/tasks.o
 .bss.pxCurrentTCB
                0x00800543        0x2 FreeRTOS/Sources/tasks.o
                0x00800543                pxCurrentTCB
 .bss.counter.2109
                0x00800545        0x1 MyTasks/MyTasks.o
 .bss.x.2102    0x00800546        0x2 MyTasks/MyTasks.o
 .bss.flag.2103
                0x00800548        0x2 MyTasks/MyTasks.o
 .bss.semSynch  0x0080054a        0x2 MyTasks/MyTasks.o
                0x0080054a                semSynch
 *(COMMON)
                0x0080054c                PROVIDE (__bss_end, .)
                0x00001b58                __data_load_start = LOADADDR (.data)
                0x00001b8c                __data_load_end = (__data_load_start + SIZEOF (.data))

.noinit         0x0080054c        0x0
                [!provide]                PROVIDE (__noinit_start, .)
 *(.noinit*)
                [!provide]                PROVIDE (__noinit_end, .)
                0x0080054c                _end = .
                0x0080054c                PROVIDE (__heap_start, .)

.eeprom         0x00810000        0x0
 *(.eeprom*)
                0x00810000                __eeprom_end = .

.fuse
 *(.fuse)
 *(.lfuse)
 *(.hfuse)
 *(.efuse)

.lock
 *(.lock*)

.signature
 *(.signature*)

.user_signatures
 *(.user_signatures*)

.stab
 *(.stab)

.stabstr
 *(.stabstr)

.stab.excl
 *(.stab.excl)

.stab.exclstr
 *(.stab.exclstr)

.stab.index
 *(.stab.index)

.stab.indexstr
 *(.stab.indexstr)

.comment        0x00000000       0x30
 *(.comment)
 .comment       0x00000000       0x30 FreeRTOS/Sources/heap_1.o
                                 0x31 (size before relaxing)
 .comment       0x00000030       0x31 FreeRTOS/Sources/list.o
 .comment       0x00000030       0x31 FreeRTOS/Sources/port.o
 .comment       0x00000030       0x31 FreeRTOS/Sources/queue.o
 .comment       0x00000030       0x31 FreeRTOS/Sources/tasks.o
 .comment       0x00000030       0x31 HAL/LCD.o
 .comment       0x00000030       0x31 main.o
 .comment       0x00000030       0x31 MCAL/DIO.o
 .comment       0x00000030       0x31 MCAL/DIO_cfg.o
 .comment       0x00000030       0x31 MyTasks/MyTasks.o

.note.gnu.avr.deviceinfo
                0x00000000       0x3c
 .note.gnu.avr.deviceinfo
                0x00000000       0x3c C:/Program Files (x86)/Atmel/Studio/7.0/Packs/atmel/ATmega_DFP/1.7.374/gcc/dev/atmega32/avr5/crtatmega32.o

.note.gnu.build-id
 *(.note.gnu.build-id)

.debug
 *(.debug)

.line
 *(.line)

.debug_srcinfo
 *(.debug_srcinfo)

.debug_sfnames
 *(.debug_sfnames)

.debug_aranges  0x00000000      0x3a8
 *(.debug_aranges)
 .debug_aranges
                0x00000000       0x38 FreeRTOS/Sources/heap_1.o
 .debug_aranges
                0x00000038       0x40 FreeRTOS/Sources/list.o
 .debug_aranges
                0x00000078       0x50 FreeRTOS/Sources/port.o
 .debug_aranges
                0x000000c8       0x98 FreeRTOS/Sources/queue.o
 .debug_aranges
                0x00000160       0xe0 FreeRTOS/Sources/tasks.o
 .debug_aranges
                0x00000240       0xb0 HAL/LCD.o
 .debug_aranges
                0x000002f0       0x28 main.o
 .debug_aranges
                0x00000318       0x48 MCAL/DIO.o
 .debug_aranges
                0x00000360       0x18 MCAL/DIO_cfg.o
 .debug_aranges
                0x00000378       0x30 MyTasks/MyTasks.o

.debug_pubnames
 *(.debug_pubnames)

.debug_info     0x00000000     0x4994
 *(.debug_info .gnu.linkonce.wi.*)
 .debug_info    0x00000000      0x4e6 C:/Program Files (x86)/Atmel/Studio/7.0/Packs/atmel/ATmega_DFP/1.7.374/gcc/dev/atmega32/avr5/crtatmega32.o
 .debug_info    0x000004e6      0x1a7 FreeRTOS/Sources/heap_1.o
 .debug_info    0x0000068d      0x2c1 FreeRTOS/Sources/list.o
 .debug_info    0x0000094e      0x229 FreeRTOS/Sources/port.o
 .debug_info    0x00000b77      0xc72 FreeRTOS/Sources/queue.o
 .debug_info    0x000017e9     0x10fe FreeRTOS/Sources/tasks.o
 .debug_info    0x000028e7     0x114e HAL/LCD.o
 .debug_info    0x00003a35      0x424 main.o
 .debug_info    0x00003e59      0x39f MCAL/DIO.o
 .debug_info    0x000041f8      0x186 MCAL/DIO_cfg.o
 .debug_info    0x0000437e      0x616 MyTasks/MyTasks.o

.debug_abbrev   0x00000000     0x137c
 *(.debug_abbrev)
 .debug_abbrev  0x00000000      0x4a3 C:/Program Files (x86)/Atmel/Studio/7.0/Packs/atmel/ATmega_DFP/1.7.374/gcc/dev/atmega32/avr5/crtatmega32.o
 .debug_abbrev  0x000004a3      0x136 FreeRTOS/Sources/heap_1.o
 .debug_abbrev  0x000005d9       0xf6 FreeRTOS/Sources/list.o
 .debug_abbrev  0x000006cf      0x143 FreeRTOS/Sources/port.o
 .debug_abbrev  0x00000812      0x1ed FreeRTOS/Sources/queue.o
 .debug_abbrev  0x000009ff      0x25b FreeRTOS/Sources/tasks.o
 .debug_abbrev  0x00000c5a      0x2a1 HAL/LCD.o
 .debug_abbrev  0x00000efb       0xf3 main.o
 .debug_abbrev  0x00000fee      0x147 MCAL/DIO.o
 .debug_abbrev  0x00001135       0x6a MCAL/DIO_cfg.o
 .debug_abbrev  0x0000119f      0x1dd MyTasks/MyTasks.o

.debug_line     0x00000000     0x2514
 *(.debug_line .debug_line.* .debug_line_end)
 .debug_line    0x00000000      0x116 C:/Program Files (x86)/Atmel/Studio/7.0/Packs/atmel/ATmega_DFP/1.7.374/gcc/dev/atmega32/avr5/crtatmega32.o
 .debug_line    0x00000116      0x154 FreeRTOS/Sources/heap_1.o
 .debug_line    0x0000026a      0x195 FreeRTOS/Sources/list.o
 .debug_line    0x000003ff      0x2c0 FreeRTOS/Sources/port.o
 .debug_line    0x000006bf      0x656 FreeRTOS/Sources/queue.o
 .debug_line    0x00000d15      0x941 FreeRTOS/Sources/tasks.o
 .debug_line    0x00001656      0x7e0 HAL/LCD.o
 .debug_line    0x00001e36      0x12a main.o
 .debug_line    0x00001f60      0x2bf MCAL/DIO.o
 .debug_line    0x0000221f       0x42 MCAL/DIO_cfg.o
 .debug_line    0x00002261      0x2b3 MyTasks/MyTasks.o

.debug_frame    0x00000000      0x9c8
 *(.debug_frame)
 .debug_frame   0x00000000       0x60 FreeRTOS/Sources/heap_1.o
 .debug_frame   0x00000060       0x7c FreeRTOS/Sources/list.o
 .debug_frame   0x000000dc       0x84 FreeRTOS/Sources/port.o
 .debug_frame   0x00000160      0x204 FreeRTOS/Sources/queue.o
 .debug_frame   0x00000364      0x310 FreeRTOS/Sources/tasks.o
 .debug_frame   0x00000674      0x240 HAL/LCD.o
 .debug_frame   0x000008b4       0x34 main.o
 .debug_frame   0x000008e8       0x7c MCAL/DIO.o
 .debug_frame   0x00000964       0x64 MyTasks/MyTasks.o

.debug_str      0x00000000     0x130d
 *(.debug_str)
 .debug_str     0x00000000      0x196 C:/Program Files (x86)/Atmel/Studio/7.0/Packs/atmel/ATmega_DFP/1.7.374/gcc/dev/atmega32/avr5/crtatmega32.o
 .debug_str     0x00000196      0x22c FreeRTOS/Sources/heap_1.o
                                0x265 (size before relaxing)
 .debug_str     0x000003c2      0x146 FreeRTOS/Sources/list.o
                                0x2cd (size before relaxing)
 .debug_str     0x00000508      0x120 FreeRTOS/Sources/port.o
                                0x2ca (size before relaxing)
 .debug_str     0x00000628      0x3b5 FreeRTOS/Sources/queue.o
                                0x666 (size before relaxing)
 .debug_str     0x000009dd      0x4a3 FreeRTOS/Sources/tasks.o
                                0x8c5 (size before relaxing)
 .debug_str     0x00000e80      0x30a HAL/LCD.o
                                0x4ac (size before relaxing)
 .debug_str     0x0000118a       0x5e main.o
                                0x3a7 (size before relaxing)
 .debug_str     0x000011e8       0xc1 MCAL/DIO.o
                                0x3c4 (size before relaxing)
 .debug_str     0x000012a9       0x12 MCAL/DIO_cfg.o
                                0x306 (size before relaxing)
 .debug_str     0x000012bb       0x52 MyTasks/MyTasks.o
                                0x42f (size before relaxing)

.debug_loc      0x00000000     0x3795
 *(.debug_loc)
 .debug_loc     0x00000000       0xf1 FreeRTOS/Sources/heap_1.o
 .debug_loc     0x000000f1       0xfe FreeRTOS/Sources/list.o
 .debug_loc     0x000001ef      0x2a0 FreeRTOS/Sources/port.o
 .debug_loc     0x0000048f      0xc21 FreeRTOS/Sources/queue.o
 .debug_loc     0x000010b0      0xed8 FreeRTOS/Sources/tasks.o
 .debug_loc     0x00001f88      0xfca HAL/LCD.o
 .debug_loc     0x00002f52      0x6d8 MCAL/DIO.o
 .debug_loc     0x0000362a      0x16b MyTasks/MyTasks.o

.debug_macinfo
 *(.debug_macinfo)

.debug_weaknames
 *(.debug_weaknames)

.debug_funcnames
 *(.debug_funcnames)

.debug_typenames
 *(.debug_typenames)

.debug_varnames
 *(.debug_varnames)

.debug_pubtypes
 *(.debug_pubtypes)

.debug_ranges   0x00000000      0x318
 *(.debug_ranges)
 .debug_ranges  0x00000000       0x28 FreeRTOS/Sources/heap_1.o
 .debug_ranges  0x00000028       0x30 FreeRTOS/Sources/list.o
 .debug_ranges  0x00000058       0x40 FreeRTOS/Sources/port.o
 .debug_ranges  0x00000098       0x88 FreeRTOS/Sources/queue.o
 .debug_ranges  0x00000120       0xe8 FreeRTOS/Sources/tasks.o
 .debug_ranges  0x00000208       0xa0 HAL/LCD.o
 .debug_ranges  0x000002a8       0x18 main.o
 .debug_ranges  0x000002c0       0x38 MCAL/DIO.o
 .debug_ranges  0x000002f8       0x20 MyTasks/MyTasks.o

.debug_macro
 *(.debug_macro)
OUTPUT(RTOS_Code_with_All_Drivers.elf elf32-avr)
LOAD linker stubs
