Archive member included to satisfy reference by file (symbol)

c:/program files (x86)/atmel/studio/7.0/toolchain/avr8/avr8-gnu-toolchain/bin/../lib/gcc/avr/5.4.0/avr5\libgcc.a(_divmodsi4.o)
                              HAL/LCD.o (__divmodsi4)
c:/program files (x86)/atmel/studio/7.0/toolchain/avr8/avr8-gnu-toolchain/bin/../lib/gcc/avr/5.4.0/avr5\libgcc.a(_negsi2.o)
                              c:/program files (x86)/atmel/studio/7.0/toolchain/avr8/avr8-gnu-toolchain/bin/../lib/gcc/avr/5.4.0/avr5\libgcc.a(_divmodsi4.o) (__negsi2)
c:/program files (x86)/atmel/studio/7.0/toolchain/avr8/avr8-gnu-toolchain/bin/../lib/gcc/avr/5.4.0/avr5\libgcc.a(_exit.o)
                              C:/Program Files (x86)/Atmel/Studio/7.0/Packs/atmel/ATmega_DFP/1.7.374/gcc/dev/atmega32/avr5/crtatmega32.o (exit)
c:/program files (x86)/atmel/studio/7.0/toolchain/avr8/avr8-gnu-toolchain/bin/../lib/gcc/avr/5.4.0/avr5\libgcc.a(_tablejump2.o)
                              HAL/LCD.o (__tablejump2__)
c:/program files (x86)/atmel/studio/7.0/toolchain/avr8/avr8-gnu-toolchain/bin/../lib/gcc/avr/5.4.0/avr5\libgcc.a(_copy_data.o)
                              FreeRTOS/Sources/tasks.o (__do_copy_data)
c:/program files (x86)/atmel/studio/7.0/toolchain/avr8/avr8-gnu-toolchain/bin/../lib/gcc/avr/5.4.0/avr5\libgcc.a(_clear_bss.o)
                              FreeRTOS/Sources/croutine.o (__do_clear_bss)
c:/program files (x86)/atmel/studio/7.0/toolchain/avr8/avr8-gnu-toolchain/bin/../lib/gcc/avr/5.4.0/avr5\libgcc.a(_umulhisi3.o)
                              HAL/LCD.o (__umulhisi3)
c:/program files (x86)/atmel/studio/7.0/toolchain/avr8/avr8-gnu-toolchain/bin/../lib/gcc/avr/5.4.0/avr5\libgcc.a(_udivmodsi4.o)
                              c:/program files (x86)/atmel/studio/7.0/toolchain/avr8/avr8-gnu-toolchain/bin/../lib/gcc/avr/5.4.0/avr5\libgcc.a(_divmodsi4.o) (__udivmodsi4)
c:/program files (x86)/atmel/studio/7.0/toolchain/avr8/avr8-gnu-toolchain/bin/../lib/gcc/avr/5.4.0/../../../../avr/lib/avr5\libc.a(memcpy.o)
                              FreeRTOS/Sources/queue.o (memcpy)
c:/program files (x86)/atmel/studio/7.0/toolchain/avr8/avr8-gnu-toolchain/bin/../lib/gcc/avr/5.4.0/../../../../avr/lib/avr5\libc.a(memset.o)
                              FreeRTOS/Sources/tasks.o (memset)
c:/program files (x86)/atmel/studio/7.0/toolchain/avr8/avr8-gnu-toolchain/bin/../lib/gcc/avr/5.4.0/../../../../avr/lib/avr5\libc.a(strncpy.o)
                              FreeRTOS/Sources/tasks.o (strncpy)

Discarded input sections

 .data          0x00000000        0x0 C:/Program Files (x86)/Atmel/Studio/7.0/Packs/atmel/ATmega_DFP/1.7.374/gcc/dev/atmega32/avr5/crtatmega32.o
 .bss           0x00000000        0x0 C:/Program Files (x86)/Atmel/Studio/7.0/Packs/atmel/ATmega_DFP/1.7.374/gcc/dev/atmega32/avr5/crtatmega32.o
 .text          0x00000000        0x0 FreeRTOS/Sources/croutine.o
 .data          0x00000000        0x0 FreeRTOS/Sources/croutine.o
 .bss           0x00000000        0x0 FreeRTOS/Sources/croutine.o
 .text.prvInitialiseCoRoutineLists
                0x00000000       0x5e FreeRTOS/Sources/croutine.o
 .text.prvCheckPendingReadyList
                0x00000000       0x6c FreeRTOS/Sources/croutine.o
 .text.prvCheckDelayedList
                0x00000000      0x106 FreeRTOS/Sources/croutine.o
 .text.xCoRoutineCreate
                0x00000000       0xba FreeRTOS/Sources/croutine.o
 .text.vCoRoutineAddToDelayedList
                0x00000000       0x86 FreeRTOS/Sources/croutine.o
 .text.vCoRoutineSchedule
                0x00000000       0xb0 FreeRTOS/Sources/croutine.o
 .text.xCoRoutineRemoveFromEventList
                0x00000000       0x4c FreeRTOS/Sources/croutine.o
 .bss.xPassedTicks
                0x00000000        0x2 FreeRTOS/Sources/croutine.o
 .bss.xLastTickCount
                0x00000000        0x2 FreeRTOS/Sources/croutine.o
 .bss.xCoRoutineTickCount
                0x00000000        0x2 FreeRTOS/Sources/croutine.o
 .bss.uxTopCoRoutineReadyPriority
                0x00000000        0x1 FreeRTOS/Sources/croutine.o
 .bss.pxCurrentCoRoutine
                0x00000000        0x2 FreeRTOS/Sources/croutine.o
 .bss.xPendingReadyCoRoutineList
                0x00000000        0x9 FreeRTOS/Sources/croutine.o
 .bss.pxOverflowDelayedCoRoutineList
                0x00000000        0x2 FreeRTOS/Sources/croutine.o
 .bss.pxDelayedCoRoutineList
                0x00000000        0x2 FreeRTOS/Sources/croutine.o
 .bss.xDelayedCoRoutineList2
                0x00000000        0x9 FreeRTOS/Sources/croutine.o
 .bss.xDelayedCoRoutineList1
                0x00000000        0x9 FreeRTOS/Sources/croutine.o
 .bss.pxReadyCoRoutineLists
                0x00000000       0x12 FreeRTOS/Sources/croutine.o
 .debug_info    0x00000000      0x71c FreeRTOS/Sources/croutine.o
 .debug_abbrev  0x00000000      0x205 FreeRTOS/Sources/croutine.o
 .debug_loc     0x00000000      0x3f0 FreeRTOS/Sources/croutine.o
 .debug_aranges
                0x00000000       0x50 FreeRTOS/Sources/croutine.o
 .debug_ranges  0x00000000       0x40 FreeRTOS/Sources/croutine.o
 .debug_line    0x00000000      0x366 FreeRTOS/Sources/croutine.o
 .debug_str     0x00000000      0x565 FreeRTOS/Sources/croutine.o
 .comment       0x00000000       0x31 FreeRTOS/Sources/croutine.o
 .debug_frame   0x00000000      0x100 FreeRTOS/Sources/croutine.o
 .text          0x00000000        0x0 FreeRTOS/Sources/heap_1.o
 .data          0x00000000        0x0 FreeRTOS/Sources/heap_1.o
 .bss           0x00000000        0x0 FreeRTOS/Sources/heap_1.o
 .text.vPortInitialiseBlocks
                0x00000000        0xa FreeRTOS/Sources/heap_1.o
 .text.xPortGetFreeHeapSize
                0x00000000       0x12 FreeRTOS/Sources/heap_1.o
 .text          0x00000000        0x0 FreeRTOS/Sources/list.o
 .data          0x00000000        0x0 FreeRTOS/Sources/list.o
 .bss           0x00000000        0x0 FreeRTOS/Sources/list.o
 .text          0x00000000        0x0 FreeRTOS/Sources/port.o
 .data          0x00000000        0x0 FreeRTOS/Sources/port.o
 .bss           0x00000000        0x0 FreeRTOS/Sources/port.o
 .text.vPortEndScheduler
                0x00000000        0x2 FreeRTOS/Sources/port.o
 .text.vPortYieldFromTick
                0x00000000       0xb6 FreeRTOS/Sources/port.o
 .text          0x00000000        0x0 FreeRTOS/Sources/queue.o
 .data          0x00000000        0x0 FreeRTOS/Sources/queue.o
 .bss           0x00000000        0x0 FreeRTOS/Sources/queue.o
 .text.prvIsQueueEmpty
                0x00000000       0x16 FreeRTOS/Sources/queue.o
 .text.prvIsQueueFull
                0x00000000       0x18 FreeRTOS/Sources/queue.o
 .text.prvCopyDataToQueue
                0x00000000       0x82 FreeRTOS/Sources/queue.o
 .text.prvCopyDataFromQueue
                0x00000000       0x34 FreeRTOS/Sources/queue.o
 .text.prvUnlockQueue
                0x00000000       0x6c FreeRTOS/Sources/queue.o
 .text.xQueueCreate
                0x00000000       0xc0 FreeRTOS/Sources/queue.o
 .text.xQueueGenericSend
                0x00000000      0x116 FreeRTOS/Sources/queue.o
 .text.xQueueGenericSendFromISR
                0x00000000       0x58 FreeRTOS/Sources/queue.o
 .text.xQueueGenericReceive
                0x00000000      0x144 FreeRTOS/Sources/queue.o
 .text.xQueueReceiveFromISR
                0x00000000       0x5a FreeRTOS/Sources/queue.o
 .text.uxQueueMessagesWaiting
                0x00000000       0x10 FreeRTOS/Sources/queue.o
 .text.uxQueueMessagesWaitingFromISR
                0x00000000        0x6 FreeRTOS/Sources/queue.o
 .text.vQueueDelete
                0x00000000       0x1a FreeRTOS/Sources/queue.o
 .text.xQueueIsQueueEmptyFromISR
                0x00000000        0xc FreeRTOS/Sources/queue.o
 .text.xQueueIsQueueFullFromISR
                0x00000000        0xe FreeRTOS/Sources/queue.o
 .debug_info    0x00000000      0xc09 FreeRTOS/Sources/queue.o
 .debug_abbrev  0x00000000      0x1ed FreeRTOS/Sources/queue.o
 .debug_loc     0x00000000      0xbb2 FreeRTOS/Sources/queue.o
 .debug_aranges
                0x00000000       0x90 FreeRTOS/Sources/queue.o
 .debug_ranges  0x00000000       0x80 FreeRTOS/Sources/queue.o
 .debug_line    0x00000000      0x62d FreeRTOS/Sources/queue.o
 .debug_str     0x00000000      0x624 FreeRTOS/Sources/queue.o
 .comment       0x00000000       0x31 FreeRTOS/Sources/queue.o
 .debug_frame   0x00000000      0x1ec FreeRTOS/Sources/queue.o
 .text          0x00000000        0x0 FreeRTOS/Sources/tasks.o
 .data          0x00000000        0x0 FreeRTOS/Sources/tasks.o
 .bss           0x00000000        0x0 FreeRTOS/Sources/tasks.o
 .text.vTaskDelete
                0x00000000       0x96 FreeRTOS/Sources/tasks.o
 .text.vTaskEndScheduler
                0x00000000        0xc FreeRTOS/Sources/tasks.o
 .text.xTaskGetTickCount
                0x00000000       0x14 FreeRTOS/Sources/tasks.o
 .text.xTaskGetTickCountFromISR
                0x00000000        0xa FreeRTOS/Sources/tasks.o
 .text.uxTaskGetNumberOfTasks
                0x00000000        0x6 FreeRTOS/Sources/tasks.o
 .text.vTaskDelayUntil
                0x00000000       0x9a FreeRTOS/Sources/tasks.o
 .text.vTaskPlaceOnEventList
                0x00000000       0x3a FreeRTOS/Sources/tasks.o
 .text.xTaskRemoveFromEventList
                0x00000000       0x8c FreeRTOS/Sources/tasks.o
 .text.vTaskSetTimeOutState
                0x00000000       0x16 FreeRTOS/Sources/tasks.o
 .text.xTaskCheckForTimeOut
                0x00000000       0x6e FreeRTOS/Sources/tasks.o
 .text.vTaskMissedYield
                0x00000000        0x8 FreeRTOS/Sources/tasks.o
 .text          0x00000000        0x0 FreeRTOS/Sources/timers.o
 .data          0x00000000        0x0 FreeRTOS/Sources/timers.o
 .bss           0x00000000        0x0 FreeRTOS/Sources/timers.o
 .debug_info    0x00000000       0x6b FreeRTOS/Sources/timers.o
 .debug_abbrev  0x00000000       0x26 FreeRTOS/Sources/timers.o
 .debug_aranges
                0x00000000       0x18 FreeRTOS/Sources/timers.o
 .debug_line    0x00000000       0x1a FreeRTOS/Sources/timers.o
 .debug_str     0x00000000      0x1bb FreeRTOS/Sources/timers.o
 .comment       0x00000000       0x31 FreeRTOS/Sources/timers.o
 .text          0x00000000        0x0 HAL/LCD.o
 .data          0x00000000        0x0 HAL/LCD.o
 .bss           0x00000000        0x0 HAL/LCD.o
 .text.WriteData
                0x00000000       0xc0 HAL/LCD.o
 .text.LCD_Clear
                0x00000000       0x14 HAL/LCD.o
 .text.LCD_WriteChar
                0x00000000        0x6 HAL/LCD.o
 .text.LCD_Clear_With_Began
                0x00000000       0x34 HAL/LCD.o
 .text.LCD_WriteNumber
                0x00000000       0xc6 HAL/LCD.o
 .text.string_length
                0x00000000       0x16 HAL/LCD.o
 .text.LCD_WriteString
                0x00000000       0x26 HAL/LCD.o
 .rodata        0x00000000        0x8 HAL/LCD.o
 .text.set_CGRam
                0x00000000       0x50 HAL/LCD.o
 .text.LCD_SetCursor_1
                0x00000000      0x138 HAL/LCD.o
 .progmem.gcc_sw_table.LCD_SetCursor_1
                0x00000000       0x40 HAL/LCD.o
 .text.LCD_SetCursor_2
                0x00000000       0x1c HAL/LCD.o
 .text.LCD_WriteBinary_1
                0x00000000       0x7c HAL/LCD.o
 .text.LCD_WriteNumberBinary_2
                0x00000000       0x30 HAL/LCD.o
 .text.LCD_WriteNumberBinary_3
                0x00000000       0x40 HAL/LCD.o
 .text.LCD_WriteHex
                0x00000000       0x8c HAL/LCD.o
 .text.LCD_WriteNumber_4D
                0x00000000      0x142 HAL/LCD.o
 .text.LCD_CreateCharacter
                0x00000000       0x36 HAL/LCD.o
 .text.LCD_WriteNumber_SetCursor
                0x00000000       0x26 HAL/LCD.o
 .bss.LCD_Count
                0x00000000        0x1 HAL/LCD.o
 .text          0x00000000        0x0 main.o
 .data          0x00000000        0x0 main.o
 .bss           0x00000000        0x0 main.o
 .text          0x00000000        0x0 MCAL/DIO.o
 .data          0x00000000        0x0 MCAL/DIO.o
 .bss           0x00000000        0x0 MCAL/DIO.o
 .text.DIO_ReadPin
                0x00000000       0x66 MCAL/DIO.o
 .text.DIO_WritePort
                0x00000000       0x20 MCAL/DIO.o
 .text          0x00000000        0x0 MCAL/DIO_Lcfg.o
 .data          0x00000000        0x0 MCAL/DIO_Lcfg.o
 .bss           0x00000000        0x0 MCAL/DIO_Lcfg.o
 .text          0x00000000        0x0 MyTasks.o
 .data          0x00000000        0x0 MyTasks.o
 .bss           0x00000000        0x0 MyTasks.o
 .rodata.str1.1
                0x00000000       0x11 MyTasks.o
 .text.Task1_LcdUpdate
                0x00000000       0x5a MyTasks.o
 .text.Task2_LcdUpdate
                0x00000000       0x48 MyTasks.o
 .text.vApplicationIdleHook
                0x00000000       0x22 MyTasks.o
 .text.vApplicationTickHook
                0x00000000       0x40 MyTasks.o
 .bss.Tick_Counter.2046
                0x00000000        0x2 MyTasks.o
 .data.let.2033
                0x00000000        0x1 MyTasks.o
 .data.letter.2032
                0x00000000        0x1 MyTasks.o
 .bss.position.2027
                0x00000000        0x1 MyTasks.o
 .data.letter.2026
                0x00000000        0x1 MyTasks.o
 .text          0x00000000        0x0 c:/program files (x86)/atmel/studio/7.0/toolchain/avr8/avr8-gnu-toolchain/bin/../lib/gcc/avr/5.4.0/avr5\libgcc.a(_divmodsi4.o)
 .data          0x00000000        0x0 c:/program files (x86)/atmel/studio/7.0/toolchain/avr8/avr8-gnu-toolchain/bin/../lib/gcc/avr/5.4.0/avr5\libgcc.a(_divmodsi4.o)
 .bss           0x00000000        0x0 c:/program files (x86)/atmel/studio/7.0/toolchain/avr8/avr8-gnu-toolchain/bin/../lib/gcc/avr/5.4.0/avr5\libgcc.a(_divmodsi4.o)
 .text.libgcc.mul
                0x00000000        0x0 c:/program files (x86)/atmel/studio/7.0/toolchain/avr8/avr8-gnu-toolchain/bin/../lib/gcc/avr/5.4.0/avr5\libgcc.a(_divmodsi4.o)
 .text.libgcc.div
                0x00000000       0x2e c:/program files (x86)/atmel/studio/7.0/toolchain/avr8/avr8-gnu-toolchain/bin/../lib/gcc/avr/5.4.0/avr5\libgcc.a(_divmodsi4.o)
 .text.libgcc   0x00000000        0x0 c:/program files (x86)/atmel/studio/7.0/toolchain/avr8/avr8-gnu-toolchain/bin/../lib/gcc/avr/5.4.0/avr5\libgcc.a(_divmodsi4.o)
 .text.libgcc.prologue
                0x00000000        0x0 c:/program files (x86)/atmel/studio/7.0/toolchain/avr8/avr8-gnu-toolchain/bin/../lib/gcc/avr/5.4.0/avr5\libgcc.a(_divmodsi4.o)
 .text.libgcc.builtins
                0x00000000        0x0 c:/program files (x86)/atmel/studio/7.0/toolchain/avr8/avr8-gnu-toolchain/bin/../lib/gcc/avr/5.4.0/avr5\libgcc.a(_divmodsi4.o)
 .text.libgcc.fmul
                0x00000000        0x0 c:/program files (x86)/atmel/studio/7.0/toolchain/avr8/avr8-gnu-toolchain/bin/../lib/gcc/avr/5.4.0/avr5\libgcc.a(_divmodsi4.o)
 .text.libgcc.fixed
                0x00000000        0x0 c:/program files (x86)/atmel/studio/7.0/toolchain/avr8/avr8-gnu-toolchain/bin/../lib/gcc/avr/5.4.0/avr5\libgcc.a(_divmodsi4.o)
 .text          0x00000000        0x0 c:/program files (x86)/atmel/studio/7.0/toolchain/avr8/avr8-gnu-toolchain/bin/../lib/gcc/avr/5.4.0/avr5\libgcc.a(_negsi2.o)
 .data          0x00000000        0x0 c:/program files (x86)/atmel/studio/7.0/toolchain/avr8/avr8-gnu-toolchain/bin/../lib/gcc/avr/5.4.0/avr5\libgcc.a(_negsi2.o)
 .bss           0x00000000        0x0 c:/program files (x86)/atmel/studio/7.0/toolchain/avr8/avr8-gnu-toolchain/bin/../lib/gcc/avr/5.4.0/avr5\libgcc.a(_negsi2.o)
 .text.libgcc.mul
                0x00000000        0x0 c:/program files (x86)/atmel/studio/7.0/toolchain/avr8/avr8-gnu-toolchain/bin/../lib/gcc/avr/5.4.0/avr5\libgcc.a(_negsi2.o)
 .text.libgcc.div
                0x00000000       0x10 c:/program files (x86)/atmel/studio/7.0/toolchain/avr8/avr8-gnu-toolchain/bin/../lib/gcc/avr/5.4.0/avr5\libgcc.a(_negsi2.o)
 .text.libgcc   0x00000000        0x0 c:/program files (x86)/atmel/studio/7.0/toolchain/avr8/avr8-gnu-toolchain/bin/../lib/gcc/avr/5.4.0/avr5\libgcc.a(_negsi2.o)
 .text.libgcc.prologue
                0x00000000        0x0 c:/program files (x86)/atmel/studio/7.0/toolchain/avr8/avr8-gnu-toolchain/bin/../lib/gcc/avr/5.4.0/avr5\libgcc.a(_negsi2.o)
 .text.libgcc.builtins
                0x00000000        0x0 c:/program files (x86)/atmel/studio/7.0/toolchain/avr8/avr8-gnu-toolchain/bin/../lib/gcc/avr/5.4.0/avr5\libgcc.a(_negsi2.o)
 .text.libgcc.fmul
                0x00000000        0x0 c:/program files (x86)/atmel/studio/7.0/toolchain/avr8/avr8-gnu-toolchain/bin/../lib/gcc/avr/5.4.0/avr5\libgcc.a(_negsi2.o)
 .text.libgcc.fixed
                0x00000000        0x0 c:/program files (x86)/atmel/studio/7.0/toolchain/avr8/avr8-gnu-toolchain/bin/../lib/gcc/avr/5.4.0/avr5\libgcc.a(_negsi2.o)
 .text          0x00000000        0x0 c:/program files (x86)/atmel/studio/7.0/toolchain/avr8/avr8-gnu-toolchain/bin/../lib/gcc/avr/5.4.0/avr5\libgcc.a(_exit.o)
 .data          0x00000000        0x0 c:/program files (x86)/atmel/studio/7.0/toolchain/avr8/avr8-gnu-toolchain/bin/../lib/gcc/avr/5.4.0/avr5\libgcc.a(_exit.o)
 .bss           0x00000000        0x0 c:/program files (x86)/atmel/studio/7.0/toolchain/avr8/avr8-gnu-toolchain/bin/../lib/gcc/avr/5.4.0/avr5\libgcc.a(_exit.o)
 .text.libgcc.mul
                0x00000000        0x0 c:/program files (x86)/atmel/studio/7.0/toolchain/avr8/avr8-gnu-toolchain/bin/../lib/gcc/avr/5.4.0/avr5\libgcc.a(_exit.o)
 .text.libgcc.div
                0x00000000        0x0 c:/program files (x86)/atmel/studio/7.0/toolchain/avr8/avr8-gnu-toolchain/bin/../lib/gcc/avr/5.4.0/avr5\libgcc.a(_exit.o)
 .text.libgcc   0x00000000        0x0 c:/program files (x86)/atmel/studio/7.0/toolchain/avr8/avr8-gnu-toolchain/bin/../lib/gcc/avr/5.4.0/avr5\libgcc.a(_exit.o)
 .text.libgcc.prologue
                0x00000000        0x0 c:/program files (x86)/atmel/studio/7.0/toolchain/avr8/avr8-gnu-toolchain/bin/../lib/gcc/avr/5.4.0/avr5\libgcc.a(_exit.o)
 .text.libgcc.builtins
                0x00000000        0x0 c:/program files (x86)/atmel/studio/7.0/toolchain/avr8/avr8-gnu-toolchain/bin/../lib/gcc/avr/5.4.0/avr5\libgcc.a(_exit.o)
 .text.libgcc.fmul
                0x00000000        0x0 c:/program files (x86)/atmel/studio/7.0/toolchain/avr8/avr8-gnu-toolchain/bin/../lib/gcc/avr/5.4.0/avr5\libgcc.a(_exit.o)
 .text.libgcc.fixed
                0x00000000        0x0 c:/program files (x86)/atmel/studio/7.0/toolchain/avr8/avr8-gnu-toolchain/bin/../lib/gcc/avr/5.4.0/avr5\libgcc.a(_exit.o)
 .text          0x00000000        0x0 c:/program files (x86)/atmel/studio/7.0/toolchain/avr8/avr8-gnu-toolchain/bin/../lib/gcc/avr/5.4.0/avr5\libgcc.a(_tablejump2.o)
 .data          0x00000000        0x0 c:/program files (x86)/atmel/studio/7.0/toolchain/avr8/avr8-gnu-toolchain/bin/../lib/gcc/avr/5.4.0/avr5\libgcc.a(_tablejump2.o)
 .bss           0x00000000        0x0 c:/program files (x86)/atmel/studio/7.0/toolchain/avr8/avr8-gnu-toolchain/bin/../lib/gcc/avr/5.4.0/avr5\libgcc.a(_tablejump2.o)
 .text.libgcc.mul
                0x00000000        0x0 c:/program files (x86)/atmel/studio/7.0/toolchain/avr8/avr8-gnu-toolchain/bin/../lib/gcc/avr/5.4.0/avr5\libgcc.a(_tablejump2.o)
 .text.libgcc.div
                0x00000000        0x0 c:/program files (x86)/atmel/studio/7.0/toolchain/avr8/avr8-gnu-toolchain/bin/../lib/gcc/avr/5.4.0/avr5\libgcc.a(_tablejump2.o)
 .text.libgcc   0x00000000        0xc c:/program files (x86)/atmel/studio/7.0/toolchain/avr8/avr8-gnu-toolchain/bin/../lib/gcc/avr/5.4.0/avr5\libgcc.a(_tablejump2.o)
 .text.libgcc.prologue
                0x00000000        0x0 c:/program files (x86)/atmel/studio/7.0/toolchain/avr8/avr8-gnu-toolchain/bin/../lib/gcc/avr/5.4.0/avr5\libgcc.a(_tablejump2.o)
 .text.libgcc.builtins
                0x00000000        0x0 c:/program files (x86)/atmel/studio/7.0/toolchain/avr8/avr8-gnu-toolchain/bin/../lib/gcc/avr/5.4.0/avr5\libgcc.a(_tablejump2.o)
 .text.libgcc.fmul
                0x00000000        0x0 c:/program files (x86)/atmel/studio/7.0/toolchain/avr8/avr8-gnu-toolchain/bin/../lib/gcc/avr/5.4.0/avr5\libgcc.a(_tablejump2.o)
 .text.libgcc.fixed
                0x00000000        0x0 c:/program files (x86)/atmel/studio/7.0/toolchain/avr8/avr8-gnu-toolchain/bin/../lib/gcc/avr/5.4.0/avr5\libgcc.a(_tablejump2.o)
 .text          0x00000000        0x0 c:/program files (x86)/atmel/studio/7.0/toolchain/avr8/avr8-gnu-toolchain/bin/../lib/gcc/avr/5.4.0/avr5\libgcc.a(_copy_data.o)
 .data          0x00000000        0x0 c:/program files (x86)/atmel/studio/7.0/toolchain/avr8/avr8-gnu-toolchain/bin/../lib/gcc/avr/5.4.0/avr5\libgcc.a(_copy_data.o)
 .bss           0x00000000        0x0 c:/program files (x86)/atmel/studio/7.0/toolchain/avr8/avr8-gnu-toolchain/bin/../lib/gcc/avr/5.4.0/avr5\libgcc.a(_copy_data.o)
 .text.libgcc.mul
                0x00000000        0x0 c:/program files (x86)/atmel/studio/7.0/toolchain/avr8/avr8-gnu-toolchain/bin/../lib/gcc/avr/5.4.0/avr5\libgcc.a(_copy_data.o)
 .text.libgcc.div
                0x00000000        0x0 c:/program files (x86)/atmel/studio/7.0/toolchain/avr8/avr8-gnu-toolchain/bin/../lib/gcc/avr/5.4.0/avr5\libgcc.a(_copy_data.o)
 .text.libgcc   0x00000000        0x0 c:/program files (x86)/atmel/studio/7.0/toolchain/avr8/avr8-gnu-toolchain/bin/../lib/gcc/avr/5.4.0/avr5\libgcc.a(_copy_data.o)
 .text.libgcc.prologue
                0x00000000        0x0 c:/program files (x86)/atmel/studio/7.0/toolchain/avr8/avr8-gnu-toolchain/bin/../lib/gcc/avr/5.4.0/avr5\libgcc.a(_copy_data.o)
 .text.libgcc.builtins
                0x00000000        0x0 c:/program files (x86)/atmel/studio/7.0/toolchain/avr8/avr8-gnu-toolchain/bin/../lib/gcc/avr/5.4.0/avr5\libgcc.a(_copy_data.o)
 .text.libgcc.fmul
                0x00000000        0x0 c:/program files (x86)/atmel/studio/7.0/toolchain/avr8/avr8-gnu-toolchain/bin/../lib/gcc/avr/5.4.0/avr5\libgcc.a(_copy_data.o)
 .text.libgcc.fixed
                0x00000000        0x0 c:/program files (x86)/atmel/studio/7.0/toolchain/avr8/avr8-gnu-toolchain/bin/../lib/gcc/avr/5.4.0/avr5\libgcc.a(_copy_data.o)
 .text          0x00000000        0x0 c:/program files (x86)/atmel/studio/7.0/toolchain/avr8/avr8-gnu-toolchain/bin/../lib/gcc/avr/5.4.0/avr5\libgcc.a(_clear_bss.o)
 .data          0x00000000        0x0 c:/program files (x86)/atmel/studio/7.0/toolchain/avr8/avr8-gnu-toolchain/bin/../lib/gcc/avr/5.4.0/avr5\libgcc.a(_clear_bss.o)
 .bss           0x00000000        0x0 c:/program files (x86)/atmel/studio/7.0/toolchain/avr8/avr8-gnu-toolchain/bin/../lib/gcc/avr/5.4.0/avr5\libgcc.a(_clear_bss.o)
 .text.libgcc.mul
                0x00000000        0x0 c:/program files (x86)/atmel/studio/7.0/toolchain/avr8/avr8-gnu-toolchain/bin/../lib/gcc/avr/5.4.0/avr5\libgcc.a(_clear_bss.o)
 .text.libgcc.div
                0x00000000        0x0 c:/program files (x86)/atmel/studio/7.0/toolchain/avr8/avr8-gnu-toolchain/bin/../lib/gcc/avr/5.4.0/avr5\libgcc.a(_clear_bss.o)
 .text.libgcc   0x00000000        0x0 c:/program files (x86)/atmel/studio/7.0/toolchain/avr8/avr8-gnu-toolchain/bin/../lib/gcc/avr/5.4.0/avr5\libgcc.a(_clear_bss.o)
 .text.libgcc.prologue
                0x00000000        0x0 c:/program files (x86)/atmel/studio/7.0/toolchain/avr8/avr8-gnu-toolchain/bin/../lib/gcc/avr/5.4.0/avr5\libgcc.a(_clear_bss.o)
 .text.libgcc.builtins
                0x00000000        0x0 c:/program files (x86)/atmel/studio/7.0/toolchain/avr8/avr8-gnu-toolchain/bin/../lib/gcc/avr/5.4.0/avr5\libgcc.a(_clear_bss.o)
 .text.libgcc.fmul
                0x00000000        0x0 c:/program files (x86)/atmel/studio/7.0/toolchain/avr8/avr8-gnu-toolchain/bin/../lib/gcc/avr/5.4.0/avr5\libgcc.a(_clear_bss.o)
 .text.libgcc.fixed
                0x00000000        0x0 c:/program files (x86)/atmel/studio/7.0/toolchain/avr8/avr8-gnu-toolchain/bin/../lib/gcc/avr/5.4.0/avr5\libgcc.a(_clear_bss.o)
 .text          0x00000000        0x0 c:/program files (x86)/atmel/studio/7.0/toolchain/avr8/avr8-gnu-toolchain/bin/../lib/gcc/avr/5.4.0/avr5\libgcc.a(_umulhisi3.o)
 .data          0x00000000        0x0 c:/program files (x86)/atmel/studio/7.0/toolchain/avr8/avr8-gnu-toolchain/bin/../lib/gcc/avr/5.4.0/avr5\libgcc.a(_umulhisi3.o)
 .bss           0x00000000        0x0 c:/program files (x86)/atmel/studio/7.0/toolchain/avr8/avr8-gnu-toolchain/bin/../lib/gcc/avr/5.4.0/avr5\libgcc.a(_umulhisi3.o)
 .text.libgcc.mul
                0x00000000       0x1e c:/program files (x86)/atmel/studio/7.0/toolchain/avr8/avr8-gnu-toolchain/bin/../lib/gcc/avr/5.4.0/avr5\libgcc.a(_umulhisi3.o)
 .text.libgcc.div
                0x00000000        0x0 c:/program files (x86)/atmel/studio/7.0/toolchain/avr8/avr8-gnu-toolchain/bin/../lib/gcc/avr/5.4.0/avr5\libgcc.a(_umulhisi3.o)
 .text.libgcc   0x00000000        0x0 c:/program files (x86)/atmel/studio/7.0/toolchain/avr8/avr8-gnu-toolchain/bin/../lib/gcc/avr/5.4.0/avr5\libgcc.a(_umulhisi3.o)
 .text.libgcc.prologue
                0x00000000        0x0 c:/program files (x86)/atmel/studio/7.0/toolchain/avr8/avr8-gnu-toolchain/bin/../lib/gcc/avr/5.4.0/avr5\libgcc.a(_umulhisi3.o)
 .text.libgcc.builtins
                0x00000000        0x0 c:/program files (x86)/atmel/studio/7.0/toolchain/avr8/avr8-gnu-toolchain/bin/../lib/gcc/avr/5.4.0/avr5\libgcc.a(_umulhisi3.o)
 .text.libgcc.fmul
                0x00000000        0x0 c:/program files (x86)/atmel/studio/7.0/toolchain/avr8/avr8-gnu-toolchain/bin/../lib/gcc/avr/5.4.0/avr5\libgcc.a(_umulhisi3.o)
 .text.libgcc.fixed
                0x00000000        0x0 c:/program files (x86)/atmel/studio/7.0/toolchain/avr8/avr8-gnu-toolchain/bin/../lib/gcc/avr/5.4.0/avr5\libgcc.a(_umulhisi3.o)
 .text          0x00000000        0x0 c:/program files (x86)/atmel/studio/7.0/toolchain/avr8/avr8-gnu-toolchain/bin/../lib/gcc/avr/5.4.0/avr5\libgcc.a(_udivmodsi4.o)
 .data          0x00000000        0x0 c:/program files (x86)/atmel/studio/7.0/toolchain/avr8/avr8-gnu-toolchain/bin/../lib/gcc/avr/5.4.0/avr5\libgcc.a(_udivmodsi4.o)
 .bss           0x00000000        0x0 c:/program files (x86)/atmel/studio/7.0/toolchain/avr8/avr8-gnu-toolchain/bin/../lib/gcc/avr/5.4.0/avr5\libgcc.a(_udivmodsi4.o)
 .text.libgcc.mul
                0x00000000        0x0 c:/program files (x86)/atmel/studio/7.0/toolchain/avr8/avr8-gnu-toolchain/bin/../lib/gcc/avr/5.4.0/avr5\libgcc.a(_udivmodsi4.o)
 .text.libgcc.div
                0x00000000       0x44 c:/program files (x86)/atmel/studio/7.0/toolchain/avr8/avr8-gnu-toolchain/bin/../lib/gcc/avr/5.4.0/avr5\libgcc.a(_udivmodsi4.o)
 .text.libgcc   0x00000000        0x0 c:/program files (x86)/atmel/studio/7.0/toolchain/avr8/avr8-gnu-toolchain/bin/../lib/gcc/avr/5.4.0/avr5\libgcc.a(_udivmodsi4.o)
 .text.libgcc.prologue
                0x00000000        0x0 c:/program files (x86)/atmel/studio/7.0/toolchain/avr8/avr8-gnu-toolchain/bin/../lib/gcc/avr/5.4.0/avr5\libgcc.a(_udivmodsi4.o)
 .text.libgcc.builtins
                0x00000000        0x0 c:/program files (x86)/atmel/studio/7.0/toolchain/avr8/avr8-gnu-toolchain/bin/../lib/gcc/avr/5.4.0/avr5\libgcc.a(_udivmodsi4.o)
 .text.libgcc.fmul
                0x00000000        0x0 c:/program files (x86)/atmel/studio/7.0/toolchain/avr8/avr8-gnu-toolchain/bin/../lib/gcc/avr/5.4.0/avr5\libgcc.a(_udivmodsi4.o)
 .text.libgcc.fixed
                0x00000000        0x0 c:/program files (x86)/atmel/studio/7.0/toolchain/avr8/avr8-gnu-toolchain/bin/../lib/gcc/avr/5.4.0/avr5\libgcc.a(_udivmodsi4.o)
 .text          0x00000000        0x0 c:/program files (x86)/atmel/studio/7.0/toolchain/avr8/avr8-gnu-toolchain/bin/../lib/gcc/avr/5.4.0/../../../../avr/lib/avr5\libc.a(memcpy.o)
 .data          0x00000000        0x0 c:/program files (x86)/atmel/studio/7.0/toolchain/avr8/avr8-gnu-toolchain/bin/../lib/gcc/avr/5.4.0/../../../../avr/lib/avr5\libc.a(memcpy.o)
 .bss           0x00000000        0x0 c:/program files (x86)/atmel/studio/7.0/toolchain/avr8/avr8-gnu-toolchain/bin/../lib/gcc/avr/5.4.0/../../../../avr/lib/avr5\libc.a(memcpy.o)
 .text.avr-libc
                0x00000000       0x12 c:/program files (x86)/atmel/studio/7.0/toolchain/avr8/avr8-gnu-toolchain/bin/../lib/gcc/avr/5.4.0/../../../../avr/lib/avr5\libc.a(memcpy.o)
 .text          0x00000000        0x0 c:/program files (x86)/atmel/studio/7.0/toolchain/avr8/avr8-gnu-toolchain/bin/../lib/gcc/avr/5.4.0/../../../../avr/lib/avr5\libc.a(memset.o)
 .data          0x00000000        0x0 c:/program files (x86)/atmel/studio/7.0/toolchain/avr8/avr8-gnu-toolchain/bin/../lib/gcc/avr/5.4.0/../../../../avr/lib/avr5\libc.a(memset.o)
 .bss           0x00000000        0x0 c:/program files (x86)/atmel/studio/7.0/toolchain/avr8/avr8-gnu-toolchain/bin/../lib/gcc/avr/5.4.0/../../../../avr/lib/avr5\libc.a(memset.o)
 .text          0x00000000        0x0 c:/program files (x86)/atmel/studio/7.0/toolchain/avr8/avr8-gnu-toolchain/bin/../lib/gcc/avr/5.4.0/../../../../avr/lib/avr5\libc.a(strncpy.o)
 .data          0x00000000        0x0 c:/program files (x86)/atmel/studio/7.0/toolchain/avr8/avr8-gnu-toolchain/bin/../lib/gcc/avr/5.4.0/../../../../avr/lib/avr5\libc.a(strncpy.o)
 .bss           0x00000000        0x0 c:/program files (x86)/atmel/studio/7.0/toolchain/avr8/avr8-gnu-toolchain/bin/../lib/gcc/avr/5.4.0/../../../../avr/lib/avr5\libc.a(strncpy.o)

Memory Configuration

Name             Origin             Length             Attributes
text             0x00000000         0x00008000         xr
data             0x00800060         0x00000800         rw !x
eeprom           0x00810000         0x00000400         rw !x
fuse             0x00820000         0x00000002         rw !x
lock             0x00830000         0x00000400         rw !x
signature        0x00840000         0x00000400         rw !x
user_signatures  0x00850000         0x00000400         rw !x
*default*        0x00000000         0xffffffff

Linker script and memory map

LOAD C:/Program Files (x86)/Atmel/Studio/7.0/Packs/atmel/ATmega_DFP/1.7.374/gcc/dev/atmega32/avr5/crtatmega32.o
LOAD FreeRTOS/Sources/croutine.o
LOAD FreeRTOS/Sources/heap_1.o
LOAD FreeRTOS/Sources/list.o
LOAD FreeRTOS/Sources/port.o
LOAD FreeRTOS/Sources/queue.o
LOAD FreeRTOS/Sources/tasks.o
LOAD FreeRTOS/Sources/timers.o
LOAD HAL/LCD.o
LOAD main.o
LOAD MCAL/DIO.o
LOAD MCAL/DIO_Lcfg.o
LOAD MyTasks.o
START GROUP
LOAD c:/program files (x86)/atmel/studio/7.0/toolchain/avr8/avr8-gnu-toolchain/bin/../lib/gcc/avr/5.4.0/../../../../avr/lib/avr5\libm.a
END GROUP
START GROUP
LOAD c:/program files (x86)/atmel/studio/7.0/toolchain/avr8/avr8-gnu-toolchain/bin/../lib/gcc/avr/5.4.0/avr5\libgcc.a
LOAD c:/program files (x86)/atmel/studio/7.0/toolchain/avr8/avr8-gnu-toolchain/bin/../lib/gcc/avr/5.4.0/../../../../avr/lib/avr5\libm.a
LOAD c:/program files (x86)/atmel/studio/7.0/toolchain/avr8/avr8-gnu-toolchain/bin/../lib/gcc/avr/5.4.0/../../../../avr/lib/avr5\libc.a
LOAD C:/Program Files (x86)/Atmel/Studio/7.0/Packs/atmel/ATmega_DFP/1.7.374/gcc/dev/atmega32/avr5\libatmega32.a
END GROUP
                0x00000000                __TEXT_REGION_ORIGIN__ = DEFINED (__TEXT_REGION_ORIGIN__)?__TEXT_REGION_ORIGIN__:0x0
                [0x00800060]                __DATA_REGION_ORIGIN__ = DEFINED (__DATA_REGION_ORIGIN__)?__DATA_REGION_ORIGIN__:0x800060
                [0x00008000]                __TEXT_REGION_LENGTH__ = DEFINED (__TEXT_REGION_LENGTH__)?__TEXT_REGION_LENGTH__:0x20000
                [0x00000800]                __DATA_REGION_LENGTH__ = DEFINED (__DATA_REGION_LENGTH__)?__DATA_REGION_LENGTH__:0xffa0
                [0x00000400]                __EEPROM_REGION_LENGTH__ = DEFINED (__EEPROM_REGION_LENGTH__)?__EEPROM_REGION_LENGTH__:0x10000
                [0x00000002]                __FUSE_REGION_LENGTH__ = DEFINED (__FUSE_REGION_LENGTH__)?__FUSE_REGION_LENGTH__:0x400
                0x00000400                __LOCK_REGION_LENGTH__ = DEFINED (__LOCK_REGION_LENGTH__)?__LOCK_REGION_LENGTH__:0x400
                0x00000400                __SIGNATURE_REGION_LENGTH__ = DEFINED (__SIGNATURE_REGION_LENGTH__)?__SIGNATURE_REGION_LENGTH__:0x400
                0x00000400                __USER_SIGNATURE_REGION_LENGTH__ = DEFINED (__USER_SIGNATURE_REGION_LENGTH__)?__USER_SIGNATURE_REGION_LENGTH__:0x400

.hash
 *(.hash)

.dynsym
 *(.dynsym)

.dynstr
 *(.dynstr)

.gnu.version
 *(.gnu.version)

.gnu.version_d
 *(.gnu.version_d)

.gnu.version_r
 *(.gnu.version_r)

.rel.init
 *(.rel.init)

.rela.init
 *(.rela.init)

.rel.text
 *(.rel.text)
 *(.rel.text.*)
 *(.rel.gnu.linkonce.t*)

.rela.text
 *(.rela.text)
 *(.rela.text.*)
 *(.rela.gnu.linkonce.t*)

.rel.fini
 *(.rel.fini)

.rela.fini
 *(.rela.fini)

.rel.rodata
 *(.rel.rodata)
 *(.rel.rodata.*)
 *(.rel.gnu.linkonce.r*)

.rela.rodata
 *(.rela.rodata)
 *(.rela.rodata.*)
 *(.rela.gnu.linkonce.r*)

.rel.data
 *(.rel.data)
 *(.rel.data.*)
 *(.rel.gnu.linkonce.d*)

.rela.data
 *(.rela.data)
 *(.rela.data.*)
 *(.rela.gnu.linkonce.d*)

.rel.ctors
 *(.rel.ctors)

.rela.ctors
 *(.rela.ctors)

.rel.dtors
 *(.rel.dtors)

.rela.dtors
 *(.rela.dtors)

.rel.got
 *(.rel.got)

.rela.got
 *(.rela.got)

.rel.bss
 *(.rel.bss)

.rela.bss
 *(.rela.bss)

.rel.plt
 *(.rel.plt)

.rela.plt
 *(.rela.plt)

.text           0x00000000     0x1068
 *(.vectors)
 .vectors       0x00000000       0x54 C:/Program Files (x86)/Atmel/Studio/7.0/Packs/atmel/ATmega_DFP/1.7.374/gcc/dev/atmega32/avr5/crtatmega32.o
                0x00000000                __vector_default
                0x00000000                __vectors
 *(.vectors)
 *(.progmem.gcc*)
                0x00000054                . = ALIGN (0x2)
                0x00000054                __trampolines_start = .
 *(.trampolines)
 .trampolines   0x00000054        0x0 linker stubs
 *(.trampolines*)
                0x00000054                __trampolines_end = .
 *libprintf_flt.a:*(.progmem.data)
 *libc.a:*(.progmem.data)
 *(.progmem*)
                0x00000054                . = ALIGN (0x2)
 *(.jumptables)
 *(.jumptables*)
 *(.lowtext)
 *(.lowtext*)
                0x00000054                __ctors_start = .
 *(.ctors)
                0x00000054                __ctors_end = .
                0x00000054                __dtors_start = .
 *(.dtors)
                0x00000054                __dtors_end = .
 SORT(*)(.ctors)
 SORT(*)(.dtors)
 *(.init0)
 .init0         0x00000054        0x0 C:/Program Files (x86)/Atmel/Studio/7.0/Packs/atmel/ATmega_DFP/1.7.374/gcc/dev/atmega32/avr5/crtatmega32.o
                0x00000054                __init
 *(.init0)
 *(.init1)
 *(.init1)
 *(.init2)
 .init2         0x00000054        0xc C:/Program Files (x86)/Atmel/Studio/7.0/Packs/atmel/ATmega_DFP/1.7.374/gcc/dev/atmega32/avr5/crtatmega32.o
 *(.init2)
 *(.init3)
 *(.init3)
 *(.init4)
 .init4         0x00000060       0x16 c:/program files (x86)/atmel/studio/7.0/toolchain/avr8/avr8-gnu-toolchain/bin/../lib/gcc/avr/5.4.0/avr5\libgcc.a(_copy_data.o)
                0x00000060                __do_copy_data
 .init4         0x00000076       0x10 c:/program files (x86)/atmel/studio/7.0/toolchain/avr8/avr8-gnu-toolchain/bin/../lib/gcc/avr/5.4.0/avr5\libgcc.a(_clear_bss.o)
                0x00000076                __do_clear_bss
 *(.init4)
 *(.init5)
 *(.init5)
 *(.init6)
 *(.init6)
 *(.init7)
 *(.init7)
 *(.init8)
 *(.init8)
 *(.init9)
 .init9         0x00000086        0x8 C:/Program Files (x86)/Atmel/Studio/7.0/Packs/atmel/ATmega_DFP/1.7.374/gcc/dev/atmega32/avr5/crtatmega32.o
 *(.init9)
 *(.text)
 .text          0x0000008e        0x4 C:/Program Files (x86)/Atmel/Studio/7.0/Packs/atmel/ATmega_DFP/1.7.374/gcc/dev/atmega32/avr5/crtatmega32.o
                0x0000008e                __vector_1
                0x0000008e                __vector_12
                0x0000008e                __bad_interrupt
                0x0000008e                __vector_6
                0x0000008e                __vector_3
                0x0000008e                __vector_11
                0x0000008e                __vector_13
                0x0000008e                __vector_17
                0x0000008e                __vector_19
                0x0000008e                __vector_5
                0x0000008e                __vector_4
                0x0000008e                __vector_9
                0x0000008e                __vector_2
                0x0000008e                __vector_15
                0x0000008e                __vector_8
                0x0000008e                __vector_14
                0x0000008e                __vector_10
                0x0000008e                __vector_16
                0x0000008e                __vector_18
                0x0000008e                __vector_20
                0x00000092                . = ALIGN (0x2)
 *(.text.*)
 .text.pvPortMalloc
                0x00000092       0x4c FreeRTOS/Sources/heap_1.o
                0x00000092                pvPortMalloc
 .text.vPortFree
                0x000000de        0x2 FreeRTOS/Sources/heap_1.o
                0x000000de                vPortFree
 .text.vListInitialise
                0x000000e0       0x1c FreeRTOS/Sources/list.o
                0x000000e0                vListInitialise
 .text.vListInitialiseItem
                0x000000fc        0x8 FreeRTOS/Sources/list.o
                0x000000fc                vListInitialiseItem
 .text.vListInsertEnd
                0x00000104       0x4e FreeRTOS/Sources/list.o
                0x00000104                vListInsertEnd
 .text.vListInsert
                0x00000152       0x62 FreeRTOS/Sources/list.o
                0x00000152                vListInsert
 .text.vListRemove
                0x000001b4       0x4c FreeRTOS/Sources/list.o
                0x000001b4                vListRemove
 .text.prvSetupTimerInterrupt
                0x00000200       0x12 FreeRTOS/Sources/port.o
 .text.pxPortInitialiseStack
                0x00000212       0xd8 FreeRTOS/Sources/port.o
                0x00000212                pxPortInitialiseStack
 .text.xPortStartScheduler
                0x000002ea       0x5e FreeRTOS/Sources/port.o
                0x000002ea                xPortStartScheduler
 .text.vPortYield
                0x00000348       0xb2 FreeRTOS/Sources/port.o
                0x00000348                vPortYield
 .text.__vector_7
                0x000003fa       0x48 FreeRTOS/Sources/port.o
                0x000003fa                __vector_7
 .text.prvDeleteTCB
                0x00000442       0x1a FreeRTOS/Sources/tasks.o
 .text.prvAllocateTCBAndStack
                0x0000045c       0x5c FreeRTOS/Sources/tasks.o
 .text.prvInitialiseTCBVariables
                0x000004b8       0x4a FreeRTOS/Sources/tasks.o
 .text.prvInitialiseTaskLists
                0x00000502       0x66 FreeRTOS/Sources/tasks.o
 .text.prvAddCurrentTaskToDelayedList
                0x00000568       0x6e FreeRTOS/Sources/tasks.o
 .text.xTaskGenericCreate
                0x000005d6      0x17c FreeRTOS/Sources/tasks.o
                0x000005d6                xTaskGenericCreate
 .text.vTaskStartScheduler
                0x00000752       0x56 FreeRTOS/Sources/tasks.o
                0x00000752                vTaskStartScheduler
 .text.vTaskSuspendAll
                0x000007a8        0xc FreeRTOS/Sources/tasks.o
                0x000007a8                vTaskSuspendAll
 .text.vTaskIncrementTick
                0x000007b4      0x154 FreeRTOS/Sources/tasks.o
                0x000007b4                vTaskIncrementTick
 .text.xTaskResumeAll
                0x00000908       0xe8 FreeRTOS/Sources/tasks.o
                0x00000908                xTaskResumeAll
 .text.vTaskDelay
                0x000009f0       0x44 FreeRTOS/Sources/tasks.o
                0x000009f0                vTaskDelay
 .text.prvCheckTasksWaitingTermination
                0x00000a34       0x5a FreeRTOS/Sources/tasks.o
 .text.prvIdleTask
                0x00000a8e        0xa FreeRTOS/Sources/tasks.o
 .text.vTaskSwitchContext
                0x00000a98       0xb2 FreeRTOS/Sources/tasks.o
                0x00000a98                vTaskSwitchContext
 .text.WriteIns
                0x00000b4a       0xc0 HAL/LCD.o
 .text.LCD_Init
                0x00000c0a       0x3e HAL/LCD.o
                0x00000c0a                LCD_Init
 .text.vInitEcu
                0x00000c48       0x2c main.o
                0x00000c48                vInitEcu
 .text.main     0x00000c74       0x2c main.o
                0x00000c74                main
 .text.DIO_InitPin
                0x00000ca0      0x1d0 MCAL/DIO.o
                0x00000ca0                DIO_InitPin
 .text.DIO_Init
                0x00000e70       0x20 MCAL/DIO.o
                0x00000e70                DIO_Init
 .text.DIO_WritePin
                0x00000e90      0x104 MCAL/DIO.o
                0x00000e90                DIO_WritePin
 .text.DIO_TogglePin
                0x00000f94       0x82 MCAL/DIO.o
                0x00000f94                DIO_TogglePin
 .text.Task3_Blink_L2
                0x00001016       0x22 MyTasks.o
                0x00001016                Task3_Blink_L2
 .text.avr-libc
                0x00001038        0xe c:/program files (x86)/atmel/studio/7.0/toolchain/avr8/avr8-gnu-toolchain/bin/../lib/gcc/avr/5.4.0/../../../../avr/lib/avr5\libc.a(memset.o)
                0x00001038                memset
 .text.avr-libc
                0x00001046       0x1e c:/program files (x86)/atmel/studio/7.0/toolchain/avr8/avr8-gnu-toolchain/bin/../lib/gcc/avr/5.4.0/../../../../avr/lib/avr5\libc.a(strncpy.o)
                0x00001046                strncpy
                0x00001064                . = ALIGN (0x2)
 *(.fini9)
 .fini9         0x00001064        0x0 c:/program files (x86)/atmel/studio/7.0/toolchain/avr8/avr8-gnu-toolchain/bin/../lib/gcc/avr/5.4.0/avr5\libgcc.a(_exit.o)
                0x00001064                _exit
                0x00001064                exit
 *(.fini9)
 *(.fini8)
 *(.fini8)
 *(.fini7)
 *(.fini7)
 *(.fini6)
 *(.fini6)
 *(.fini5)
 *(.fini5)
 *(.fini4)
 *(.fini4)
 *(.fini3)
 *(.fini3)
 *(.fini2)
 *(.fini2)
 *(.fini1)
 *(.fini1)
 *(.fini0)
 .fini0         0x00001064        0x4 c:/program files (x86)/atmel/studio/7.0/toolchain/avr8/avr8-gnu-toolchain/bin/../lib/gcc/avr/5.4.0/avr5\libgcc.a(_exit.o)
 *(.fini0)
                0x00001068                _etext = .

.data           0x00800060       0x28 load address 0x00001068
                0x00800060                PROVIDE (__data_start, .)
 *(.data)
 *(.data*)
 .data.xNextTaskUnblockTime
                0x00800060        0x2 FreeRTOS/Sources/tasks.o
 *(.gnu.linkonce.d*)
 *(.rodata)
 *(.rodata*)
 .rodata.str1.1
                0x00800062        0x5 FreeRTOS/Sources/tasks.o
 .rodata.PinsStatusArray
                0x00800067       0x20 MCAL/DIO_Lcfg.o
                0x00800067                PinsStatusArray
 *(.gnu.linkonce.r*)
                0x00800088                . = ALIGN (0x2)
 *fill*         0x00800087        0x1 
                0x00800088                _edata = .
                0x00800088                PROVIDE (__data_end, .)

.bss            0x00800088      0x259
                0x00800088                PROVIDE (__bss_start, .)
 *(.bss)
 *(.bss*)
 .bss.xNextFreeByte
                0x00800088        0x2 FreeRTOS/Sources/heap_1.o
 .bss.xHeap     0x0080008a      0x1f4 FreeRTOS/Sources/heap_1.o
 .bss.uxTaskNumber
                0x0080027e        0x1 FreeRTOS/Sources/tasks.o
 .bss.xNumOfOverflows
                0x0080027f        0x1 FreeRTOS/Sources/tasks.o
 .bss.xMissedYield
                0x00800280        0x1 FreeRTOS/Sources/tasks.o
 .bss.uxMissedTicks
                0x00800281        0x1 FreeRTOS/Sources/tasks.o
 .bss.uxSchedulerSuspended
                0x00800282        0x1 FreeRTOS/Sources/tasks.o
 .bss.xSchedulerRunning
                0x00800283        0x1 FreeRTOS/Sources/tasks.o
 .bss.uxTopReadyPriority
                0x00800284        0x1 FreeRTOS/Sources/tasks.o
 .bss.uxTopUsedPriority
                0x00800285        0x1 FreeRTOS/Sources/tasks.o
 .bss.xTickCount
                0x00800286        0x2 FreeRTOS/Sources/tasks.o
 .bss.uxCurrentNumberOfTasks
                0x00800288        0x1 FreeRTOS/Sources/tasks.o
 .bss.uxTasksDeleted
                0x00800289        0x1 FreeRTOS/Sources/tasks.o
 .bss.xTasksWaitingTermination
                0x0080028a        0x9 FreeRTOS/Sources/tasks.o
 .bss.xPendingReadyList
                0x00800293        0x9 FreeRTOS/Sources/tasks.o
 .bss.pxOverflowDelayedTaskList
                0x0080029c        0x2 FreeRTOS/Sources/tasks.o
 .bss.pxDelayedTaskList
                0x0080029e        0x2 FreeRTOS/Sources/tasks.o
 .bss.xDelayedTaskList2
                0x008002a0        0x9 FreeRTOS/Sources/tasks.o
 .bss.xDelayedTaskList1
                0x008002a9        0x9 FreeRTOS/Sources/tasks.o
 .bss.pxReadyTasksLists
                0x008002b2       0x2d FreeRTOS/Sources/tasks.o
 .bss.pxCurrentTCB
                0x008002df        0x2 FreeRTOS/Sources/tasks.o
                0x008002df                pxCurrentTCB
 *(COMMON)
                0x008002e1                PROVIDE (__bss_end, .)
                0x00001068                __data_load_start = LOADADDR (.data)
                0x00001090                __data_load_end = (__data_load_start + SIZEOF (.data))

.noinit         0x008002e1        0x0
                [!provide]                PROVIDE (__noinit_start, .)
 *(.noinit*)
                [!provide]                PROVIDE (__noinit_end, .)
                0x008002e1                _end = .
                [!provide]                PROVIDE (__heap_start, .)

.eeprom         0x00810000        0x0
 *(.eeprom*)
                0x00810000                __eeprom_end = .

.fuse
 *(.fuse)
 *(.lfuse)
 *(.hfuse)
 *(.efuse)

.lock
 *(.lock*)

.signature
 *(.signature*)

.user_signatures
 *(.user_signatures*)

.stab
 *(.stab)

.stabstr
 *(.stabstr)

.stab.excl
 *(.stab.excl)

.stab.exclstr
 *(.stab.exclstr)

.stab.index
 *(.stab.index)

.stab.indexstr
 *(.stab.indexstr)

.comment        0x00000000       0x30
 *(.comment)
 .comment       0x00000000       0x30 FreeRTOS/Sources/heap_1.o
                                 0x31 (size before relaxing)
 .comment       0x00000030       0x31 FreeRTOS/Sources/list.o
 .comment       0x00000030       0x31 FreeRTOS/Sources/port.o
 .comment       0x00000030       0x31 FreeRTOS/Sources/tasks.o
 .comment       0x00000030       0x31 HAL/LCD.o
 .comment       0x00000030       0x31 main.o
 .comment       0x00000030       0x31 MCAL/DIO.o
 .comment       0x00000030       0x31 MCAL/DIO_Lcfg.o
 .comment       0x00000030       0x31 MyTasks.o

.note.gnu.avr.deviceinfo
                0x00000000       0x3c
 .note.gnu.avr.deviceinfo
                0x00000000       0x3c C:/Program Files (x86)/Atmel/Studio/7.0/Packs/atmel/ATmega_DFP/1.7.374/gcc/dev/atmega32/avr5/crtatmega32.o

.note.gnu.build-id
 *(.note.gnu.build-id)

.debug
 *(.debug)

.line
 *(.line)

.debug_srcinfo
 *(.debug_srcinfo)

.debug_sfnames
 *(.debug_sfnames)

.debug_aranges  0x00000000      0x320
 *(.debug_aranges)
 .debug_aranges
                0x00000000       0x38 FreeRTOS/Sources/heap_1.o
 .debug_aranges
                0x00000038       0x40 FreeRTOS/Sources/list.o
 .debug_aranges
                0x00000078       0x50 FreeRTOS/Sources/port.o
 .debug_aranges
                0x000000c8       0xe0 FreeRTOS/Sources/tasks.o
 .debug_aranges
                0x000001a8       0xb0 HAL/LCD.o
 .debug_aranges
                0x00000258       0x28 main.o
 .debug_aranges
                0x00000280       0x48 MCAL/DIO.o
 .debug_aranges
                0x000002c8       0x18 MCAL/DIO_Lcfg.o
 .debug_aranges
                0x000002e0       0x40 MyTasks.o

.debug_pubnames
 *(.debug_pubnames)

.debug_info     0x00000000     0x3aca
 *(.debug_info .gnu.linkonce.wi.*)
 .debug_info    0x00000000      0x4e6 C:/Program Files (x86)/Atmel/Studio/7.0/Packs/atmel/ATmega_DFP/1.7.374/gcc/dev/atmega32/avr5/crtatmega32.o
 .debug_info    0x000004e6      0x1a7 FreeRTOS/Sources/heap_1.o
 .debug_info    0x0000068d      0x2c1 FreeRTOS/Sources/list.o
 .debug_info    0x0000094e      0x229 FreeRTOS/Sources/port.o
 .debug_info    0x00000b77     0x1107 FreeRTOS/Sources/tasks.o
 .debug_info    0x00001c7e     0x1161 HAL/LCD.o
 .debug_info    0x00002ddf      0x2ee main.o
 .debug_info    0x000030cd      0x39f MCAL/DIO.o
 .debug_info    0x0000346c      0x186 MCAL/DIO_Lcfg.o
 .debug_info    0x000035f2      0x4d8 MyTasks.o

.debug_abbrev   0x00000000     0x1124
 *(.debug_abbrev)
 .debug_abbrev  0x00000000      0x4a3 C:/Program Files (x86)/Atmel/Studio/7.0/Packs/atmel/ATmega_DFP/1.7.374/gcc/dev/atmega32/avr5/crtatmega32.o
 .debug_abbrev  0x000004a3      0x136 FreeRTOS/Sources/heap_1.o
 .debug_abbrev  0x000005d9       0xf6 FreeRTOS/Sources/list.o
 .debug_abbrev  0x000006cf      0x15d FreeRTOS/Sources/port.o
 .debug_abbrev  0x0000082c      0x25b FreeRTOS/Sources/tasks.o
 .debug_abbrev  0x00000a87      0x2b4 HAL/LCD.o
 .debug_abbrev  0x00000d3b       0xce main.o
 .debug_abbrev  0x00000e09      0x147 MCAL/DIO.o
 .debug_abbrev  0x00000f50       0x6a MCAL/DIO_Lcfg.o
 .debug_abbrev  0x00000fba      0x16a MyTasks.o

.debug_line     0x00000000     0x1e3b
 *(.debug_line .debug_line.* .debug_line_end)
 .debug_line    0x00000000      0x116 C:/Program Files (x86)/Atmel/Studio/7.0/Packs/atmel/ATmega_DFP/1.7.374/gcc/dev/atmega32/avr5/crtatmega32.o
 .debug_line    0x00000116      0x154 FreeRTOS/Sources/heap_1.o
 .debug_line    0x0000026a      0x195 FreeRTOS/Sources/list.o
 .debug_line    0x000003ff      0x2c1 FreeRTOS/Sources/port.o
 .debug_line    0x000006c0      0x945 FreeRTOS/Sources/tasks.o
 .debug_line    0x00001005      0x7e0 HAL/LCD.o
 .debug_line    0x000017e5       0xce main.o
 .debug_line    0x000018b3      0x2bf MCAL/DIO.o
 .debug_line    0x00001b72       0x43 MCAL/DIO_Lcfg.o
 .debug_line    0x00001bb5      0x286 MyTasks.o

.debug_frame    0x00000000      0x80c
 *(.debug_frame)
 .debug_frame   0x00000000       0x60 FreeRTOS/Sources/heap_1.o
 .debug_frame   0x00000060       0x7c FreeRTOS/Sources/list.o
 .debug_frame   0x000000dc       0xcc FreeRTOS/Sources/port.o
 .debug_frame   0x000001a8      0x310 FreeRTOS/Sources/tasks.o
 .debug_frame   0x000004b8      0x240 HAL/LCD.o
 .debug_frame   0x000006f8       0x34 main.o
 .debug_frame   0x0000072c       0x7c MCAL/DIO.o
 .debug_frame   0x000007a8       0x64 MyTasks.o

.debug_str      0x00000000     0x104b
 *(.debug_str)
 .debug_str     0x00000000      0x196 C:/Program Files (x86)/Atmel/Studio/7.0/Packs/atmel/ATmega_DFP/1.7.374/gcc/dev/atmega32/avr5/crtatmega32.o
 .debug_str     0x00000196      0x22d FreeRTOS/Sources/heap_1.o
                                0x266 (size before relaxing)
 .debug_str     0x000003c3      0x146 FreeRTOS/Sources/list.o
                                0x2ce (size before relaxing)
 .debug_str     0x00000509      0x120 FreeRTOS/Sources/port.o
                                0x2cb (size before relaxing)
 .debug_str     0x00000629      0x562 FreeRTOS/Sources/tasks.o
                                0x8c6 (size before relaxing)
 .debug_str     0x00000b8b      0x318 HAL/LCD.o
                                0x4bb (size before relaxing)
 .debug_str     0x00000ea3       0x44 main.o
                                0x355 (size before relaxing)
 .debug_str     0x00000ee7       0xc1 MCAL/DIO.o
                                0x3c5 (size before relaxing)
 .debug_str     0x00000fa8       0x13 MCAL/DIO_Lcfg.o
                                0x308 (size before relaxing)
 .debug_str     0x00000fbb       0x90 MyTasks.o
                                0x40b (size before relaxing)

.debug_loc      0x00000000     0x2b64
 *(.debug_loc)
 .debug_loc     0x00000000       0xf1 FreeRTOS/Sources/heap_1.o
 .debug_loc     0x000000f1       0xfe FreeRTOS/Sources/list.o
 .debug_loc     0x000001ef      0x36b FreeRTOS/Sources/port.o
 .debug_loc     0x0000055a      0xed8 FreeRTOS/Sources/tasks.o
 .debug_loc     0x00001432      0xfca HAL/LCD.o
 .debug_loc     0x000023fc      0x6d8 MCAL/DIO.o
 .debug_loc     0x00002ad4       0x90 MyTasks.o

.debug_macinfo
 *(.debug_macinfo)

.debug_weaknames
 *(.debug_weaknames)

.debug_funcnames
 *(.debug_funcnames)

.debug_typenames
 *(.debug_typenames)

.debug_varnames
 *(.debug_varnames)

.debug_pubtypes
 *(.debug_pubtypes)

.debug_ranges   0x00000000      0x2a0
 *(.debug_ranges)
 .debug_ranges  0x00000000       0x28 FreeRTOS/Sources/heap_1.o
 .debug_ranges  0x00000028       0x30 FreeRTOS/Sources/list.o
 .debug_ranges  0x00000058       0x40 FreeRTOS/Sources/port.o
 .debug_ranges  0x00000098       0xe8 FreeRTOS/Sources/tasks.o
 .debug_ranges  0x00000180       0xa0 HAL/LCD.o
 .debug_ranges  0x00000220       0x18 main.o
 .debug_ranges  0x00000238       0x38 MCAL/DIO.o
 .debug_ranges  0x00000270       0x30 MyTasks.o

.debug_macro
 *(.debug_macro)
OUTPUT(RTOS_Code_periodic_Tasks.elf elf32-avr)
LOAD linker stubs
