Archive member included to satisfy reference by file (symbol)

c:/program files (x86)/atmel/studio/7.0/toolchain/avr8/avr8-gnu-toolchain/bin/../lib/gcc/avr/5.4.0/avr5\libgcc.a(_udivmodhi4.o)
                              SERVICE/Timer_Services.o (__udivmodhi4)
c:/program files (x86)/atmel/studio/7.0/toolchain/avr8/avr8-gnu-toolchain/bin/../lib/gcc/avr/5.4.0/avr5\libgcc.a(_udivmodsi4.o)
                              HAL/Sensors.o (__udivmodsi4)
c:/program files (x86)/atmel/studio/7.0/toolchain/avr8/avr8-gnu-toolchain/bin/../lib/gcc/avr/5.4.0/avr5\libgcc.a(_divmodsi4.o)
                              HAL/LCD.o (__divmodsi4)
c:/program files (x86)/atmel/studio/7.0/toolchain/avr8/avr8-gnu-toolchain/bin/../lib/gcc/avr/5.4.0/avr5\libgcc.a(_negsi2.o)
                              c:/program files (x86)/atmel/studio/7.0/toolchain/avr8/avr8-gnu-toolchain/bin/../lib/gcc/avr/5.4.0/avr5\libgcc.a(_divmodsi4.o) (__negsi2)
c:/program files (x86)/atmel/studio/7.0/toolchain/avr8/avr8-gnu-toolchain/bin/../lib/gcc/avr/5.4.0/avr5\libgcc.a(_exit.o)
                              C:/Program Files (x86)/Atmel/Studio/7.0/Packs/atmel/ATmega_DFP/1.7.374/gcc/dev/atmega32/avr5/crtatmega32.o (exit)
c:/program files (x86)/atmel/studio/7.0/toolchain/avr8/avr8-gnu-toolchain/bin/../lib/gcc/avr/5.4.0/avr5\libgcc.a(_tablejump2.o)
                              HAL/LCD.o (__tablejump2__)
c:/program files (x86)/atmel/studio/7.0/toolchain/avr8/avr8-gnu-toolchain/bin/../lib/gcc/avr/5.4.0/avr5\libgcc.a(_copy_data.o)
                              7_Segment.o (__do_copy_data)
c:/program files (x86)/atmel/studio/7.0/toolchain/avr8/avr8-gnu-toolchain/bin/../lib/gcc/avr/5.4.0/avr5\libgcc.a(_clear_bss.o)
                              APP/System Fire.o (__do_clear_bss)
c:/program files (x86)/atmel/studio/7.0/toolchain/avr8/avr8-gnu-toolchain/bin/../lib/gcc/avr/5.4.0/avr5\libgcc.a(_umulhisi3.o)
                              APP/Temp_Filter.o (__umulhisi3)
c:/program files (x86)/atmel/studio/7.0/toolchain/avr8/avr8-gnu-toolchain/bin/../lib/gcc/avr/5.4.0/avr5\libgcc.a(_muluhisi3.o)
                              HAL/Servo_Motor.o (__muluhisi3)

Allocating common symbols
Common symbol       size              file

stack               0x3               SERVICE/URAT_Services.o
index               0x1               APP/System Fire.o

Discarded input sections

 .data          0x00000000        0x0 C:/Program Files (x86)/Atmel/Studio/7.0/Packs/atmel/ATmega_DFP/1.7.374/gcc/dev/atmega32/avr5/crtatmega32.o
 .bss           0x00000000        0x0 C:/Program Files (x86)/Atmel/Studio/7.0/Packs/atmel/ATmega_DFP/1.7.374/gcc/dev/atmega32/avr5/crtatmega32.o
 .text          0x00000000        0x0 7_Segment.o
 .data          0x00000000        0x0 7_Segment.o
 .bss           0x00000000        0x0 7_Segment.o
 .rodata        0x00000000        0xa 7_Segment.o
 .text.segment_dis
                0x00000000       0x72 7_Segment.o
 .text.segment_dis_BCD
                0x00000000       0x32 7_Segment.o
 .text.segment_dis_BCD_hex
                0x00000000        0x4 7_Segment.o
 .text.segment_dis_MLX
                0x00000000       0xb0 7_Segment.o
 .debug_info    0x00000000      0x239 7_Segment.o
 .debug_abbrev  0x00000000      0x137 7_Segment.o
 .debug_loc     0x00000000      0x17d 7_Segment.o
 .debug_aranges
                0x00000000       0x38 7_Segment.o
 .debug_ranges  0x00000000       0x28 7_Segment.o
 .debug_line    0x00000000      0x1c8 7_Segment.o
 .debug_str     0x00000000      0x1f6 7_Segment.o
 .comment       0x00000000       0x31 7_Segment.o
 .debug_frame   0x00000000       0x74 7_Segment.o
 .text          0x00000000        0x0 APP/System Fire.o
 .data          0x00000000        0x0 APP/System Fire.o
 .bss           0x00000000        0x0 APP/System Fire.o
 .text.check_string
                0x00000000       0x54 APP/System Fire.o
 .text.Split_String_Tasks
                0x00000000       0x72 APP/System Fire.o
 .text.Split_String_RGB
                0x00000000       0x46 APP/System Fire.o
 .text.Turn_ON_Task
                0x00000000       0x74 APP/System Fire.o
 .rodata.str1.1
                0x00000000       0x76 APP/System Fire.o
 .data.CONVERT  0x00000000       0x28 APP/System Fire.o
 .data.TASKS    0x00000000       0x28 APP/System Fire.o
 .data.arr      0x00000000       0xc8 APP/System Fire.o
 .debug_info    0x00000000      0x35f APP/System Fire.o
 .debug_abbrev  0x00000000      0x194 APP/System Fire.o
 .debug_loc     0x00000000      0x2df APP/System Fire.o
 .debug_aranges
                0x00000000       0x38 APP/System Fire.o
 .debug_ranges  0x00000000       0x28 APP/System Fire.o
 .debug_line    0x00000000      0x1f6 APP/System Fire.o
 .debug_str     0x00000000      0x250 APP/System Fire.o
 .comment       0x00000000       0x31 APP/System Fire.o
 .debug_frame   0x00000000       0x6c APP/System Fire.o
 COMMON         0x00000000        0x1 APP/System Fire.o
 .text          0x00000000        0x0 APP/Temp_Filter.o
 .data          0x00000000        0x0 APP/Temp_Filter.o
 .bss           0x00000000        0x0 APP/Temp_Filter.o
 .text.Temp_FilterRunnable
                0x00000000       0x68 APP/Temp_Filter.o
 .text.Temp_FilterGetter
                0x00000000        0xa APP/Temp_Filter.o
 .bss.p.1758    0x00000000        0x1 APP/Temp_Filter.o
 .bss.arr       0x00000000        0xa APP/Temp_Filter.o
 .text          0x00000000        0x0 HAL/Buzzer.o
 .data          0x00000000        0x0 HAL/Buzzer.o
 .bss           0x00000000        0x0 HAL/Buzzer.o
 .text.Buzzer_On
                0x00000000        0xa HAL/Buzzer.o
 .text.Buzzer_OFF
                0x00000000        0xa HAL/Buzzer.o
 .text.Relay_On
                0x00000000       0x1e HAL/Buzzer.o
 .text.Relay_Off
                0x00000000       0x1e HAL/Buzzer.o
 .debug_info    0x00000000      0x269 HAL/Buzzer.o
 .debug_abbrev  0x00000000       0xb9 HAL/Buzzer.o
 .debug_loc     0x00000000       0xa0 HAL/Buzzer.o
 .debug_aranges
                0x00000000       0x38 HAL/Buzzer.o
 .debug_ranges  0x00000000       0x28 HAL/Buzzer.o
 .debug_line    0x00000000       0xc9 HAL/Buzzer.o
 .debug_str     0x00000000      0x241 HAL/Buzzer.o
 .comment       0x00000000       0x31 HAL/Buzzer.o
 .debug_frame   0x00000000       0x54 HAL/Buzzer.o
 .text          0x00000000        0x0 HAL/Keypad.o
 .data          0x00000000        0x0 HAL/Keypad.o
 .bss           0x00000000        0x0 HAL/Keypad.o
 .text.KEYPAD_GetKey
                0x00000000       0x76 HAL/Keypad.o
 .text.KEYPAD_DEC
                0x00000000       0x34 HAL/Keypad.o
 .text.KEYPAD_BIN_Display
                0x00000000       0x74 HAL/Keypad.o
 .text.KEYPAD_BIN_T_DEC_CONV
                0x00000000       0x40 HAL/Keypad.o
 .text.KEYPAD_HEX_Display
                0x00000000      0x108 HAL/Keypad.o
 .text.KEYPAD_HEX_T_DEC_CONV
                0x00000000       0x88 HAL/Keypad.o
 .bss.i.1811    0x00000000        0x1 HAL/Keypad.o
 .bss.i.1791    0x00000000        0x1 HAL/Keypad.o
 .rodata.KeysArray
                0x00000000       0x10 HAL/Keypad.o
 .text          0x00000000        0x0 HAL/LCD.o
 .data          0x00000000        0x0 HAL/LCD.o
 .bss           0x00000000        0x0 HAL/LCD.o
 .text.LCD_Clear
                0x00000000       0x14 HAL/LCD.o
 .text.string_length
                0x00000000       0x16 HAL/LCD.o
 .rodata        0x00000000        0x8 HAL/LCD.o
 .text.set_CGRam
                0x00000000       0x50 HAL/LCD.o
 .text.LCD_Clear_With_Began
                0x00000000       0x30 HAL/LCD.o
 .text.LCD_WriteBinary
                0x00000000       0x7c HAL/LCD.o
 .text.LCD_WriteHex
                0x00000000       0x8c HAL/LCD.o
 .text.LCD_WriteNumber_4D
                0x00000000      0x144 HAL/LCD.o
 .bss.LCD_Count
                0x00000000        0x1 HAL/LCD.o
 .text          0x00000000        0x0 HAL/LED.o
 .data          0x00000000        0x0 HAL/LED.o
 .bss           0x00000000        0x0 HAL/LED.o
 .text.LED_ON   0x00000000       0x62 HAL/LED.o
 .progmem.gcc_sw_table.LED_ON
                0x00000000       0x10 HAL/LED.o
 .text.LED_OFF  0x00000000       0x62 HAL/LED.o
 .progmem.gcc_sw_table.LED_OFF
                0x00000000       0x10 HAL/LED.o
 .debug_info    0x00000000      0x32b HAL/LED.o
 .debug_abbrev  0x00000000       0xb9 HAL/LED.o
 .debug_loc     0x00000000      0x250 HAL/LED.o
 .debug_aranges
                0x00000000       0x28 HAL/LED.o
 .debug_ranges  0x00000000       0x18 HAL/LED.o
 .debug_line    0x00000000      0x136 HAL/LED.o
 .debug_str     0x00000000      0x22e HAL/LED.o
 .comment       0x00000000       0x31 HAL/LED.o
 .debug_frame   0x00000000       0x34 HAL/LED.o
 .text          0x00000000        0x0 HAL/Motor.o
 .data          0x00000000        0x0 HAL/Motor.o
 .bss           0x00000000        0x0 HAL/Motor.o
 .text.Motor_on_relay1_cw
                0x00000000        0xa HAL/Motor.o
 .text.Motor_off_relay1_cw
                0x00000000        0xa HAL/Motor.o
 .text.Motor_on_relay2_antiCw
                0x00000000        0xa HAL/Motor.o
 .text.Motor_off_relay2_antiCw
                0x00000000        0xa HAL/Motor.o
 .text.Motor_With_2_Bottom
                0x00000000      0x128 HAL/Motor.o
 .text.MOTOR_CW
                0x00000000       0x12 HAL/Motor.o
 .text.MOTOR_CCW
                0x00000000       0x12 HAL/Motor.o
 .bss.f2        0x00000000        0x1 HAL/Motor.o
 .data.f1       0x00000000        0x1 HAL/Motor.o
 .debug_info    0x00000000      0x5b1 HAL/Motor.o
 .debug_abbrev  0x00000000      0x17e HAL/Motor.o
 .debug_loc     0x00000000      0x227 HAL/Motor.o
 .debug_aranges
                0x00000000       0x50 HAL/Motor.o
 .debug_ranges  0x00000000       0x40 HAL/Motor.o
 .debug_line    0x00000000      0x309 HAL/Motor.o
 .debug_str     0x00000000      0x339 HAL/Motor.o
 .comment       0x00000000       0x31 HAL/Motor.o
 .debug_frame   0x00000000       0x98 HAL/Motor.o
 .text          0x00000000        0x0 HAL/RGB.o
 .data          0x00000000        0x0 HAL/RGB.o
 .bss           0x00000000        0x0 HAL/RGB.o
 .text.Show_off_interput
                0x00000000      0x338 HAL/RGB.o
 .text.Set_RGB  0x00000000       0x82 HAL/RGB.o
 .text.Show_off
                0x00000000       0xde HAL/RGB.o
 .text.Swang    0x00000000       0x9a HAL/RGB.o
 .bss.f.2034    0x00000000        0x1 HAL/RGB.o
 .bss.c.2033    0x00000000        0x1 HAL/RGB.o
 .bss.flag      0x00000000        0x1 HAL/RGB.o
 .bss.f3        0x00000000        0x1 HAL/RGB.o
 .bss.f2        0x00000000        0x1 HAL/RGB.o
 .bss.f1        0x00000000        0x1 HAL/RGB.o
 .bss.I2        0x00000000        0x1 HAL/RGB.o
 .bss.I1        0x00000000        0x1 HAL/RGB.o
 .data.Color    0x00000000       0x30 HAL/RGB.o
 .debug_info    0x00000000      0x793 HAL/RGB.o
 .debug_abbrev  0x00000000      0x1a4 HAL/RGB.o
 .debug_loc     0x00000000       0xfc HAL/RGB.o
 .debug_aranges
                0x00000000       0x38 HAL/RGB.o
 .debug_ranges  0x00000000       0x28 HAL/RGB.o
 .debug_line    0x00000000      0x399 HAL/RGB.o
 .debug_str     0x00000000      0x61e HAL/RGB.o
 .comment       0x00000000       0x31 HAL/RGB.o
 .debug_frame   0x00000000       0x74 HAL/RGB.o
 .text          0x00000000        0x0 HAL/Sensors.o
 .data          0x00000000        0x0 HAL/Sensors.o
 .bss           0x00000000        0x0 HAL/Sensors.o
 .text.PRESS_Read
                0x00000000       0x28 HAL/Sensors.o
 .text          0x00000000        0x0 HAL/Servo_Motor.o
 .data          0x00000000        0x0 HAL/Servo_Motor.o
 .bss           0x00000000        0x0 HAL/Servo_Motor.o
 .text.Servo_On
                0x00000000       0x10 HAL/Servo_Motor.o
 .text.Servo_Set_Angle
                0x00000000       0x4c HAL/Servo_Motor.o
 .text.Servo_Off
                0x00000000       0x10 HAL/Servo_Motor.o
 .debug_info    0x00000000      0x1e0 HAL/Servo_Motor.o
 .debug_abbrev  0x00000000       0xc8 HAL/Servo_Motor.o
 .debug_loc     0x00000000       0x8b HAL/Servo_Motor.o
 .debug_aranges
                0x00000000       0x30 HAL/Servo_Motor.o
 .debug_ranges  0x00000000       0x20 HAL/Servo_Motor.o
 .debug_line    0x00000000       0xbc HAL/Servo_Motor.o
 .debug_str     0x00000000      0x2c9 HAL/Servo_Motor.o
 .comment       0x00000000       0x31 HAL/Servo_Motor.o
 .debug_frame   0x00000000       0x58 HAL/Servo_Motor.o
 .text          0x00000000        0x0 HAL/Stepper_Motor.o
 .data          0x00000000        0x0 HAL/Stepper_Motor.o
 .bss           0x00000000        0x0 HAL/Stepper_Motor.o
 .text.Stepper_Bipoler_CW
                0x00000000       0xca HAL/Stepper_Motor.o
 .text.Stepper_Bipoler_CCW
                0x00000000       0xca HAL/Stepper_Motor.o
 .text.Stepper_Unipoler_CW
                0x00000000       0xca HAL/Stepper_Motor.o
 .text.Stepper_Unipoler_CW_By_Rot
                0x00000000       0xfe HAL/Stepper_Motor.o
 .text.Stepper_Unipoler_CW_Hs_By_angle
                0x00000000      0x136 HAL/Stepper_Motor.o
 .text.Stepper_Unipoler_CCW
                0x00000000       0xca HAL/Stepper_Motor.o
 .text.Stepper_Unipoler_CW_HS
                0x00000000      0x192 HAL/Stepper_Motor.o
 .text.Stepper_Unipoler_CCW_HS
                0x00000000      0x192 HAL/Stepper_Motor.o
 .bss.c.1845    0x00000000        0x2 HAL/Stepper_Motor.o
 .debug_info    0x00000000     0x1a49 HAL/Stepper_Motor.o
 .debug_abbrev  0x00000000      0x1cf HAL/Stepper_Motor.o
 .debug_loc     0x00000000      0xc46 HAL/Stepper_Motor.o
 .debug_aranges
                0x00000000       0x58 HAL/Stepper_Motor.o
 .debug_ranges  0x00000000       0x48 HAL/Stepper_Motor.o
 .debug_line    0x00000000      0x7de HAL/Stepper_Motor.o
 .debug_str     0x00000000      0x364 HAL/Stepper_Motor.o
 .comment       0x00000000       0x31 HAL/Stepper_Motor.o
 .debug_frame   0x00000000       0xb0 HAL/Stepper_Motor.o
 .text          0x00000000        0x0 HAL/ULTRASONIC.o
 .data          0x00000000        0x0 HAL/ULTRASONIC.o
 .bss           0x00000000        0x0 HAL/ULTRASONIC.o
 .text.f1       0x00000000       0x3e HAL/ULTRASONIC.o
 .text.ULTRASONIC_Init
                0x00000000        0xe HAL/ULTRASONIC.o
 .text.ULTRASONIC_GetDistance
                0x00000000       0xa0 HAL/ULTRASONIC.o
 .text.Four_UltraSonic_Init
                0x00000000        0x6 HAL/ULTRASONIC.o
 .text.Four_UltraSonic_Runnable
                0x00000000       0xbc HAL/ULTRASONIC.o
 .text.Four_UltraSonic_get_distance
                0x00000000       0x3a HAL/ULTRASONIC.o
 .bss.arr       0x00000000        0x8 HAL/ULTRASONIC.o
 .bss.flag      0x00000000        0x1 HAL/ULTRASONIC.o
 .bss.t2        0x00000000        0x2 HAL/ULTRASONIC.o
 .bss.t1        0x00000000        0x2 HAL/ULTRASONIC.o
 .debug_info    0x00000000      0x571 HAL/ULTRASONIC.o
 .debug_abbrev  0x00000000      0x22c HAL/ULTRASONIC.o
 .debug_loc     0x00000000      0x2b0 HAL/ULTRASONIC.o
 .debug_aranges
                0x00000000       0x48 HAL/ULTRASONIC.o
 .debug_ranges  0x00000000       0x38 HAL/ULTRASONIC.o
 .debug_line    0x00000000      0x30b HAL/ULTRASONIC.o
 .debug_str     0x00000000      0x39c HAL/ULTRASONIC.o
 .comment       0x00000000       0x31 HAL/ULTRASONIC.o
 .debug_frame   0x00000000       0x94 HAL/ULTRASONIC.o
 .text          0x00000000        0x0 main.o
 .data          0x00000000        0x0 main.o
 .bss           0x00000000        0x0 main.o
 .text          0x00000000        0x0 MCAL/ADC.o
 .data          0x00000000        0x0 MCAL/ADC.o
 .bss           0x00000000        0x0 MCAL/ADC.o
 .text.ADC_StartConversion
                0x00000000       0x22 MCAL/ADC.o
 .text.ADC_GetRead
                0x00000000        0xa MCAL/ADC.o
 .text.ADC_GetReadPerodic
                0x00000000       0x1e MCAL/ADC.o
 .text.ADC_GetReadNoblock
                0x00000000        0x6 MCAL/ADC.o
 .data.ADCFlag  0x00000000        0x1 MCAL/ADC.o
 .text          0x00000000        0x0 MCAL/DIO1.o
 .data          0x00000000        0x0 MCAL/DIO1.o
 .bss           0x00000000        0x0 MCAL/DIO1.o
 .text.DIO_ReadPin
                0x00000000       0x70 MCAL/DIO1.o
 .text.DIO_TogglePin
                0x00000000       0x82 MCAL/DIO1.o
 .text.DIO_WritePort
                0x00000000       0x20 MCAL/DIO1.o
 .text.DIO_ReadPort
                0x00000000        0x2 MCAL/DIO1.o
 .text          0x00000000        0x0 MCAL/DIO_cfg.o
 .data          0x00000000        0x0 MCAL/DIO_cfg.o
 .bss           0x00000000        0x0 MCAL/DIO_cfg.o
 .text          0x00000000        0x0 MCAL/Interrupt.o
 .data          0x00000000        0x0 MCAL/Interrupt.o
 .bss           0x00000000        0x0 MCAL/Interrupt.o
 .text.EXI_Enable
                0x00000000       0x24 MCAL/Interrupt.o
 .text.EXI_Disable
                0x00000000       0x24 MCAL/Interrupt.o
 .text.EXI_TriggerEdge
                0x00000000       0xc0 MCAL/Interrupt.o
 .text.EXI_Init
                0x00000000       0x1a MCAL/Interrupt.o
 .text.EXI_SetCallBack
                0x00000000       0x2a MCAL/Interrupt.o
 .text          0x00000000        0x0 MCAL/NVM.o
 .data          0x00000000        0x0 MCAL/NVM.o
 .bss           0x00000000        0x0 MCAL/NVM.o
 .text.NVM_Write
                0x00000000       0x18 MCAL/NVM.o
 .text.NVM_Read
                0x00000000       0x12 MCAL/NVM.o
 .text.NVM_Interput_ON
                0x00000000        0x8 MCAL/NVM.o
 .text.NVM_Interput_Off
                0x00000000        0x8 MCAL/NVM.o
 .debug_info    0x00000000      0x101 MCAL/NVM.o
 .debug_abbrev  0x00000000       0xa5 MCAL/NVM.o
 .debug_loc     0x00000000       0x58 MCAL/NVM.o
 .debug_aranges
                0x00000000       0x38 MCAL/NVM.o
 .debug_ranges  0x00000000       0x28 MCAL/NVM.o
 .debug_line    0x00000000       0xcc MCAL/NVM.o
 .debug_str     0x00000000      0x17f MCAL/NVM.o
 .comment       0x00000000       0x31 MCAL/NVM.o
 .debug_frame   0x00000000       0x54 MCAL/NVM.o
 .text          0x00000000        0x0 MCAL/SPI.o
 .data          0x00000000        0x0 MCAL/SPI.o
 .bss           0x00000000        0x0 MCAL/SPI.o
 .text.SPI_SendReceieve
                0x00000000        0xa MCAL/SPI.o
 .text.SPI_Receieve
                0x00000000        0x4 MCAL/SPI.o
 .text          0x00000000        0x0 MCAL/Timer.o
 .data          0x00000000        0x0 MCAL/Timer.o
 .bss           0x00000000        0x0 MCAL/Timer.o
 .text.TIMER0_Init
                0x00000000       0x54 MCAL/Timer.o
 .text.TIMER0_OC0Mode
                0x00000000       0x48 MCAL/Timer.o
 .text.TIMER0_OV_InterruptEnable
                0x00000000        0x8 MCAL/Timer.o
 .text.TIMER0_OV_InterruptDisable
                0x00000000        0x8 MCAL/Timer.o
 .text.TIMER0_OC_InterruptEnable
                0x00000000        0x8 MCAL/Timer.o
 .text.TIMER0_OC_InterruptDisable
                0x00000000        0x8 MCAL/Timer.o
 .text.Timer0_OVF_SetCallBack
                0x00000000        0xa MCAL/Timer.o
 .text.Timer0_OC0_SetCallBack
                0x00000000        0xa MCAL/Timer.o
 .text.TIMER0_OC0_vect
                0x00000000       0x52 MCAL/Timer.o
 .text.Timer1_Init
                0x00000000       0xa8 MCAL/Timer.o
 .text.Timer1_OCRA1Mode
                0x00000000       0x48 MCAL/Timer.o
 .text.Timer1_OCRB1Mode
                0x00000000       0x48 MCAL/Timer.o
 .text.Timer1_InputCaptureEdge
                0x00000000       0x18 MCAL/Timer.o
 .text.Timer1_ICU_InterruptEnable
                0x00000000        0x8 MCAL/Timer.o
 .text.Timer1_ICU_InterruptDisable
                0x00000000        0x8 MCAL/Timer.o
 .text.Timer1_OVF_InterruptEnable
                0x00000000        0x8 MCAL/Timer.o
 .text.Timer1_OVF_InterruptDisable
                0x00000000        0x8 MCAL/Timer.o
 .text.Timer1_OCA_InterruptEnable
                0x00000000        0x8 MCAL/Timer.o
 .text.Timer1_OCA_InterruptDisable
                0x00000000        0x8 MCAL/Timer.o
 .text.Timer1_OCB_InterruptEnable
                0x00000000        0x8 MCAL/Timer.o
 .text.Timer1_OCB_InterruptDisable
                0x00000000        0x8 MCAL/Timer.o
 .text.Timer1_OVF_SetCallBack
                0x00000000        0xa MCAL/Timer.o
 .text.Timer1_OCA_SetCallBack
                0x00000000        0xa MCAL/Timer.o
 .text.Timer1_OCB_SetCallBack
                0x00000000        0xa MCAL/Timer.o
 .text.Timer1_ICU_SetCallBack
                0x00000000        0xa MCAL/Timer.o
 .text.TIMER2_Init
                0x00000000       0x54 MCAL/Timer.o
 .text.TIMER2_OC2Mode
                0x00000000       0x48 MCAL/Timer.o
 .text.TIMER2_OV_InterruptEnable
                0x00000000        0x8 MCAL/Timer.o
 .text.TIMER2_OV_InterruptDisable
                0x00000000        0x8 MCAL/Timer.o
 .text.TIMER2_OC_InterruptEnable
                0x00000000        0x8 MCAL/Timer.o
 .text.TIMER2_OC_InterruptDisable
                0x00000000        0x8 MCAL/Timer.o
 .text.Timer2_OVF_SetCallBack
                0x00000000        0xa MCAL/Timer.o
 .text.Timer2_OC2_SetCallBack
                0x00000000        0xa MCAL/Timer.o
 .text.TIMER2_OC2_vect
                0x00000000       0x52 MCAL/Timer.o
 .bss.Timer0_OC0_Fptr
                0x00000000        0x2 MCAL/Timer.o
 .bss.Timer2_OC2_Fptr
                0x00000000        0x2 MCAL/Timer.o
 .text          0x00000000        0x0 MCAL/URAT.o
 .data          0x00000000        0x0 MCAL/URAT.o
 .bss           0x00000000        0x0 MCAL/URAT.o
 .text.URAT_Send_Data
                0x00000000        0x8 MCAL/URAT.o
 .text.URAT_Recieve_Data
                0x00000000        0x8 MCAL/URAT.o
 .text.URAT_RecievePerodic
                0x00000000       0x16 MCAL/URAT.o
 .text.Frame_SW
                0x00000000       0x10 MCAL/URAT.o
 .text.UART_SendStringCheckSum
                0x00000000       0x6e MCAL/URAT.o
 .text.URAT_sendNoBlock
                0x00000000        0x4 MCAL/URAT.o
 .text.URAT_ReceiveNoBlock
                0x00000000        0x4 MCAL/URAT.o
 .text.UART_RX_InterruptEnable
                0x00000000        0x8 MCAL/URAT.o
 .text.UART_RX_InterruptDisable
                0x00000000        0x8 MCAL/URAT.o
 .text.UART_TX_InterruptEnable
                0x00000000        0x8 MCAL/URAT.o
 .text.UART_TX_InterruptDisable
                0x00000000        0x8 MCAL/URAT.o
 .text.UART_RX_SetCallBack
                0x00000000        0xa MCAL/URAT.o
 .text.UART_TX_SetCallBack
                0x00000000        0xa MCAL/URAT.o
 .text          0x00000000        0x0 SERVICE/Timer_Services.o
 .data          0x00000000        0x0 SERVICE/Timer_Services.o
 .bss           0x00000000        0x0 SERVICE/Timer_Services.o
 .text.Timer_func
                0x00000000       0x5c SERVICE/Timer_Services.o
 .text.Func_ICU
                0x00000000       0x82 SERVICE/Timer_Services.o
 .text.PWM_Freq_KHZ
                0x00000000       0x24 SERVICE/Timer_Services.o
 .text.PWM_Freq_HZ
                0x00000000       0x2c SERVICE/Timer_Services.o
 .text.PWM_Duty
                0x00000000       0x34 SERVICE/Timer_Services.o
 .text.Timer1_SetInterruptTime_ms
                0x00000000       0x26 SERVICE/Timer_Services.o
 .text.Timer1_SetInterruptTime_us
                0x00000000       0x12 SERVICE/Timer_Services.o
 .text.PWM_Measure2
                0x00000000       0xc0 SERVICE/Timer_Services.o
 .text.PWM_Measure
                0x00000000       0xb4 SERVICE/Timer_Services.o
 .text.Timer1_SetInterruptTime_s
                0x00000000       0x60 SERVICE/Timer_Services.o
 .bss.c.1933    0x00000000        0x4 SERVICE/Timer_Services.o
 .bss.fptr_timer
                0x00000000        0x2 SERVICE/Timer_Services.o
 .bss.NofOverFlow
                0x00000000        0x4 SERVICE/Timer_Services.o
 .bss.flag      0x00000000        0x2 SERVICE/Timer_Services.o
 .bss.t3        0x00000000        0x2 SERVICE/Timer_Services.o
 .bss.t2        0x00000000        0x2 SERVICE/Timer_Services.o
 .bss.t1        0x00000000        0x2 SERVICE/Timer_Services.o
 .debug_info    0x00000000      0x650 SERVICE/Timer_Services.o
 .debug_abbrev  0x00000000      0x170 SERVICE/Timer_Services.o
 .debug_loc     0x00000000      0x4ae SERVICE/Timer_Services.o
 .debug_aranges
                0x00000000       0x68 SERVICE/Timer_Services.o
 .debug_ranges  0x00000000       0x58 SERVICE/Timer_Services.o
 .debug_line    0x00000000      0x2c3 SERVICE/Timer_Services.o
 .debug_str     0x00000000      0x4c0 SERVICE/Timer_Services.o
 .comment       0x00000000       0x31 SERVICE/Timer_Services.o
 .debug_frame   0x00000000      0x12c SERVICE/Timer_Services.o
 .text          0x00000000        0x0 SERVICE/URAT_Services.o
 .data          0x00000000        0x0 SERVICE/URAT_Services.o
 .bss           0x00000000        0x0 SERVICE/URAT_Services.o
 .text.TX_Fun   0x00000000       0xb6 SERVICE/URAT_Services.o
 .text.URAT_SendString
                0x00000000       0x30 SERVICE/URAT_Services.o
 .text.URAT_ReceiveString
                0x00000000       0x46 SERVICE/URAT_Services.o
 .text.URAT_SendNumber
                0x00000000       0x34 SERVICE/URAT_Services.o
 .text.URAT_ReceiveNumber
                0x00000000       0x12 SERVICE/URAT_Services.o
 .text.Check_Endian
                0x00000000        0x4 SERVICE/URAT_Services.o
 .text.Endian_Convert_u32
                0x00000000       0x62 SERVICE/URAT_Services.o
 .text.URAT_SendStringchecksum
                0x00000000       0x6e SERVICE/URAT_Services.o
 .text.URAT_ReceiveStringchecksum
                0x00000000       0x6a SERVICE/URAT_Services.o
 .text.URAT_SendStringAshync
                0x00000000       0xaa SERVICE/URAT_Services.o
 .text.push     0x00000000       0x20 SERVICE/URAT_Services.o
 .rodata.str1.1
                0x00000000        0xf SERVICE/URAT_Services.o
 .text.pop      0x00000000       0x40 SERVICE/URAT_Services.o
 .text.Stack_In
                0x00000000        0xe SERVICE/URAT_Services.o
 .text.URAT_Stack_push
                0x00000000       0x16 SERVICE/URAT_Services.o
 .text.Stack_INT
                0x00000000        0x6 SERVICE/URAT_Services.o
 .text.URAT_Stack_pop
                0x00000000       0x18 SERVICE/URAT_Services.o
 .data.f2.1721  0x00000000        0x1 SERVICE/URAT_Services.o
 .bss.c.1713    0x00000000        0x1 SERVICE/URAT_Services.o
 .data.i.1712   0x00000000        0x1 SERVICE/URAT_Services.o
 .bss.sp        0x00000000        0x1 SERVICE/URAT_Services.o
 .bss.f         0x00000000        0x1 SERVICE/URAT_Services.o
 .bss.j         0x00000000        0x1 SERVICE/URAT_Services.o
 .bss.k         0x00000000        0x1 SERVICE/URAT_Services.o
 .bss.TX_str    0x00000000        0x6 SERVICE/URAT_Services.o
 .debug_info    0x00000000      0x8e8 SERVICE/URAT_Services.o
 .debug_abbrev  0x00000000      0x24c SERVICE/URAT_Services.o
 .debug_loc     0x00000000      0x5ff SERVICE/URAT_Services.o
 .debug_aranges
                0x00000000       0x98 SERVICE/URAT_Services.o
 .debug_ranges  0x00000000       0x88 SERVICE/URAT_Services.o
 .debug_line    0x00000000      0x453 SERVICE/URAT_Services.o
 .debug_str     0x00000000      0x348 SERVICE/URAT_Services.o
 .comment       0x00000000       0x31 SERVICE/URAT_Services.o
 .debug_frame   0x00000000      0x1dc SERVICE/URAT_Services.o
 COMMON         0x00000000        0x3 SERVICE/URAT_Services.o
 .text          0x00000000        0x0 c:/program files (x86)/atmel/studio/7.0/toolchain/avr8/avr8-gnu-toolchain/bin/../lib/gcc/avr/5.4.0/avr5\libgcc.a(_udivmodhi4.o)
 .data          0x00000000        0x0 c:/program files (x86)/atmel/studio/7.0/toolchain/avr8/avr8-gnu-toolchain/bin/../lib/gcc/avr/5.4.0/avr5\libgcc.a(_udivmodhi4.o)
 .bss           0x00000000        0x0 c:/program files (x86)/atmel/studio/7.0/toolchain/avr8/avr8-gnu-toolchain/bin/../lib/gcc/avr/5.4.0/avr5\libgcc.a(_udivmodhi4.o)
 .text.libgcc.mul
                0x00000000        0x0 c:/program files (x86)/atmel/studio/7.0/toolchain/avr8/avr8-gnu-toolchain/bin/../lib/gcc/avr/5.4.0/avr5\libgcc.a(_udivmodhi4.o)
 .text.libgcc.div
                0x00000000       0x28 c:/program files (x86)/atmel/studio/7.0/toolchain/avr8/avr8-gnu-toolchain/bin/../lib/gcc/avr/5.4.0/avr5\libgcc.a(_udivmodhi4.o)
 .text.libgcc   0x00000000        0x0 c:/program files (x86)/atmel/studio/7.0/toolchain/avr8/avr8-gnu-toolchain/bin/../lib/gcc/avr/5.4.0/avr5\libgcc.a(_udivmodhi4.o)
 .text.libgcc.prologue
                0x00000000        0x0 c:/program files (x86)/atmel/studio/7.0/toolchain/avr8/avr8-gnu-toolchain/bin/../lib/gcc/avr/5.4.0/avr5\libgcc.a(_udivmodhi4.o)
 .text.libgcc.builtins
                0x00000000        0x0 c:/program files (x86)/atmel/studio/7.0/toolchain/avr8/avr8-gnu-toolchain/bin/../lib/gcc/avr/5.4.0/avr5\libgcc.a(_udivmodhi4.o)
 .text.libgcc.fmul
                0x00000000        0x0 c:/program files (x86)/atmel/studio/7.0/toolchain/avr8/avr8-gnu-toolchain/bin/../lib/gcc/avr/5.4.0/avr5\libgcc.a(_udivmodhi4.o)
 .text.libgcc.fixed
                0x00000000        0x0 c:/program files (x86)/atmel/studio/7.0/toolchain/avr8/avr8-gnu-toolchain/bin/../lib/gcc/avr/5.4.0/avr5\libgcc.a(_udivmodhi4.o)
 .text          0x00000000        0x0 c:/program files (x86)/atmel/studio/7.0/toolchain/avr8/avr8-gnu-toolchain/bin/../lib/gcc/avr/5.4.0/avr5\libgcc.a(_udivmodsi4.o)
 .data          0x00000000        0x0 c:/program files (x86)/atmel/studio/7.0/toolchain/avr8/avr8-gnu-toolchain/bin/../lib/gcc/avr/5.4.0/avr5\libgcc.a(_udivmodsi4.o)
 .bss           0x00000000        0x0 c:/program files (x86)/atmel/studio/7.0/toolchain/avr8/avr8-gnu-toolchain/bin/../lib/gcc/avr/5.4.0/avr5\libgcc.a(_udivmodsi4.o)
 .text.libgcc.mul
                0x00000000        0x0 c:/program files (x86)/atmel/studio/7.0/toolchain/avr8/avr8-gnu-toolchain/bin/../lib/gcc/avr/5.4.0/avr5\libgcc.a(_udivmodsi4.o)
 .text.libgcc   0x00000000        0x0 c:/program files (x86)/atmel/studio/7.0/toolchain/avr8/avr8-gnu-toolchain/bin/../lib/gcc/avr/5.4.0/avr5\libgcc.a(_udivmodsi4.o)
 .text.libgcc.prologue
                0x00000000        0x0 c:/program files (x86)/atmel/studio/7.0/toolchain/avr8/avr8-gnu-toolchain/bin/../lib/gcc/avr/5.4.0/avr5\libgcc.a(_udivmodsi4.o)
 .text.libgcc.builtins
                0x00000000        0x0 c:/program files (x86)/atmel/studio/7.0/toolchain/avr8/avr8-gnu-toolchain/bin/../lib/gcc/avr/5.4.0/avr5\libgcc.a(_udivmodsi4.o)
 .text.libgcc.fmul
                0x00000000        0x0 c:/program files (x86)/atmel/studio/7.0/toolchain/avr8/avr8-gnu-toolchain/bin/../lib/gcc/avr/5.4.0/avr5\libgcc.a(_udivmodsi4.o)
 .text.libgcc.fixed
                0x00000000        0x0 c:/program files (x86)/atmel/studio/7.0/toolchain/avr8/avr8-gnu-toolchain/bin/../lib/gcc/avr/5.4.0/avr5\libgcc.a(_udivmodsi4.o)
 .text          0x00000000        0x0 c:/program files (x86)/atmel/studio/7.0/toolchain/avr8/avr8-gnu-toolchain/bin/../lib/gcc/avr/5.4.0/avr5\libgcc.a(_divmodsi4.o)
 .data          0x00000000        0x0 c:/program files (x86)/atmel/studio/7.0/toolchain/avr8/avr8-gnu-toolchain/bin/../lib/gcc/avr/5.4.0/avr5\libgcc.a(_divmodsi4.o)
 .bss           0x00000000        0x0 c:/program files (x86)/atmel/studio/7.0/toolchain/avr8/avr8-gnu-toolchain/bin/../lib/gcc/avr/5.4.0/avr5\libgcc.a(_divmodsi4.o)
 .text.libgcc.mul
                0x00000000        0x0 c:/program files (x86)/atmel/studio/7.0/toolchain/avr8/avr8-gnu-toolchain/bin/../lib/gcc/avr/5.4.0/avr5\libgcc.a(_divmodsi4.o)
 .text.libgcc   0x00000000        0x0 c:/program files (x86)/atmel/studio/7.0/toolchain/avr8/avr8-gnu-toolchain/bin/../lib/gcc/avr/5.4.0/avr5\libgcc.a(_divmodsi4.o)
 .text.libgcc.prologue
                0x00000000        0x0 c:/program files (x86)/atmel/studio/7.0/toolchain/avr8/avr8-gnu-toolchain/bin/../lib/gcc/avr/5.4.0/avr5\libgcc.a(_divmodsi4.o)
 .text.libgcc.builtins
                0x00000000        0x0 c:/program files (x86)/atmel/studio/7.0/toolchain/avr8/avr8-gnu-toolchain/bin/../lib/gcc/avr/5.4.0/avr5\libgcc.a(_divmodsi4.o)
 .text.libgcc.fmul
                0x00000000        0x0 c:/program files (x86)/atmel/studio/7.0/toolchain/avr8/avr8-gnu-toolchain/bin/../lib/gcc/avr/5.4.0/avr5\libgcc.a(_divmodsi4.o)
 .text.libgcc.fixed
                0x00000000        0x0 c:/program files (x86)/atmel/studio/7.0/toolchain/avr8/avr8-gnu-toolchain/bin/../lib/gcc/avr/5.4.0/avr5\libgcc.a(_divmodsi4.o)
 .text          0x00000000        0x0 c:/program files (x86)/atmel/studio/7.0/toolchain/avr8/avr8-gnu-toolchain/bin/../lib/gcc/avr/5.4.0/avr5\libgcc.a(_negsi2.o)
 .data          0x00000000        0x0 c:/program files (x86)/atmel/studio/7.0/toolchain/avr8/avr8-gnu-toolchain/bin/../lib/gcc/avr/5.4.0/avr5\libgcc.a(_negsi2.o)
 .bss           0x00000000        0x0 c:/program files (x86)/atmel/studio/7.0/toolchain/avr8/avr8-gnu-toolchain/bin/../lib/gcc/avr/5.4.0/avr5\libgcc.a(_negsi2.o)
 .text.libgcc.mul
                0x00000000        0x0 c:/program files (x86)/atmel/studio/7.0/toolchain/avr8/avr8-gnu-toolchain/bin/../lib/gcc/avr/5.4.0/avr5\libgcc.a(_negsi2.o)
 .text.libgcc   0x00000000        0x0 c:/program files (x86)/atmel/studio/7.0/toolchain/avr8/avr8-gnu-toolchain/bin/../lib/gcc/avr/5.4.0/avr5\libgcc.a(_negsi2.o)
 .text.libgcc.prologue
                0x00000000        0x0 c:/program files (x86)/atmel/studio/7.0/toolchain/avr8/avr8-gnu-toolchain/bin/../lib/gcc/avr/5.4.0/avr5\libgcc.a(_negsi2.o)
 .text.libgcc.builtins
                0x00000000        0x0 c:/program files (x86)/atmel/studio/7.0/toolchain/avr8/avr8-gnu-toolchain/bin/../lib/gcc/avr/5.4.0/avr5\libgcc.a(_negsi2.o)
 .text.libgcc.fmul
                0x00000000        0x0 c:/program files (x86)/atmel/studio/7.0/toolchain/avr8/avr8-gnu-toolchain/bin/../lib/gcc/avr/5.4.0/avr5\libgcc.a(_negsi2.o)
 .text.libgcc.fixed
                0x00000000        0x0 c:/program files (x86)/atmel/studio/7.0/toolchain/avr8/avr8-gnu-toolchain/bin/../lib/gcc/avr/5.4.0/avr5\libgcc.a(_negsi2.o)
 .text          0x00000000        0x0 c:/program files (x86)/atmel/studio/7.0/toolchain/avr8/avr8-gnu-toolchain/bin/../lib/gcc/avr/5.4.0/avr5\libgcc.a(_exit.o)
 .data          0x00000000        0x0 c:/program files (x86)/atmel/studio/7.0/toolchain/avr8/avr8-gnu-toolchain/bin/../lib/gcc/avr/5.4.0/avr5\libgcc.a(_exit.o)
 .bss           0x00000000        0x0 c:/program files (x86)/atmel/studio/7.0/toolchain/avr8/avr8-gnu-toolchain/bin/../lib/gcc/avr/5.4.0/avr5\libgcc.a(_exit.o)
 .text.libgcc.mul
                0x00000000        0x0 c:/program files (x86)/atmel/studio/7.0/toolchain/avr8/avr8-gnu-toolchain/bin/../lib/gcc/avr/5.4.0/avr5\libgcc.a(_exit.o)
 .text.libgcc.div
                0x00000000        0x0 c:/program files (x86)/atmel/studio/7.0/toolchain/avr8/avr8-gnu-toolchain/bin/../lib/gcc/avr/5.4.0/avr5\libgcc.a(_exit.o)
 .text.libgcc   0x00000000        0x0 c:/program files (x86)/atmel/studio/7.0/toolchain/avr8/avr8-gnu-toolchain/bin/../lib/gcc/avr/5.4.0/avr5\libgcc.a(_exit.o)
 .text.libgcc.prologue
                0x00000000        0x0 c:/program files (x86)/atmel/studio/7.0/toolchain/avr8/avr8-gnu-toolchain/bin/../lib/gcc/avr/5.4.0/avr5\libgcc.a(_exit.o)
 .text.libgcc.builtins
                0x00000000        0x0 c:/program files (x86)/atmel/studio/7.0/toolchain/avr8/avr8-gnu-toolchain/bin/../lib/gcc/avr/5.4.0/avr5\libgcc.a(_exit.o)
 .text.libgcc.fmul
                0x00000000        0x0 c:/program files (x86)/atmel/studio/7.0/toolchain/avr8/avr8-gnu-toolchain/bin/../lib/gcc/avr/5.4.0/avr5\libgcc.a(_exit.o)
 .text.libgcc.fixed
                0x00000000        0x0 c:/program files (x86)/atmel/studio/7.0/toolchain/avr8/avr8-gnu-toolchain/bin/../lib/gcc/avr/5.4.0/avr5\libgcc.a(_exit.o)
 .text          0x00000000        0x0 c:/program files (x86)/atmel/studio/7.0/toolchain/avr8/avr8-gnu-toolchain/bin/../lib/gcc/avr/5.4.0/avr5\libgcc.a(_tablejump2.o)
 .data          0x00000000        0x0 c:/program files (x86)/atmel/studio/7.0/toolchain/avr8/avr8-gnu-toolchain/bin/../lib/gcc/avr/5.4.0/avr5\libgcc.a(_tablejump2.o)
 .bss           0x00000000        0x0 c:/program files (x86)/atmel/studio/7.0/toolchain/avr8/avr8-gnu-toolchain/bin/../lib/gcc/avr/5.4.0/avr5\libgcc.a(_tablejump2.o)
 .text.libgcc.mul
                0x00000000        0x0 c:/program files (x86)/atmel/studio/7.0/toolchain/avr8/avr8-gnu-toolchain/bin/../lib/gcc/avr/5.4.0/avr5\libgcc.a(_tablejump2.o)
 .text.libgcc.div
                0x00000000        0x0 c:/program files (x86)/atmel/studio/7.0/toolchain/avr8/avr8-gnu-toolchain/bin/../lib/gcc/avr/5.4.0/avr5\libgcc.a(_tablejump2.o)
 .text.libgcc.prologue
                0x00000000        0x0 c:/program files (x86)/atmel/studio/7.0/toolchain/avr8/avr8-gnu-toolchain/bin/../lib/gcc/avr/5.4.0/avr5\libgcc.a(_tablejump2.o)
 .text.libgcc.builtins
                0x00000000        0x0 c:/program files (x86)/atmel/studio/7.0/toolchain/avr8/avr8-gnu-toolchain/bin/../lib/gcc/avr/5.4.0/avr5\libgcc.a(_tablejump2.o)
 .text.libgcc.fmul
                0x00000000        0x0 c:/program files (x86)/atmel/studio/7.0/toolchain/avr8/avr8-gnu-toolchain/bin/../lib/gcc/avr/5.4.0/avr5\libgcc.a(_tablejump2.o)
 .text.libgcc.fixed
                0x00000000        0x0 c:/program files (x86)/atmel/studio/7.0/toolchain/avr8/avr8-gnu-toolchain/bin/../lib/gcc/avr/5.4.0/avr5\libgcc.a(_tablejump2.o)
 .text          0x00000000        0x0 c:/program files (x86)/atmel/studio/7.0/toolchain/avr8/avr8-gnu-toolchain/bin/../lib/gcc/avr/5.4.0/avr5\libgcc.a(_copy_data.o)
 .data          0x00000000        0x0 c:/program files (x86)/atmel/studio/7.0/toolchain/avr8/avr8-gnu-toolchain/bin/../lib/gcc/avr/5.4.0/avr5\libgcc.a(_copy_data.o)
 .bss           0x00000000        0x0 c:/program files (x86)/atmel/studio/7.0/toolchain/avr8/avr8-gnu-toolchain/bin/../lib/gcc/avr/5.4.0/avr5\libgcc.a(_copy_data.o)
 .text.libgcc.mul
                0x00000000        0x0 c:/program files (x86)/atmel/studio/7.0/toolchain/avr8/avr8-gnu-toolchain/bin/../lib/gcc/avr/5.4.0/avr5\libgcc.a(_copy_data.o)
 .text.libgcc.div
                0x00000000        0x0 c:/program files (x86)/atmel/studio/7.0/toolchain/avr8/avr8-gnu-toolchain/bin/../lib/gcc/avr/5.4.0/avr5\libgcc.a(_copy_data.o)
 .text.libgcc   0x00000000        0x0 c:/program files (x86)/atmel/studio/7.0/toolchain/avr8/avr8-gnu-toolchain/bin/../lib/gcc/avr/5.4.0/avr5\libgcc.a(_copy_data.o)
 .text.libgcc.prologue
                0x00000000        0x0 c:/program files (x86)/atmel/studio/7.0/toolchain/avr8/avr8-gnu-toolchain/bin/../lib/gcc/avr/5.4.0/avr5\libgcc.a(_copy_data.o)
 .text.libgcc.builtins
                0x00000000        0x0 c:/program files (x86)/atmel/studio/7.0/toolchain/avr8/avr8-gnu-toolchain/bin/../lib/gcc/avr/5.4.0/avr5\libgcc.a(_copy_data.o)
 .text.libgcc.fmul
                0x00000000        0x0 c:/program files (x86)/atmel/studio/7.0/toolchain/avr8/avr8-gnu-toolchain/bin/../lib/gcc/avr/5.4.0/avr5\libgcc.a(_copy_data.o)
 .text.libgcc.fixed
                0x00000000        0x0 c:/program files (x86)/atmel/studio/7.0/toolchain/avr8/avr8-gnu-toolchain/bin/../lib/gcc/avr/5.4.0/avr5\libgcc.a(_copy_data.o)
 .text          0x00000000        0x0 c:/program files (x86)/atmel/studio/7.0/toolchain/avr8/avr8-gnu-toolchain/bin/../lib/gcc/avr/5.4.0/avr5\libgcc.a(_clear_bss.o)
 .data          0x00000000        0x0 c:/program files (x86)/atmel/studio/7.0/toolchain/avr8/avr8-gnu-toolchain/bin/../lib/gcc/avr/5.4.0/avr5\libgcc.a(_clear_bss.o)
 .bss           0x00000000        0x0 c:/program files (x86)/atmel/studio/7.0/toolchain/avr8/avr8-gnu-toolchain/bin/../lib/gcc/avr/5.4.0/avr5\libgcc.a(_clear_bss.o)
 .text.libgcc.mul
                0x00000000        0x0 c:/program files (x86)/atmel/studio/7.0/toolchain/avr8/avr8-gnu-toolchain/bin/../lib/gcc/avr/5.4.0/avr5\libgcc.a(_clear_bss.o)
 .text.libgcc.div
                0x00000000        0x0 c:/program files (x86)/atmel/studio/7.0/toolchain/avr8/avr8-gnu-toolchain/bin/../lib/gcc/avr/5.4.0/avr5\libgcc.a(_clear_bss.o)
 .text.libgcc   0x00000000        0x0 c:/program files (x86)/atmel/studio/7.0/toolchain/avr8/avr8-gnu-toolchain/bin/../lib/gcc/avr/5.4.0/avr5\libgcc.a(_clear_bss.o)
 .text.libgcc.prologue
                0x00000000        0x0 c:/program files (x86)/atmel/studio/7.0/toolchain/avr8/avr8-gnu-toolchain/bin/../lib/gcc/avr/5.4.0/avr5\libgcc.a(_clear_bss.o)
 .text.libgcc.builtins
                0x00000000        0x0 c:/program files (x86)/atmel/studio/7.0/toolchain/avr8/avr8-gnu-toolchain/bin/../lib/gcc/avr/5.4.0/avr5\libgcc.a(_clear_bss.o)
 .text.libgcc.fmul
                0x00000000        0x0 c:/program files (x86)/atmel/studio/7.0/toolchain/avr8/avr8-gnu-toolchain/bin/../lib/gcc/avr/5.4.0/avr5\libgcc.a(_clear_bss.o)
 .text.libgcc.fixed
                0x00000000        0x0 c:/program files (x86)/atmel/studio/7.0/toolchain/avr8/avr8-gnu-toolchain/bin/../lib/gcc/avr/5.4.0/avr5\libgcc.a(_clear_bss.o)
 .text          0x00000000        0x0 c:/program files (x86)/atmel/studio/7.0/toolchain/avr8/avr8-gnu-toolchain/bin/../lib/gcc/avr/5.4.0/avr5\libgcc.a(_umulhisi3.o)
 .data          0x00000000        0x0 c:/program files (x86)/atmel/studio/7.0/toolchain/avr8/avr8-gnu-toolchain/bin/../lib/gcc/avr/5.4.0/avr5\libgcc.a(_umulhisi3.o)
 .bss           0x00000000        0x0 c:/program files (x86)/atmel/studio/7.0/toolchain/avr8/avr8-gnu-toolchain/bin/../lib/gcc/avr/5.4.0/avr5\libgcc.a(_umulhisi3.o)
 .text.libgcc.div
                0x00000000        0x0 c:/program files (x86)/atmel/studio/7.0/toolchain/avr8/avr8-gnu-toolchain/bin/../lib/gcc/avr/5.4.0/avr5\libgcc.a(_umulhisi3.o)
 .text.libgcc   0x00000000        0x0 c:/program files (x86)/atmel/studio/7.0/toolchain/avr8/avr8-gnu-toolchain/bin/../lib/gcc/avr/5.4.0/avr5\libgcc.a(_umulhisi3.o)
 .text.libgcc.prologue
                0x00000000        0x0 c:/program files (x86)/atmel/studio/7.0/toolchain/avr8/avr8-gnu-toolchain/bin/../lib/gcc/avr/5.4.0/avr5\libgcc.a(_umulhisi3.o)
 .text.libgcc.builtins
                0x00000000        0x0 c:/program files (x86)/atmel/studio/7.0/toolchain/avr8/avr8-gnu-toolchain/bin/../lib/gcc/avr/5.4.0/avr5\libgcc.a(_umulhisi3.o)
 .text.libgcc.fmul
                0x00000000        0x0 c:/program files (x86)/atmel/studio/7.0/toolchain/avr8/avr8-gnu-toolchain/bin/../lib/gcc/avr/5.4.0/avr5\libgcc.a(_umulhisi3.o)
 .text.libgcc.fixed
                0x00000000        0x0 c:/program files (x86)/atmel/studio/7.0/toolchain/avr8/avr8-gnu-toolchain/bin/../lib/gcc/avr/5.4.0/avr5\libgcc.a(_umulhisi3.o)
 .text          0x00000000        0x0 c:/program files (x86)/atmel/studio/7.0/toolchain/avr8/avr8-gnu-toolchain/bin/../lib/gcc/avr/5.4.0/avr5\libgcc.a(_muluhisi3.o)
 .data          0x00000000        0x0 c:/program files (x86)/atmel/studio/7.0/toolchain/avr8/avr8-gnu-toolchain/bin/../lib/gcc/avr/5.4.0/avr5\libgcc.a(_muluhisi3.o)
 .bss           0x00000000        0x0 c:/program files (x86)/atmel/studio/7.0/toolchain/avr8/avr8-gnu-toolchain/bin/../lib/gcc/avr/5.4.0/avr5\libgcc.a(_muluhisi3.o)
 .text.libgcc.mul
                0x00000000       0x16 c:/program files (x86)/atmel/studio/7.0/toolchain/avr8/avr8-gnu-toolchain/bin/../lib/gcc/avr/5.4.0/avr5\libgcc.a(_muluhisi3.o)
 .text.libgcc.div
                0x00000000        0x0 c:/program files (x86)/atmel/studio/7.0/toolchain/avr8/avr8-gnu-toolchain/bin/../lib/gcc/avr/5.4.0/avr5\libgcc.a(_muluhisi3.o)
 .text.libgcc   0x00000000        0x0 c:/program files (x86)/atmel/studio/7.0/toolchain/avr8/avr8-gnu-toolchain/bin/../lib/gcc/avr/5.4.0/avr5\libgcc.a(_muluhisi3.o)
 .text.libgcc.prologue
                0x00000000        0x0 c:/program files (x86)/atmel/studio/7.0/toolchain/avr8/avr8-gnu-toolchain/bin/../lib/gcc/avr/5.4.0/avr5\libgcc.a(_muluhisi3.o)
 .text.libgcc.builtins
                0x00000000        0x0 c:/program files (x86)/atmel/studio/7.0/toolchain/avr8/avr8-gnu-toolchain/bin/../lib/gcc/avr/5.4.0/avr5\libgcc.a(_muluhisi3.o)
 .text.libgcc.fmul
                0x00000000        0x0 c:/program files (x86)/atmel/studio/7.0/toolchain/avr8/avr8-gnu-toolchain/bin/../lib/gcc/avr/5.4.0/avr5\libgcc.a(_muluhisi3.o)
 .text.libgcc.fixed
                0x00000000        0x0 c:/program files (x86)/atmel/studio/7.0/toolchain/avr8/avr8-gnu-toolchain/bin/../lib/gcc/avr/5.4.0/avr5\libgcc.a(_muluhisi3.o)

Memory Configuration

Name             Origin             Length             Attributes
text             0x00000000         0x00008000         xr
data             0x00800060         0x00000800         rw !x
eeprom           0x00810000         0x00000400         rw !x
fuse             0x00820000         0x00000002         rw !x
lock             0x00830000         0x00000400         rw !x
signature        0x00840000         0x00000400         rw !x
user_signatures  0x00850000         0x00000400         rw !x
*default*        0x00000000         0xffffffff

Linker script and memory map

LOAD C:/Program Files (x86)/Atmel/Studio/7.0/Packs/atmel/ATmega_DFP/1.7.374/gcc/dev/atmega32/avr5/crtatmega32.o
LOAD 7_Segment.o
LOAD APP/System Fire.o
LOAD APP/Temp_Filter.o
LOAD HAL/Buzzer.o
LOAD HAL/Keypad.o
LOAD HAL/LCD.o
LOAD HAL/LED.o
LOAD HAL/Motor.o
LOAD HAL/RGB.o
LOAD HAL/Sensors.o
LOAD HAL/Servo_Motor.o
LOAD HAL/Stepper_Motor.o
LOAD HAL/ULTRASONIC.o
LOAD main.o
LOAD MCAL/ADC.o
LOAD MCAL/DIO1.o
LOAD MCAL/DIO_cfg.o
LOAD MCAL/Interrupt.o
LOAD MCAL/NVM.o
LOAD MCAL/SPI.o
LOAD MCAL/Timer.o
LOAD MCAL/URAT.o
LOAD SERVICE/Timer_Services.o
LOAD SERVICE/URAT_Services.o
START GROUP
LOAD c:/program files (x86)/atmel/studio/7.0/toolchain/avr8/avr8-gnu-toolchain/bin/../lib/gcc/avr/5.4.0/../../../../avr/lib/avr5\libm.a
END GROUP
START GROUP
LOAD c:/program files (x86)/atmel/studio/7.0/toolchain/avr8/avr8-gnu-toolchain/bin/../lib/gcc/avr/5.4.0/avr5\libgcc.a
LOAD c:/program files (x86)/atmel/studio/7.0/toolchain/avr8/avr8-gnu-toolchain/bin/../lib/gcc/avr/5.4.0/../../../../avr/lib/avr5\libm.a
LOAD c:/program files (x86)/atmel/studio/7.0/toolchain/avr8/avr8-gnu-toolchain/bin/../lib/gcc/avr/5.4.0/../../../../avr/lib/avr5\libc.a
LOAD C:/Program Files (x86)/Atmel/Studio/7.0/Packs/atmel/ATmega_DFP/1.7.374/gcc/dev/atmega32/avr5\libatmega32.a
END GROUP
                0x00000000                __TEXT_REGION_ORIGIN__ = DEFINED (__TEXT_REGION_ORIGIN__)?__TEXT_REGION_ORIGIN__:0x0
                [0x00800060]                __DATA_REGION_ORIGIN__ = DEFINED (__DATA_REGION_ORIGIN__)?__DATA_REGION_ORIGIN__:0x800060
                [0x00008000]                __TEXT_REGION_LENGTH__ = DEFINED (__TEXT_REGION_LENGTH__)?__TEXT_REGION_LENGTH__:0x20000
                [0x00000800]                __DATA_REGION_LENGTH__ = DEFINED (__DATA_REGION_LENGTH__)?__DATA_REGION_LENGTH__:0xffa0
                [0x00000400]                __EEPROM_REGION_LENGTH__ = DEFINED (__EEPROM_REGION_LENGTH__)?__EEPROM_REGION_LENGTH__:0x10000
                [0x00000002]                __FUSE_REGION_LENGTH__ = DEFINED (__FUSE_REGION_LENGTH__)?__FUSE_REGION_LENGTH__:0x400
                0x00000400                __LOCK_REGION_LENGTH__ = DEFINED (__LOCK_REGION_LENGTH__)?__LOCK_REGION_LENGTH__:0x400
                0x00000400                __SIGNATURE_REGION_LENGTH__ = DEFINED (__SIGNATURE_REGION_LENGTH__)?__SIGNATURE_REGION_LENGTH__:0x400
                0x00000400                __USER_SIGNATURE_REGION_LENGTH__ = DEFINED (__USER_SIGNATURE_REGION_LENGTH__)?__USER_SIGNATURE_REGION_LENGTH__:0x400

.hash
 *(.hash)

.dynsym
 *(.dynsym)

.dynstr
 *(.dynstr)

.gnu.version
 *(.gnu.version)

.gnu.version_d
 *(.gnu.version_d)

.gnu.version_r
 *(.gnu.version_r)

.rel.init
 *(.rel.init)

.rela.init
 *(.rela.init)

.rel.text
 *(.rel.text)
 *(.rel.text.*)
 *(.rel.gnu.linkonce.t*)

.rela.text
 *(.rela.text)
 *(.rela.text.*)
 *(.rela.gnu.linkonce.t*)

.rel.fini
 *(.rel.fini)

.rela.fini
 *(.rela.fini)

.rel.rodata
 *(.rel.rodata)
 *(.rel.rodata.*)
 *(.rel.gnu.linkonce.r*)

.rela.rodata
 *(.rela.rodata)
 *(.rela.rodata.*)
 *(.rela.gnu.linkonce.r*)

.rel.data
 *(.rel.data)
 *(.rel.data.*)
 *(.rel.gnu.linkonce.d*)

.rela.data
 *(.rela.data)
 *(.rela.data.*)
 *(.rela.gnu.linkonce.d*)

.rel.ctors
 *(.rel.ctors)

.rela.ctors
 *(.rela.ctors)

.rel.dtors
 *(.rel.dtors)

.rela.dtors
 *(.rela.dtors)

.rel.got
 *(.rel.got)

.rela.got
 *(.rela.got)

.rel.bss
 *(.rel.bss)

.rela.bss
 *(.rela.bss)

.rel.plt
 *(.rel.plt)

.rela.plt
 *(.rela.plt)

.text           0x00000000      0xe1c
 *(.vectors)
 .vectors       0x00000000       0x54 C:/Program Files (x86)/Atmel/Studio/7.0/Packs/atmel/ATmega_DFP/1.7.374/gcc/dev/atmega32/avr5/crtatmega32.o
                0x00000000                __vector_default
                0x00000000                __vectors
 *(.vectors)
 *(.progmem.gcc*)
 .progmem.gcc_sw_table.LCD_SetCursor
                0x00000054       0x40 HAL/LCD.o
                0x00000094                . = ALIGN (0x2)
                0x00000094                __trampolines_start = .
 *(.trampolines)
 .trampolines   0x00000094        0x0 linker stubs
 *(.trampolines*)
                0x00000094                __trampolines_end = .
 *libprintf_flt.a:*(.progmem.data)
 *libc.a:*(.progmem.data)
 *(.progmem*)
                0x00000094                . = ALIGN (0x2)
 *(.jumptables)
 *(.jumptables*)
 *(.lowtext)
 *(.lowtext*)
                0x00000094                __ctors_start = .
 *(.ctors)
                0x00000094                __ctors_end = .
                0x00000094                __dtors_start = .
 *(.dtors)
                0x00000094                __dtors_end = .
 SORT(*)(.ctors)
 SORT(*)(.dtors)
 *(.init0)
 .init0         0x00000094        0x0 C:/Program Files (x86)/Atmel/Studio/7.0/Packs/atmel/ATmega_DFP/1.7.374/gcc/dev/atmega32/avr5/crtatmega32.o
                0x00000094                __init
 *(.init0)
 *(.init1)
 *(.init1)
 *(.init2)
 .init2         0x00000094        0xc C:/Program Files (x86)/Atmel/Studio/7.0/Packs/atmel/ATmega_DFP/1.7.374/gcc/dev/atmega32/avr5/crtatmega32.o
 *(.init2)
 *(.init3)
 *(.init3)
 *(.init4)
 .init4         0x000000a0       0x16 c:/program files (x86)/atmel/studio/7.0/toolchain/avr8/avr8-gnu-toolchain/bin/../lib/gcc/avr/5.4.0/avr5\libgcc.a(_copy_data.o)
                0x000000a0                __do_copy_data
 .init4         0x000000b6       0x10 c:/program files (x86)/atmel/studio/7.0/toolchain/avr8/avr8-gnu-toolchain/bin/../lib/gcc/avr/5.4.0/avr5\libgcc.a(_clear_bss.o)
                0x000000b6                __do_clear_bss
 *(.init4)
 *(.init5)
 *(.init5)
 *(.init6)
 *(.init6)
 *(.init7)
 *(.init7)
 *(.init8)
 *(.init8)
 *(.init9)
 .init9         0x000000c6        0x8 C:/Program Files (x86)/Atmel/Studio/7.0/Packs/atmel/ATmega_DFP/1.7.374/gcc/dev/atmega32/avr5/crtatmega32.o
 *(.init9)
 *(.text)
 .text          0x000000ce        0x4 C:/Program Files (x86)/Atmel/Studio/7.0/Packs/atmel/ATmega_DFP/1.7.374/gcc/dev/atmega32/avr5/crtatmega32.o
                0x000000ce                __vector_12
                0x000000ce                __bad_interrupt
                0x000000ce                __vector_17
                0x000000ce                __vector_19
                0x000000ce                __vector_4
                0x000000ce                __vector_14
                0x000000ce                __vector_10
                0x000000ce                __vector_16
                0x000000ce                __vector_18
                0x000000ce                __vector_20
                0x000000d2                . = ALIGN (0x2)
 *(.text.*)
 .text.Temp_FilterInit
                0x000000d2        0xe APP/Temp_Filter.o
                0x000000d2                Temp_FilterInit
 .text.KEYPAD_Init
                0x000000e0       0x22 HAL/Keypad.o
                0x000000e0                KEYPAD_Init
 .text.WriteIns
                0x00000102       0xc0 HAL/LCD.o
 .text.WriteData
                0x000001c2       0xc0 HAL/LCD.o
 .text.LCD_Init
                0x00000282       0x3e HAL/LCD.o
                0x00000282                LCD_Init
 .text.LCD_WriteChar
                0x000002c0        0x6 HAL/LCD.o
                0x000002c0                LCD_WriteChar
 .text.LCD_WriteNumber
                0x000002c6       0xc6 HAL/LCD.o
                0x000002c6                LCD_WriteNumber
 .text.LCD_WriteString
                0x0000038c       0x26 HAL/LCD.o
                0x0000038c                LCD_WriteString
 .text.LCD_SetCursor
                0x000003b2      0x138 HAL/LCD.o
                0x000003b2                LCD_SetCursor
 .text.Temp_Read
                0x000004ea        0x8 HAL/Sensors.o
                0x000004ea                Temp_Read
 .text.main     0x000004f2       0xee main.o
                0x000004f2                main
 .text.ADC_Init
                0x000005e0       0x50 MCAL/ADC.o
                0x000005e0                ADC_Init
 .text.ADC_Read
                0x00000630       0x1e MCAL/ADC.o
                0x00000630                ADC_Read
 .text.ADC_Read_volt
                0x0000064e       0x26 MCAL/ADC.o
                0x0000064e                ADC_Read_volt
 .text.DIO_InitPin
                0x00000674      0x1fc MCAL/DIO1.o
                0x00000674                DIO_InitPin
 .text.DIO_WritePin
                0x00000870      0x10a MCAL/DIO1.o
                0x00000870                DIO_WritePin
 .text.DIO_Init
                0x0000097a       0x20 MCAL/DIO1.o
                0x0000097a                DIO_Init
 .text.__vector_1
                0x0000099a       0x52 MCAL/Interrupt.o
                0x0000099a                __vector_1
 .text.__vector_2
                0x000009ec       0x52 MCAL/Interrupt.o
                0x000009ec                __vector_2
 .text.__vector_3
                0x00000a3e       0x52 MCAL/Interrupt.o
                0x00000a3e                __vector_3
 .text.SPI_Init
                0x00000a90       0x1a MCAL/SPI.o
                0x00000a90                SPI_Init
 .text.SPI_Receieveperodic
                0x00000aaa       0x16 MCAL/SPI.o
                0x00000aaa                SPI_Receieveperodic
 .text.SPI_Send
                0x00000ac0        0x4 MCAL/SPI.o
                0x00000ac0                SPI_Send
 .text.__vector_11
                0x00000ac4       0x52 MCAL/Timer.o
                0x00000ac4                __vector_11
 .text.__vector_9
                0x00000b16       0x52 MCAL/Timer.o
                0x00000b16                __vector_9
 .text.__vector_7
                0x00000b68       0x52 MCAL/Timer.o
                0x00000b68                __vector_7
 .text.__vector_8
                0x00000bba       0x52 MCAL/Timer.o
                0x00000bba                __vector_8
 .text.__vector_6
                0x00000c0c       0x52 MCAL/Timer.o
                0x00000c0c                __vector_6
 .text.__vector_5
                0x00000c5e       0x52 MCAL/Timer.o
                0x00000c5e                __vector_5
 .text.URAT_INIT
                0x00000cb0       0x18 MCAL/URAT.o
                0x00000cb0                URAT_INIT
 .text.__vector_13
                0x00000cc8       0x52 MCAL/URAT.o
                0x00000cc8                __vector_13
 .text.__vector_15
                0x00000d1a       0x52 MCAL/URAT.o
                0x00000d1a                __vector_15
 .text.libgcc.div
                0x00000d6c       0x44 c:/program files (x86)/atmel/studio/7.0/toolchain/avr8/avr8-gnu-toolchain/bin/../lib/gcc/avr/5.4.0/avr5\libgcc.a(_udivmodsi4.o)
                0x00000d6c                __udivmodsi4
 .text.libgcc.div
                0x00000db0       0x2e c:/program files (x86)/atmel/studio/7.0/toolchain/avr8/avr8-gnu-toolchain/bin/../lib/gcc/avr/5.4.0/avr5\libgcc.a(_divmodsi4.o)
                0x00000db0                __divmodsi4
 .text.libgcc.div
                0x00000dde       0x10 c:/program files (x86)/atmel/studio/7.0/toolchain/avr8/avr8-gnu-toolchain/bin/../lib/gcc/avr/5.4.0/avr5\libgcc.a(_negsi2.o)
                0x00000dde                __negsi2
 .text.libgcc   0x00000dee        0xc c:/program files (x86)/atmel/studio/7.0/toolchain/avr8/avr8-gnu-toolchain/bin/../lib/gcc/avr/5.4.0/avr5\libgcc.a(_tablejump2.o)
                0x00000dee                __tablejump2__
 .text.libgcc.mul
                0x00000dfa       0x1e c:/program files (x86)/atmel/studio/7.0/toolchain/avr8/avr8-gnu-toolchain/bin/../lib/gcc/avr/5.4.0/avr5\libgcc.a(_umulhisi3.o)
                0x00000dfa                __umulhisi3
                0x00000e18                . = ALIGN (0x2)
 *(.fini9)
 .fini9         0x00000e18        0x0 c:/program files (x86)/atmel/studio/7.0/toolchain/avr8/avr8-gnu-toolchain/bin/../lib/gcc/avr/5.4.0/avr5\libgcc.a(_exit.o)
                0x00000e18                _exit
                0x00000e18                exit
 *(.fini9)
 *(.fini8)
 *(.fini8)
 *(.fini7)
 *(.fini7)
 *(.fini6)
 *(.fini6)
 *(.fini5)
 *(.fini5)
 *(.fini4)
 *(.fini4)
 *(.fini3)
 *(.fini3)
 *(.fini2)
 *(.fini2)
 *(.fini1)
 *(.fini1)
 *(.fini0)
 .fini0         0x00000e18        0x4 c:/program files (x86)/atmel/studio/7.0/toolchain/avr8/avr8-gnu-toolchain/bin/../lib/gcc/avr/5.4.0/avr5\libgcc.a(_exit.o)
 *(.fini0)
                0x00000e1c                _etext = .

.data           0x00800060       0x36 load address 0x00000e1c
                0x00800060                PROVIDE (__data_start, .)
 *(.data)
 *(.data*)
 *(.gnu.linkonce.d*)
 *(.rodata)
 *(.rodata*)
 .rodata.str1.1
                0x00800060       0x16 main.o
 .rodata.PinsStatusArray
                0x00800076       0x20 MCAL/DIO_cfg.o
                0x00800076                PinsStatusArray
 *(.gnu.linkonce.r*)
                0x00800096                . = ALIGN (0x2)
                0x00800096                _edata = .
                0x00800096                PROVIDE (__data_end, .)

.bss            0x00800096       0x18
                0x00800096                PROVIDE (__bss_start, .)
 *(.bss)
 *(.bss*)
 .bss.Tempfiltered
                0x00800096        0x2 APP/Temp_Filter.o
 .bss.INT2_Fptr
                0x00800098        0x2 MCAL/Interrupt.o
 .bss.INT1_Fptr
                0x0080009a        0x2 MCAL/Interrupt.o
 .bss.INT0_Fptr
                0x0080009c        0x2 MCAL/Interrupt.o
 .bss.Timer0_OVF_Fptr
                0x0080009e        0x2 MCAL/Timer.o
 .bss.Timer2_OVF_Fptr
                0x008000a0        0x2 MCAL/Timer.o
 .bss.Timer1_ICU_Fptr
                0x008000a2        0x2 MCAL/Timer.o
 .bss.Timer1_OCB_Fptr
                0x008000a4        0x2 MCAL/Timer.o
 .bss.Timer1_OCA_Fptr
                0x008000a6        0x2 MCAL/Timer.o
 .bss.Timer1_OVF_Fptr
                0x008000a8        0x2 MCAL/Timer.o
 .bss.URAT_TX_Fptr
                0x008000aa        0x2 MCAL/URAT.o
 .bss.URAT_RX_Fptr
                0x008000ac        0x2 MCAL/URAT.o
 *(COMMON)
                0x008000ae                PROVIDE (__bss_end, .)
                0x00000e1c                __data_load_start = LOADADDR (.data)
                0x00000e52                __data_load_end = (__data_load_start + SIZEOF (.data))

.noinit         0x008000ae        0x0
                [!provide]                PROVIDE (__noinit_start, .)
 *(.noinit*)
                [!provide]                PROVIDE (__noinit_end, .)
                0x008000ae                _end = .
                [!provide]                PROVIDE (__heap_start, .)

.eeprom         0x00810000        0x0
 *(.eeprom*)
                0x00810000                __eeprom_end = .

.fuse
 *(.fuse)
 *(.lfuse)
 *(.hfuse)
 *(.efuse)

.lock
 *(.lock*)

.signature
 *(.signature*)

.user_signatures
 *(.user_signatures*)

.stab
 *(.stab)

.stabstr
 *(.stabstr)

.stab.excl
 *(.stab.excl)

.stab.exclstr
 *(.stab.exclstr)

.stab.index
 *(.stab.index)

.stab.indexstr
 *(.stab.indexstr)

.comment        0x00000000       0x30
 *(.comment)
 .comment       0x00000000       0x30 APP/Temp_Filter.o
                                 0x31 (size before relaxing)
 .comment       0x00000030       0x31 HAL/Keypad.o
 .comment       0x00000030       0x31 HAL/LCD.o
 .comment       0x00000030       0x31 HAL/Sensors.o
 .comment       0x00000030       0x31 main.o
 .comment       0x00000030       0x31 MCAL/ADC.o
 .comment       0x00000030       0x31 MCAL/DIO1.o
 .comment       0x00000030       0x31 MCAL/DIO_cfg.o
 .comment       0x00000030       0x31 MCAL/Interrupt.o
 .comment       0x00000030       0x31 MCAL/SPI.o
 .comment       0x00000030       0x31 MCAL/Timer.o
 .comment       0x00000030       0x31 MCAL/URAT.o

.note.gnu.avr.deviceinfo
                0x00000000       0x3c
 .note.gnu.avr.deviceinfo
                0x00000000       0x3c C:/Program Files (x86)/Atmel/Studio/7.0/Packs/atmel/ATmega_DFP/1.7.374/gcc/dev/atmega32/avr5/crtatmega32.o

.note.gnu.build-id
 *(.note.gnu.build-id)

.debug
 *(.debug)

.line
 *(.line)

.debug_srcinfo
 *(.debug_srcinfo)

.debug_sfnames
 *(.debug_sfnames)

.debug_aranges  0x00000000      0x490
 *(.debug_aranges)
 .debug_aranges
                0x00000000       0x30 APP/Temp_Filter.o
 .debug_aranges
                0x00000030       0x50 HAL/Keypad.o
 .debug_aranges
                0x00000080       0x88 HAL/LCD.o
 .debug_aranges
                0x00000108       0x28 HAL/Sensors.o
 .debug_aranges
                0x00000130       0x20 main.o
 .debug_aranges
                0x00000150       0x50 MCAL/ADC.o
 .debug_aranges
                0x000001a0       0x50 MCAL/DIO1.o
 .debug_aranges
                0x000001f0       0x18 MCAL/DIO_cfg.o
 .debug_aranges
                0x00000208       0x58 MCAL/Interrupt.o
 .debug_aranges
                0x00000260       0x40 MCAL/SPI.o
 .debug_aranges
                0x000002a0      0x158 MCAL/Timer.o
 .debug_aranges
                0x000003f8       0x98 MCAL/URAT.o

.debug_pubnames
 *(.debug_pubnames)

.debug_info     0x00000000     0x3750
 *(.debug_info .gnu.linkonce.wi.*)
 .debug_info    0x00000000      0x4e6 C:/Program Files (x86)/Atmel/Studio/7.0/Packs/atmel/ATmega_DFP/1.7.374/gcc/dev/atmega32/avr5/crtatmega32.o
 .debug_info    0x000004e6      0x15e APP/Temp_Filter.o
 .debug_info    0x00000644      0x496 HAL/Keypad.o
 .debug_info    0x00000ada      0xe60 HAL/LCD.o
 .debug_info    0x0000193a      0x167 HAL/Sensors.o
 .debug_info    0x00001aa1      0x531 main.o
 .debug_info    0x00001fd2      0x2da MCAL/ADC.o
 .debug_info    0x000022ac      0x3dd MCAL/DIO1.o
 .debug_info    0x00002689      0x17f MCAL/DIO_cfg.o
 .debug_info    0x00002808      0x256 MCAL/Interrupt.o
 .debug_info    0x00002a5e      0x152 MCAL/SPI.o
 .debug_info    0x00002bb0      0x847 MCAL/Timer.o
 .debug_info    0x000033f7      0x359 MCAL/URAT.o

.debug_abbrev   0x00000000     0x1361
 *(.debug_abbrev)
 .debug_abbrev  0x00000000      0x4a3 C:/Program Files (x86)/Atmel/Studio/7.0/Packs/atmel/ATmega_DFP/1.7.374/gcc/dev/atmega32/avr5/crtatmega32.o
 .debug_abbrev  0x000004a3       0xf2 APP/Temp_Filter.o
 .debug_abbrev  0x00000595      0x17c HAL/Keypad.o
 .debug_abbrev  0x00000711      0x24e HAL/LCD.o
 .debug_abbrev  0x0000095f       0xb4 HAL/Sensors.o
 .debug_abbrev  0x00000a13      0x1a6 main.o
 .debug_abbrev  0x00000bb9      0x124 MCAL/ADC.o
 .debug_abbrev  0x00000cdd      0x161 MCAL/DIO1.o
 .debug_abbrev  0x00000e3e       0x75 MCAL/DIO_cfg.o
 .debug_abbrev  0x00000eb3       0xe4 MCAL/Interrupt.o
 .debug_abbrev  0x00000f97       0xeb MCAL/SPI.o
 .debug_abbrev  0x00001082      0x140 MCAL/Timer.o
 .debug_abbrev  0x000011c2      0x19f MCAL/URAT.o

.debug_line     0x00000000     0x2007
 *(.debug_line .debug_line.* .debug_line_end)
 .debug_line    0x00000000      0x116 C:/Program Files (x86)/Atmel/Studio/7.0/Packs/atmel/ATmega_DFP/1.7.374/gcc/dev/atmega32/avr5/crtatmega32.o
 .debug_line    0x00000116       0xdb APP/Temp_Filter.o
 .debug_line    0x000001f1      0x336 HAL/Keypad.o
 .debug_line    0x00000527      0x6ce HAL/LCD.o
 .debug_line    0x00000bf5       0x8e HAL/Sensors.o
 .debug_line    0x00000c83      0x23b main.o
 .debug_line    0x00000ebe      0x1ab MCAL/ADC.o
 .debug_line    0x00001069      0x337 MCAL/DIO1.o
 .debug_line    0x000013a0       0x42 MCAL/DIO_cfg.o
 .debug_line    0x000013e2      0x23e MCAL/Interrupt.o
 .debug_line    0x00001620       0xf3 MCAL/SPI.o
 .debug_line    0x00001713      0x680 MCAL/Timer.o
 .debug_line    0x00001d93      0x274 MCAL/URAT.o

.debug_frame    0x00000000      0xc9c
 *(.debug_frame)
 .debug_frame   0x00000000       0x50 APP/Temp_Filter.o
 .debug_frame   0x00000050       0xb8 HAL/Keypad.o
 .debug_frame   0x00000108      0x1b0 HAL/LCD.o
 .debug_frame   0x000002b8       0x34 HAL/Sensors.o
 .debug_frame   0x000002ec       0x34 main.o
 .debug_frame   0x00000320       0x84 MCAL/ADC.o
 .debug_frame   0x000003a4       0x8c MCAL/DIO1.o
 .debug_frame   0x00000430      0x16c MCAL/Interrupt.o
 .debug_frame   0x0000059c       0x64 MCAL/SPI.o
 .debug_frame   0x00000600      0x4d4 MCAL/Timer.o
 .debug_frame   0x00000ad4      0x1c8 MCAL/URAT.o

.debug_str      0x00000000     0x13aa
 *(.debug_str)
 .debug_str     0x00000000      0x196 C:/Program Files (x86)/Atmel/Studio/7.0/Packs/atmel/ATmega_DFP/1.7.374/gcc/dev/atmega32/avr5/crtatmega32.o
 .debug_str     0x00000196      0x18d APP/Temp_Filter.o
                                0x1c6 (size before relaxing)
 .debug_str     0x00000323      0x189 HAL/Keypad.o
                                0x2be (size before relaxing)
 .debug_str     0x000004ac      0x137 HAL/LCD.o
                                0x36e (size before relaxing)
 .debug_str     0x000005e3       0x61 HAL/Sensors.o
                                0x1a1 (size before relaxing)
 .debug_str     0x00000644       0xe2 main.o
                                0x3d9 (size before relaxing)
 .debug_str     0x00000726       0xa0 MCAL/ADC.o
                                0x2bb (size before relaxing)
 .debug_str     0x000007c6       0xc5 MCAL/DIO1.o
                                0x2f1 (size before relaxing)
 .debug_str     0x0000088b       0x12 MCAL/DIO_cfg.o
                                0x24a (size before relaxing)
 .debug_str     0x0000089d      0x11a MCAL/Interrupt.o
                                0x24b (size before relaxing)
 .debug_str     0x000009b7       0x39 MCAL/SPI.o
                                0x1a8 (size before relaxing)
 .debug_str     0x000009f0      0x850 MCAL/Timer.o
                                0x997 (size before relaxing)
 .debug_str     0x00001240      0x16a MCAL/URAT.o
                                0x2b4 (size before relaxing)

.debug_loc      0x00000000     0x2e1c
 *(.debug_loc)
 .debug_loc     0x00000000       0xb9 APP/Temp_Filter.o
 .debug_loc     0x000000b9      0x399 HAL/Keypad.o
 .debug_loc     0x00000452      0xd6f HAL/LCD.o
 .debug_loc     0x000011c1       0x18 HAL/Sensors.o
 .debug_loc     0x000011d9      0x126 main.o
 .debug_loc     0x000012ff      0x14e MCAL/ADC.o
 .debug_loc     0x0000144d      0x7f2 MCAL/DIO1.o
 .debug_loc     0x00001c3f      0x422 MCAL/Interrupt.o
 .debug_loc     0x00002061       0x81 MCAL/SPI.o
 .debug_loc     0x000020e2      0xa02 MCAL/Timer.o
 .debug_loc     0x00002ae4      0x338 MCAL/URAT.o

.debug_macinfo
 *(.debug_macinfo)

.debug_weaknames
 *(.debug_weaknames)

.debug_funcnames
 *(.debug_funcnames)

.debug_typenames
 *(.debug_typenames)

.debug_varnames
 *(.debug_varnames)

.debug_pubtypes
 *(.debug_pubtypes)

.debug_ranges   0x00000000      0x3c8
 *(.debug_ranges)
 .debug_ranges  0x00000000       0x20 APP/Temp_Filter.o
 .debug_ranges  0x00000020       0x40 HAL/Keypad.o
 .debug_ranges  0x00000060       0x78 HAL/LCD.o
 .debug_ranges  0x000000d8       0x18 HAL/Sensors.o
 .debug_ranges  0x000000f0       0x10 main.o
 .debug_ranges  0x00000100       0x40 MCAL/ADC.o
 .debug_ranges  0x00000140       0x40 MCAL/DIO1.o
 .debug_ranges  0x00000180       0x48 MCAL/Interrupt.o
 .debug_ranges  0x000001c8       0x30 MCAL/SPI.o
 .debug_ranges  0x000001f8      0x148 MCAL/Timer.o
 .debug_ranges  0x00000340       0x88 MCAL/URAT.o

.debug_macro
 *(.debug_macro)
OUTPUT(GccApplication12.elf elf32-avr)
LOAD linker stubs
